[2022-08-14T07:47:55.125+0530][gc,heap] Heap region size: 1M
[2022-08-14T07:47:55.147+0530][gc     ] Using G1
[2022-08-14T07:47:55.147+0530][gc,heap,coops] Heap address: 0x00000000c0000000, size: 1024 MB, Compressed Oops mode: 32-bit
[2022-08-14T07:47:55.148+0530][gc,cds       ] Mark closed archive regions in map: [0x00000000fff00000, 0x00000000fff6aff8]
[2022-08-14T07:47:55.148+0530][gc,cds       ] Mark open archive regions in map: [0x00000000ffe00000, 0x00000000ffe47ff8]
[2022-08-14T07:47:56.856+0530][gc,start     ] GC(0) Pause Young (Normal) (G1 Evacuation Pause)
[2022-08-14T07:47:56.858+0530][gc,task      ] GC(0) Using 8 workers of 8 for evacuation
[2022-08-14T07:47:56.887+0530][gc,mmu       ] GC(0) MMU target violated: 21.0ms (20.0ms/21.0ms)
[2022-08-14T07:47:56.887+0530][gc,phases    ] GC(0)   Pre Evacuate Collection Set: 0.1ms
[2022-08-14T07:47:56.887+0530][gc,phases    ] GC(0)   Evacuate Collection Set: 28.8ms
[2022-08-14T07:47:56.887+0530][gc,phases    ] GC(0)   Post Evacuate Collection Set: 0.6ms
[2022-08-14T07:47:56.887+0530][gc,phases    ] GC(0)   Other: 2.1ms
[2022-08-14T07:47:56.888+0530][gc,heap      ] GC(0) Eden regions: 51->0(44)
[2022-08-14T07:47:56.888+0530][gc,heap      ] GC(0) Survivor regions: 0->7(7)
[2022-08-14T07:47:56.888+0530][gc,heap      ] GC(0) Old regions: 2->2
[2022-08-14T07:47:56.888+0530][gc,heap      ] GC(0) Humongous regions: 0->0
[2022-08-14T07:47:56.888+0530][gc,metaspace ] GC(0) Metaspace: 14928K->14928K(1062912K)
[2022-08-14T07:47:56.888+0530][gc           ] GC(0) Pause Young (Normal) (G1 Evacuation Pause) 51M->7M(1024M) 31.641ms
[2022-08-14T07:47:56.888+0530][gc,cpu       ] GC(0) User=0.13s Sys=0.01s Real=0.03s
[2022-08-14T07:47:57.634+0530][gc,start     ] GC(1) Pause Young (Concurrent Start) (Metadata GC Threshold)
[2022-08-14T07:47:57.634+0530][gc,task      ] GC(1) Using 8 workers of 8 for evacuation
[2022-08-14T07:47:57.670+0530][gc,mmu       ] GC(1) MMU target violated: 21.0ms (20.0ms/21.0ms)
[2022-08-14T07:47:57.670+0530][gc,phases    ] GC(1)   Pre Evacuate Collection Set: 0.1ms
[2022-08-14T07:47:57.670+0530][gc,phases    ] GC(1)   Evacuate Collection Set: 33.8ms
[2022-08-14T07:47:57.670+0530][gc,phases    ] GC(1)   Post Evacuate Collection Set: 1.3ms
[2022-08-14T07:47:57.670+0530][gc,phases    ] GC(1)   Other: 0.5ms
[2022-08-14T07:47:57.670+0530][gc,heap      ] GC(1) Eden regions: 28->0(49)
[2022-08-14T07:47:57.670+0530][gc,heap      ] GC(1) Survivor regions: 7->2(7)
[2022-08-14T07:47:57.670+0530][gc,heap      ] GC(1) Old regions: 2->9
[2022-08-14T07:47:57.670+0530][gc,heap      ] GC(1) Humongous regions: 0->0
[2022-08-14T07:47:57.670+0530][gc,metaspace ] GC(1) Metaspace: 20501K->20501K(1067008K)
[2022-08-14T07:47:57.670+0530][gc           ] GC(1) Pause Young (Concurrent Start) (Metadata GC Threshold) 35M->8M(1024M) 35.980ms
[2022-08-14T07:47:57.670+0530][gc,cpu       ] GC(1) User=0.18s Sys=0.01s Real=0.03s
[2022-08-14T07:47:57.670+0530][gc           ] GC(2) Concurrent Cycle
[2022-08-14T07:47:57.670+0530][gc,marking   ] GC(2) Concurrent Clear Claimed Marks
[2022-08-14T07:47:57.671+0530][gc,marking   ] GC(2) Concurrent Clear Claimed Marks 0.115ms
[2022-08-14T07:47:57.671+0530][gc,marking   ] GC(2) Concurrent Scan Root Regions
[2022-08-14T07:47:57.675+0530][gc,marking   ] GC(2) Concurrent Scan Root Regions 3.954ms
[2022-08-14T07:47:57.675+0530][gc,marking   ] GC(2) Concurrent Mark (2.573s)
[2022-08-14T07:47:57.675+0530][gc,marking   ] GC(2) Concurrent Mark From Roots
[2022-08-14T07:47:57.675+0530][gc,task      ] GC(2) Using 2 workers of 2 for marking
[2022-08-14T07:47:57.703+0530][gc,marking   ] GC(2) Concurrent Mark From Roots 28.310ms
[2022-08-14T07:47:57.703+0530][gc,marking   ] GC(2) Concurrent Preclean
[2022-08-14T07:47:57.703+0530][gc,marking   ] GC(2) Concurrent Preclean 0.252ms
[2022-08-14T07:47:57.703+0530][gc,marking   ] GC(2) Concurrent Mark (2.573s, 2.602s) 28.678ms
[2022-08-14T07:47:57.704+0530][gc,start     ] GC(2) Pause Remark
[2022-08-14T07:47:57.717+0530][gc,stringtable] GC(2) Cleaned string and symbol table, strings: 6856 processed, 0 removed, symbols: 53177 processed, 34 removed
[2022-08-14T07:47:57.718+0530][gc            ] GC(2) Pause Remark 9M->9M(1024M) 14.256ms
[2022-08-14T07:47:57.718+0530][gc,cpu        ] GC(2) User=0.05s Sys=0.01s Real=0.01s
[2022-08-14T07:47:57.720+0530][gc,marking    ] GC(2) Concurrent Rebuild Remembered Sets
[2022-08-14T07:47:57.725+0530][gc,marking    ] GC(2) Concurrent Rebuild Remembered Sets 5.196ms
[2022-08-14T07:47:57.725+0530][gc,start      ] GC(2) Pause Cleanup
[2022-08-14T07:47:57.725+0530][gc            ] GC(2) Pause Cleanup 9M->9M(1024M) 0.332ms
[2022-08-14T07:47:57.725+0530][gc,cpu        ] GC(2) User=0.00s Sys=0.00s Real=0.00s
[2022-08-14T07:47:57.725+0530][gc,marking    ] GC(2) Concurrent Cleanup for Next Mark
[2022-08-14T07:47:57.730+0530][gc,marking    ] GC(2) Concurrent Cleanup for Next Mark 5.001ms
[2022-08-14T07:47:57.730+0530][gc            ] GC(2) Concurrent Cycle 60.071ms
[2022-08-14T07:47:59.025+0530][gc,start      ] GC(3) Pause Young (Normal) (G1 Evacuation Pause)
[2022-08-14T07:47:59.025+0530][gc,task       ] GC(3) Using 8 workers of 8 for evacuation
[2022-08-14T07:47:59.043+0530][gc,phases     ] GC(3)   Pre Evacuate Collection Set: 0.0ms
[2022-08-14T07:47:59.043+0530][gc,phases     ] GC(3)   Evacuate Collection Set: 13.5ms
[2022-08-14T07:47:59.043+0530][gc,phases     ] GC(3)   Post Evacuate Collection Set: 4.1ms
[2022-08-14T07:47:59.043+0530][gc,phases     ] GC(3)   Other: 0.1ms
[2022-08-14T07:47:59.043+0530][gc,heap       ] GC(3) Eden regions: 49->0(46)
[2022-08-14T07:47:59.044+0530][gc,heap       ] GC(3) Survivor regions: 2->5(7)
[2022-08-14T07:47:59.044+0530][gc,heap       ] GC(3) Old regions: 9->9
[2022-08-14T07:47:59.044+0530][gc,heap       ] GC(3) Humongous regions: 146->146
[2022-08-14T07:47:59.044+0530][gc,metaspace  ] GC(3) Metaspace: 33612K->33612K(1079296K)
[2022-08-14T07:47:59.044+0530][gc            ] GC(3) Pause Young (Normal) (G1 Evacuation Pause) 203M->157M(1024M) 18.261ms
[2022-08-14T07:47:59.044+0530][gc,cpu        ] GC(3) User=0.12s Sys=0.00s Real=0.02s
[2022-08-14T07:47:59.168+0530][gc,start      ] GC(4) Pause Young (Concurrent Start) (Metadata GC Threshold)
[2022-08-14T07:47:59.168+0530][gc,task       ] GC(4) Using 8 workers of 8 for evacuation
[2022-08-14T07:47:59.172+0530][gc,phases     ] GC(4)   Pre Evacuate Collection Set: 0.1ms
[2022-08-14T07:47:59.172+0530][gc,phases     ] GC(4)   Evacuate Collection Set: 4.0ms
[2022-08-14T07:47:59.172+0530][gc,phases     ] GC(4)   Post Evacuate Collection Set: 0.3ms
[2022-08-14T07:47:59.172+0530][gc,phases     ] GC(4)   Other: 0.2ms
[2022-08-14T07:47:59.172+0530][gc,heap       ] GC(4) Eden regions: 6->0(47)
[2022-08-14T07:47:59.172+0530][gc,heap       ] GC(4) Survivor regions: 5->4(7)
[2022-08-14T07:47:59.173+0530][gc,heap       ] GC(4) Old regions: 9->10
[2022-08-14T07:47:59.173+0530][gc,heap       ] GC(4) Humongous regions: 146->146
[2022-08-14T07:47:59.173+0530][gc,metaspace  ] GC(4) Metaspace: 34875K->34875K(1081344K)
[2022-08-14T07:47:59.173+0530][gc            ] GC(4) Pause Young (Concurrent Start) (Metadata GC Threshold) 163M->157M(1024M) 4.627ms
[2022-08-14T07:47:59.173+0530][gc,cpu        ] GC(4) User=0.02s Sys=0.00s Real=0.01s
[2022-08-14T07:47:59.173+0530][gc            ] GC(5) Concurrent Cycle
[2022-08-14T07:47:59.173+0530][gc,marking    ] GC(5) Concurrent Clear Claimed Marks
[2022-08-14T07:47:59.173+0530][gc,marking    ] GC(5) Concurrent Clear Claimed Marks 0.033ms
[2022-08-14T07:47:59.173+0530][gc,marking    ] GC(5) Concurrent Scan Root Regions
[2022-08-14T07:47:59.174+0530][gc,marking    ] GC(5) Concurrent Scan Root Regions 1.142ms
[2022-08-14T07:47:59.174+0530][gc,marking    ] GC(5) Concurrent Mark (4.072s)
[2022-08-14T07:47:59.174+0530][gc,marking    ] GC(5) Concurrent Mark From Roots
[2022-08-14T07:47:59.174+0530][gc,task       ] GC(5) Using 2 workers of 2 for marking
[2022-08-14T07:47:59.180+0530][gc,marking    ] GC(5) Concurrent Mark From Roots 5.900ms
[2022-08-14T07:47:59.180+0530][gc,marking    ] GC(5) Concurrent Preclean
[2022-08-14T07:47:59.180+0530][gc,marking    ] GC(5) Concurrent Preclean 0.156ms
[2022-08-14T07:47:59.180+0530][gc,marking    ] GC(5) Concurrent Mark (4.072s, 4.078s) 6.122ms
[2022-08-14T07:47:59.180+0530][gc,start      ] GC(5) Pause Remark
[2022-08-14T07:47:59.187+0530][gc,stringtable] GC(5) Cleaned string and symbol table, strings: 10493 processed, 11 removed, symbols: 86521 processed, 20 removed
[2022-08-14T07:47:59.188+0530][gc            ] GC(5) Pause Remark 158M->158M(1024M) 8.173ms
[2022-08-14T07:47:59.188+0530][gc,cpu        ] GC(5) User=0.04s Sys=0.00s Real=0.00s
[2022-08-14T07:47:59.188+0530][gc,marking    ] GC(5) Concurrent Rebuild Remembered Sets
[2022-08-14T07:47:59.200+0530][gc,marking    ] GC(5) Concurrent Rebuild Remembered Sets 11.142ms
[2022-08-14T07:47:59.200+0530][gc,start      ] GC(5) Pause Cleanup
[2022-08-14T07:47:59.200+0530][gc            ] GC(5) Pause Cleanup 159M->159M(1024M) 0.338ms
[2022-08-14T07:47:59.200+0530][gc,cpu        ] GC(5) User=0.00s Sys=0.00s Real=0.00s
[2022-08-14T07:47:59.200+0530][gc,marking    ] GC(5) Concurrent Cleanup for Next Mark
[2022-08-14T07:47:59.208+0530][gc,marking    ] GC(5) Concurrent Cleanup for Next Mark 7.735ms
[2022-08-14T07:47:59.208+0530][gc            ] GC(5) Concurrent Cycle 35.513ms
[2022-08-14T07:47:59.833+0530][gc,start      ] GC(6) Pause Young (Normal) (G1 Evacuation Pause)
[2022-08-14T07:47:59.833+0530][gc,task       ] GC(6) Using 8 workers of 8 for evacuation
[2022-08-14T07:47:59.844+0530][gc,phases     ] GC(6)   Pre Evacuate Collection Set: 0.0ms
[2022-08-14T07:47:59.844+0530][gc,phases     ] GC(6)   Evacuate Collection Set: 10.5ms
[2022-08-14T07:47:59.845+0530][gc,phases     ] GC(6)   Post Evacuate Collection Set: 1.1ms
[2022-08-14T07:47:59.845+0530][gc,phases     ] GC(6)   Other: 0.1ms
[2022-08-14T07:47:59.845+0530][gc,heap       ] GC(6) Eden regions: 47->0(45)
[2022-08-14T07:47:59.845+0530][gc,heap       ] GC(6) Survivor regions: 4->6(7)
[2022-08-14T07:47:59.845+0530][gc,heap       ] GC(6) Old regions: 10->10
[2022-08-14T07:47:59.845+0530][gc,heap       ] GC(6) Humongous regions: 146->146
[2022-08-14T07:47:59.845+0530][gc,metaspace  ] GC(6) Metaspace: 39911K->39911K(1085440K)
[2022-08-14T07:47:59.845+0530][gc            ] GC(6) Pause Young (Normal) (G1 Evacuation Pause) 204M->159M(1024M) 12.275ms
[2022-08-14T07:47:59.845+0530][gc,cpu        ] GC(6) User=0.09s Sys=0.01s Real=0.01s
[2022-08-14T07:48:00.605+0530][gc,start      ] GC(7) Pause Young (Normal) (G1 Evacuation Pause)
[2022-08-14T07:48:00.605+0530][gc,task       ] GC(7) Using 8 workers of 8 for evacuation
[2022-08-14T07:48:00.620+0530][gc,phases     ] GC(7)   Pre Evacuate Collection Set: 0.1ms
[2022-08-14T07:48:00.620+0530][gc,phases     ] GC(7)   Evacuate Collection Set: 12.8ms
[2022-08-14T07:48:00.620+0530][gc,phases     ] GC(7)   Post Evacuate Collection Set: 1.1ms
[2022-08-14T07:48:00.620+0530][gc,phases     ] GC(7)   Other: 0.4ms
[2022-08-14T07:48:00.620+0530][gc,heap       ] GC(7) Eden regions: 45->0(47)
[2022-08-14T07:48:00.620+0530][gc,heap       ] GC(7) Survivor regions: 6->4(7)
[2022-08-14T07:48:00.620+0530][gc,heap       ] GC(7) Old regions: 10->13
[2022-08-14T07:48:00.620+0530][gc,heap       ] GC(7) Humongous regions: 146->146
[2022-08-14T07:48:00.620+0530][gc,metaspace  ] GC(7) Metaspace: 40931K->40931K(1085440K)
[2022-08-14T07:48:00.620+0530][gc            ] GC(7) Pause Young (Normal) (G1 Evacuation Pause) 204M->160M(1024M) 14.696ms
[2022-08-14T07:48:00.620+0530][gc,cpu        ] GC(7) User=0.09s Sys=0.00s Real=0.02s
[2022-08-14T07:48:01.651+0530][gc,start      ] GC(8) Pause Young (Normal) (G1 Evacuation Pause)
[2022-08-14T07:48:01.651+0530][gc,task       ] GC(8) Using 8 workers of 8 for evacuation
[2022-08-14T07:48:01.658+0530][gc,phases     ] GC(8)   Pre Evacuate Collection Set: 0.0ms
[2022-08-14T07:48:01.658+0530][gc,phases     ] GC(8)   Evacuate Collection Set: 6.6ms
[2022-08-14T07:48:01.658+0530][gc,phases     ] GC(8)   Post Evacuate Collection Set: 0.6ms
[2022-08-14T07:48:01.658+0530][gc,phases     ] GC(8)   Other: 0.3ms
[2022-08-14T07:48:01.658+0530][gc,heap       ] GC(8) Eden regions: 47->0(45)
[2022-08-14T07:48:01.658+0530][gc,heap       ] GC(8) Survivor regions: 4->6(7)
[2022-08-14T07:48:01.658+0530][gc,heap       ] GC(8) Old regions: 13->13
[2022-08-14T07:48:01.658+0530][gc,heap       ] GC(8) Humongous regions: 163->163
[2022-08-14T07:48:01.658+0530][gc,metaspace  ] GC(8) Metaspace: 46409K->46409K(1091584K)
[2022-08-14T07:48:01.658+0530][gc            ] GC(8) Pause Young (Normal) (G1 Evacuation Pause) 224M->179M(1024M) 7.631ms
[2022-08-14T07:48:01.658+0530][gc,cpu        ] GC(8) User=0.06s Sys=0.00s Real=0.01s
[2022-08-14T08:09:24.939+0530][gc,start      ] GC(9) Pause Young (Normal) (G1 Evacuation Pause)
[2022-08-14T08:09:24.939+0530][gc,task       ] GC(9) Using 8 workers of 8 for evacuation
[2022-08-14T08:09:24.947+0530][gc,phases     ] GC(9)   Pre Evacuate Collection Set: 0.0ms
[2022-08-14T08:09:24.947+0530][gc,phases     ] GC(9)   Evacuate Collection Set: 7.4ms
[2022-08-14T08:09:24.947+0530][gc,phases     ] GC(9)   Post Evacuate Collection Set: 0.6ms
[2022-08-14T08:09:24.947+0530][gc,phases     ] GC(9)   Other: 0.4ms
[2022-08-14T08:09:24.947+0530][gc,heap       ] GC(9) Eden regions: 45->0(47)
[2022-08-14T08:09:24.947+0530][gc,heap       ] GC(9) Survivor regions: 6->4(7)
[2022-08-14T08:09:24.947+0530][gc,heap       ] GC(9) Old regions: 13->15
[2022-08-14T08:09:24.947+0530][gc,heap       ] GC(9) Humongous regions: 163->163
[2022-08-14T08:09:24.947+0530][gc,metaspace  ] GC(9) Metaspace: 48992K->48992K(1093632K)
[2022-08-14T08:09:24.948+0530][gc            ] GC(9) Pause Young (Normal) (G1 Evacuation Pause) 224M->179M(1024M) 8.495ms
[2022-08-14T08:09:24.948+0530][gc,cpu        ] GC(9) User=0.05s Sys=0.01s Real=0.01s
[2022-08-14T08:33:22.791+0530][gc,start      ] GC(10) Pause Young (Normal) (G1 Evacuation Pause)
[2022-08-14T08:33:22.791+0530][gc,task       ] GC(10) Using 8 workers of 8 for evacuation
[2022-08-14T08:33:22.793+0530][gc,phases     ] GC(10)   Pre Evacuate Collection Set: 0.0ms
[2022-08-14T08:33:22.794+0530][gc,phases     ] GC(10)   Evacuate Collection Set: 1.5ms
[2022-08-14T08:33:22.794+0530][gc,phases     ] GC(10)   Post Evacuate Collection Set: 0.6ms
[2022-08-14T08:33:22.794+0530][gc,phases     ] GC(10)   Other: 0.1ms
[2022-08-14T08:33:22.794+0530][gc,heap       ] GC(10) Eden regions: 47->0(48)
[2022-08-14T08:33:22.794+0530][gc,heap       ] GC(10) Survivor regions: 4->3(7)
[2022-08-14T08:33:22.794+0530][gc,heap       ] GC(10) Old regions: 15->15
[2022-08-14T08:33:22.794+0530][gc,heap       ] GC(10) Humongous regions: 163->163
[2022-08-14T08:33:22.794+0530][gc,metaspace  ] GC(10) Metaspace: 49427K->49427K(1093632K)
[2022-08-14T08:33:22.794+0530][gc            ] GC(10) Pause Young (Normal) (G1 Evacuation Pause) 226M->179M(1024M) 2.318ms
[2022-08-14T08:33:22.794+0530][gc,cpu        ] GC(10) User=0.02s Sys=0.00s Real=0.01s
[2022-08-14T08:33:22.878+0530][gc,heap,exit  ] Heap
[2022-08-14T08:33:22.878+0530][gc,heap,exit  ]  garbage-first heap   total 1048576K, used 191018K [0x00000000c0000000, 0x0000000100000000)
[2022-08-14T08:33:22.878+0530][gc,heap,exit  ]   region size 1024K, 11 young (11264K), 3 survivors (3072K)
[2022-08-14T08:33:22.878+0530][gc,heap,exit  ]  Metaspace       used 50001K, capacity 51959K, committed 52096K, reserved 1093632K
[2022-08-14T08:33:22.878+0530][gc,heap,exit  ]   class space    used 6044K, capacity 6957K, committed 7040K, reserved 1048576K
