[2022-08-08T13:22:58.528+0530][gc,heap] Heap region size: 1M
[2022-08-08T13:22:58.534+0530][gc     ] Using G1
[2022-08-08T13:22:58.535+0530][gc,heap,coops] Heap address: 0x00000000c0000000, size: 1024 MB, Compressed Oops mode: 32-bit
[2022-08-08T13:22:58.535+0530][gc,cds       ] Mark closed archive regions in map: [0x00000000fff00000, 0x00000000fff6aff8]
[2022-08-08T13:22:58.535+0530][gc,cds       ] Mark open archive regions in map: [0x00000000ffe00000, 0x00000000ffe47ff8]
[2022-08-08T13:22:59.182+0530][gc,start     ] GC(0) Pause Young (Normal) (G1 Evacuation Pause)
[2022-08-08T13:22:59.183+0530][gc,task      ] GC(0) Using 8 workers of 8 for evacuation
[2022-08-08T13:22:59.194+0530][gc,phases    ] GC(0)   Pre Evacuate Collection Set: 0.0ms
[2022-08-08T13:22:59.194+0530][gc,phases    ] GC(0)   Evacuate Collection Set: 10.2ms
[2022-08-08T13:22:59.194+0530][gc,phases    ] GC(0)   Post Evacuate Collection Set: 0.4ms
[2022-08-08T13:22:59.194+0530][gc,phases    ] GC(0)   Other: 1.0ms
[2022-08-08T13:22:59.194+0530][gc,heap      ] GC(0) Eden regions: 51->0(44)
[2022-08-08T13:22:59.194+0530][gc,heap      ] GC(0) Survivor regions: 0->7(7)
[2022-08-08T13:22:59.194+0530][gc,heap      ] GC(0) Old regions: 2->2
[2022-08-08T13:22:59.194+0530][gc,heap      ] GC(0) Humongous regions: 0->0
[2022-08-08T13:22:59.194+0530][gc,metaspace ] GC(0) Metaspace: 14825K->14825K(1062912K)
[2022-08-08T13:22:59.194+0530][gc           ] GC(0) Pause Young (Normal) (G1 Evacuation Pause) 51M->7M(1024M) 11.704ms
[2022-08-08T13:22:59.194+0530][gc,cpu       ] GC(0) User=0.08s Sys=0.00s Real=0.01s
[2022-08-08T13:22:59.522+0530][gc,start     ] GC(1) Pause Young (Concurrent Start) (Metadata GC Threshold)
[2022-08-08T13:22:59.522+0530][gc,task      ] GC(1) Using 8 workers of 8 for evacuation
[2022-08-08T13:22:59.531+0530][gc,phases    ] GC(1)   Pre Evacuate Collection Set: 0.0ms
[2022-08-08T13:22:59.531+0530][gc,phases    ] GC(1)   Evacuate Collection Set: 8.5ms
[2022-08-08T13:22:59.531+0530][gc,phases    ] GC(1)   Post Evacuate Collection Set: 0.4ms
[2022-08-08T13:22:59.531+0530][gc,phases    ] GC(1)   Other: 0.2ms
[2022-08-08T13:22:59.531+0530][gc,heap      ] GC(1) Eden regions: 27->0(49)
[2022-08-08T13:22:59.531+0530][gc,heap      ] GC(1) Survivor regions: 7->2(7)
[2022-08-08T13:22:59.531+0530][gc,heap      ] GC(1) Old regions: 2->9
[2022-08-08T13:22:59.531+0530][gc,heap      ] GC(1) Humongous regions: 0->0
[2022-08-08T13:22:59.531+0530][gc,metaspace ] GC(1) Metaspace: 20610K->20610K(1067008K)
[2022-08-08T13:22:59.531+0530][gc           ] GC(1) Pause Young (Concurrent Start) (Metadata GC Threshold) 33M->8M(1024M) 9.271ms
[2022-08-08T13:22:59.531+0530][gc,cpu       ] GC(1) User=0.04s Sys=0.01s Real=0.01s
[2022-08-08T13:22:59.531+0530][gc           ] GC(2) Concurrent Cycle
[2022-08-08T13:22:59.531+0530][gc,marking   ] GC(2) Concurrent Clear Claimed Marks
[2022-08-08T13:22:59.531+0530][gc,marking   ] GC(2) Concurrent Clear Claimed Marks 0.035ms
[2022-08-08T13:22:59.531+0530][gc,marking   ] GC(2) Concurrent Scan Root Regions
[2022-08-08T13:22:59.532+0530][gc,marking   ] GC(2) Concurrent Scan Root Regions 0.774ms
[2022-08-08T13:22:59.532+0530][gc,marking   ] GC(2) Concurrent Mark (1.023s)
[2022-08-08T13:22:59.532+0530][gc,marking   ] GC(2) Concurrent Mark From Roots
[2022-08-08T13:22:59.532+0530][gc,task      ] GC(2) Using 2 workers of 2 for marking
[2022-08-08T13:22:59.538+0530][gc,marking   ] GC(2) Concurrent Mark From Roots 5.394ms
[2022-08-08T13:22:59.538+0530][gc,marking   ] GC(2) Concurrent Preclean
[2022-08-08T13:22:59.538+0530][gc,marking   ] GC(2) Concurrent Preclean 0.118ms
[2022-08-08T13:22:59.538+0530][gc,marking   ] GC(2) Concurrent Mark (1.023s, 1.029s) 5.567ms
[2022-08-08T13:22:59.538+0530][gc,start     ] GC(2) Pause Remark
[2022-08-08T13:22:59.541+0530][gc,stringtable] GC(2) Cleaned string and symbol table, strings: 7493 processed, 0 removed, symbols: 53044 processed, 33 removed
[2022-08-08T13:22:59.541+0530][gc            ] GC(2) Pause Remark 9M->9M(1024M) 3.321ms
[2022-08-08T13:22:59.541+0530][gc,cpu        ] GC(2) User=0.03s Sys=0.00s Real=0.00s
[2022-08-08T13:22:59.541+0530][gc,marking    ] GC(2) Concurrent Rebuild Remembered Sets
[2022-08-08T13:22:59.544+0530][gc,marking    ] GC(2) Concurrent Rebuild Remembered Sets 2.582ms
[2022-08-08T13:22:59.544+0530][gc,start      ] GC(2) Pause Cleanup
[2022-08-08T13:22:59.544+0530][gc            ] GC(2) Pause Cleanup 9M->9M(1024M) 0.174ms
[2022-08-08T13:22:59.544+0530][gc,cpu        ] GC(2) User=0.00s Sys=0.00s Real=0.00s
[2022-08-08T13:22:59.544+0530][gc,marking    ] GC(2) Concurrent Cleanup for Next Mark
[2022-08-08T13:22:59.548+0530][gc,marking    ] GC(2) Concurrent Cleanup for Next Mark 3.924ms
[2022-08-08T13:22:59.548+0530][gc            ] GC(2) Concurrent Cycle 16.831ms
[2022-08-08T13:23:00.245+0530][gc,start      ] GC(3) Pause Young (Normal) (G1 Evacuation Pause)
[2022-08-08T13:23:00.245+0530][gc,task       ] GC(3) Using 8 workers of 8 for evacuation
[2022-08-08T13:23:00.258+0530][gc,phases     ] GC(3)   Pre Evacuate Collection Set: 0.0ms
[2022-08-08T13:23:00.258+0530][gc,phases     ] GC(3)   Evacuate Collection Set: 3.7ms
[2022-08-08T13:23:00.258+0530][gc,phases     ] GC(3)   Post Evacuate Collection Set: 9.2ms
[2022-08-08T13:23:00.258+0530][gc,phases     ] GC(3)   Other: 0.1ms
[2022-08-08T13:23:00.258+0530][gc,heap       ] GC(3) Eden regions: 49->0(46)
[2022-08-08T13:23:00.258+0530][gc,heap       ] GC(3) Survivor regions: 2->5(7)
[2022-08-08T13:23:00.258+0530][gc,heap       ] GC(3) Old regions: 9->9
[2022-08-08T13:23:00.258+0530][gc,heap       ] GC(3) Humongous regions: 146->146
[2022-08-08T13:23:00.258+0530][gc,metaspace  ] GC(3) Metaspace: 33245K->33245K(1079296K)
[2022-08-08T13:23:00.258+0530][gc            ] GC(3) Pause Young (Normal) (G1 Evacuation Pause) 203M->157M(1024M) 13.146ms
[2022-08-08T13:23:00.258+0530][gc,cpu        ] GC(3) User=0.07s Sys=0.00s Real=0.01s
[2022-08-08T13:23:00.302+0530][gc,start      ] GC(4) Pause Young (Concurrent Start) (Metadata GC Threshold)
[2022-08-08T13:23:00.302+0530][gc,task       ] GC(4) Using 8 workers of 8 for evacuation
[2022-08-08T13:23:00.305+0530][gc,phases     ] GC(4)   Pre Evacuate Collection Set: 0.1ms
[2022-08-08T13:23:00.305+0530][gc,phases     ] GC(4)   Evacuate Collection Set: 2.6ms
[2022-08-08T13:23:00.305+0530][gc,phases     ] GC(4)   Post Evacuate Collection Set: 0.3ms
[2022-08-08T13:23:00.305+0530][gc,phases     ] GC(4)   Other: 0.1ms
[2022-08-08T13:23:00.305+0530][gc,heap       ] GC(4) Eden regions: 7->0(47)
[2022-08-08T13:23:00.305+0530][gc,heap       ] GC(4) Survivor regions: 5->4(7)
[2022-08-08T13:23:00.305+0530][gc,heap       ] GC(4) Old regions: 9->10
[2022-08-08T13:23:00.305+0530][gc,heap       ] GC(4) Humongous regions: 146->146
[2022-08-08T13:23:00.305+0530][gc,metaspace  ] GC(4) Metaspace: 34756K->34756K(1081344K)
[2022-08-08T13:23:00.305+0530][gc            ] GC(4) Pause Young (Concurrent Start) (Metadata GC Threshold) 164M->157M(1024M) 3.077ms
[2022-08-08T13:23:00.305+0530][gc,cpu        ] GC(4) User=0.02s Sys=0.00s Real=0.01s
[2022-08-08T13:23:00.305+0530][gc            ] GC(5) Concurrent Cycle
[2022-08-08T13:23:00.305+0530][gc,marking    ] GC(5) Concurrent Clear Claimed Marks
[2022-08-08T13:23:00.305+0530][gc,marking    ] GC(5) Concurrent Clear Claimed Marks 0.023ms
[2022-08-08T13:23:00.305+0530][gc,marking    ] GC(5) Concurrent Scan Root Regions
[2022-08-08T13:23:00.306+0530][gc,marking    ] GC(5) Concurrent Scan Root Regions 1.078ms
[2022-08-08T13:23:00.306+0530][gc,marking    ] GC(5) Concurrent Mark (1.798s)
[2022-08-08T13:23:00.306+0530][gc,marking    ] GC(5) Concurrent Mark From Roots
[2022-08-08T13:23:00.306+0530][gc,task       ] GC(5) Using 2 workers of 2 for marking
[2022-08-08T13:23:00.314+0530][gc,marking    ] GC(5) Concurrent Mark From Roots 7.466ms
[2022-08-08T13:23:00.314+0530][gc,marking    ] GC(5) Concurrent Preclean
[2022-08-08T13:23:00.314+0530][gc,marking    ] GC(5) Concurrent Preclean 0.084ms
[2022-08-08T13:23:00.314+0530][gc,marking    ] GC(5) Concurrent Mark (1.798s, 1.805s) 7.592ms
[2022-08-08T13:23:00.314+0530][gc,start      ] GC(5) Pause Remark
[2022-08-08T13:23:00.320+0530][gc,stringtable] GC(5) Cleaned string and symbol table, strings: 10839 processed, 11 removed, symbols: 84361 processed, 20 removed
[2022-08-08T13:23:00.321+0530][gc            ] GC(5) Pause Remark 159M->159M(1024M) 6.608ms
[2022-08-08T13:23:00.321+0530][gc,cpu        ] GC(5) User=0.04s Sys=0.00s Real=0.01s
[2022-08-08T13:23:00.321+0530][gc,marking    ] GC(5) Concurrent Rebuild Remembered Sets
[2022-08-08T13:23:00.323+0530][gc,marking    ] GC(5) Concurrent Rebuild Remembered Sets 2.600ms
[2022-08-08T13:23:00.323+0530][gc,start      ] GC(5) Pause Cleanup
[2022-08-08T13:23:00.324+0530][gc            ] GC(5) Pause Cleanup 159M->159M(1024M) 0.176ms
[2022-08-08T13:23:00.324+0530][gc,cpu        ] GC(5) User=0.00s Sys=0.00s Real=0.00s
[2022-08-08T13:23:00.324+0530][gc,marking    ] GC(5) Concurrent Cleanup for Next Mark
[2022-08-08T13:23:00.327+0530][gc,marking    ] GC(5) Concurrent Cleanup for Next Mark 2.853ms
[2022-08-08T13:23:00.327+0530][gc            ] GC(5) Concurrent Cycle 21.409ms
[2022-08-08T13:23:00.825+0530][gc,start      ] GC(6) Pause Young (Concurrent Start) (G1 Evacuation Pause)
[2022-08-08T13:23:00.825+0530][gc,task       ] GC(6) Using 8 workers of 8 for evacuation
[2022-08-08T13:23:00.832+0530][gc,phases     ] GC(6)   Pre Evacuate Collection Set: 0.1ms
[2022-08-08T13:23:00.832+0530][gc,phases     ] GC(6)   Evacuate Collection Set: 5.6ms
[2022-08-08T13:23:00.832+0530][gc,phases     ] GC(6)   Post Evacuate Collection Set: 0.4ms
[2022-08-08T13:23:00.832+0530][gc,phases     ] GC(6)   Other: 0.2ms
[2022-08-08T13:23:00.832+0530][gc,heap       ] GC(6) Eden regions: 47->0(46)
[2022-08-08T13:23:00.832+0530][gc,heap       ] GC(6) Survivor regions: 4->5(7)
[2022-08-08T13:23:00.832+0530][gc,heap       ] GC(6) Old regions: 10->10
[2022-08-08T13:23:00.832+0530][gc,heap       ] GC(6) Humongous regions: 146->146
[2022-08-08T13:23:00.832+0530][gc,metaspace  ] GC(6) Metaspace: 38048K->38048K(1083392K)
[2022-08-08T13:23:00.832+0530][gc            ] GC(6) Pause Young (Concurrent Start) (G1 Evacuation Pause) 204M->159M(1024M) 6.338ms
[2022-08-08T13:23:00.832+0530][gc,cpu        ] GC(6) User=0.03s Sys=0.00s Real=0.00s
[2022-08-08T13:23:00.832+0530][gc            ] GC(7) Concurrent Cycle
[2022-08-08T13:23:00.832+0530][gc,marking    ] GC(7) Concurrent Clear Claimed Marks
[2022-08-08T13:23:00.832+0530][gc,marking    ] GC(7) Concurrent Clear Claimed Marks 0.052ms
[2022-08-08T13:23:00.832+0530][gc,marking    ] GC(7) Concurrent Scan Root Regions
[2022-08-08T13:23:00.833+0530][gc,marking    ] GC(7) Concurrent Scan Root Regions 1.439ms
[2022-08-08T13:23:00.833+0530][gc,marking    ] GC(7) Concurrent Mark (2.325s)
[2022-08-08T13:23:00.833+0530][gc,marking    ] GC(7) Concurrent Mark From Roots
[2022-08-08T13:23:00.833+0530][gc,task       ] GC(7) Using 2 workers of 2 for marking
[2022-08-08T13:23:00.838+0530][gc,marking    ] GC(7) Concurrent Mark From Roots 5.127ms
[2022-08-08T13:23:00.838+0530][gc,marking    ] GC(7) Concurrent Preclean
[2022-08-08T13:23:00.839+0530][gc,marking    ] GC(7) Concurrent Preclean 0.118ms
[2022-08-08T13:23:00.839+0530][gc,marking    ] GC(7) Concurrent Mark (2.325s, 2.330s) 5.306ms
[2022-08-08T13:23:00.839+0530][gc,start      ] GC(7) Pause Remark
[2022-08-08T13:23:00.841+0530][gc,stringtable] GC(7) Cleaned string and symbol table, strings: 12289 processed, 3 removed, symbols: 89772 processed, 7 removed
[2022-08-08T13:23:00.841+0530][gc            ] GC(7) Pause Remark 160M->160M(1024M) 2.791ms
[2022-08-08T13:23:00.841+0530][gc,cpu        ] GC(7) User=0.01s Sys=0.00s Real=0.00s
[2022-08-08T13:23:00.841+0530][gc,marking    ] GC(7) Concurrent Rebuild Remembered Sets
[2022-08-08T13:23:00.845+0530][gc,marking    ] GC(7) Concurrent Rebuild Remembered Sets 3.569ms
[2022-08-08T13:23:00.845+0530][gc,start      ] GC(7) Pause Cleanup
[2022-08-08T13:23:00.845+0530][gc            ] GC(7) Pause Cleanup 161M->161M(1024M) 0.141ms
[2022-08-08T13:23:00.845+0530][gc,cpu        ] GC(7) User=0.00s Sys=0.00s Real=0.00s
[2022-08-08T13:23:00.845+0530][gc,marking    ] GC(7) Concurrent Cleanup for Next Mark
[2022-08-08T13:23:00.846+0530][gc,marking    ] GC(7) Concurrent Cleanup for Next Mark 0.720ms
[2022-08-08T13:23:00.846+0530][gc            ] GC(7) Concurrent Cycle 14.344ms
[2022-08-08T13:23:01.208+0530][gc,start      ] GC(8) Pause Young (Normal) (G1 Evacuation Pause)
[2022-08-08T13:23:01.208+0530][gc,task       ] GC(8) Using 8 workers of 8 for evacuation
[2022-08-08T13:23:01.212+0530][gc,phases     ] GC(8)   Pre Evacuate Collection Set: 0.0ms
[2022-08-08T13:23:01.212+0530][gc,phases     ] GC(8)   Evacuate Collection Set: 3.3ms
[2022-08-08T13:23:01.212+0530][gc,phases     ] GC(8)   Post Evacuate Collection Set: 0.3ms
[2022-08-08T13:23:01.212+0530][gc,phases     ] GC(8)   Other: 0.1ms
[2022-08-08T13:23:01.212+0530][gc,heap       ] GC(8) Eden regions: 46->0(47)
[2022-08-08T13:23:01.212+0530][gc,heap       ] GC(8) Survivor regions: 5->4(7)
[2022-08-08T13:23:01.212+0530][gc,heap       ] GC(8) Old regions: 10->13
[2022-08-08T13:23:01.212+0530][gc,heap       ] GC(8) Humongous regions: 146->146
[2022-08-08T13:23:01.212+0530][gc,metaspace  ] GC(8) Metaspace: 40537K->40537K(1085440K)
[2022-08-08T13:23:01.212+0530][gc            ] GC(8) Pause Young (Normal) (G1 Evacuation Pause) 205M->160M(1024M) 3.843ms
[2022-08-08T13:23:01.212+0530][gc,cpu        ] GC(8) User=0.03s Sys=0.00s Real=0.00s
[2022-08-08T13:59:15.315+0530][gc,start      ] GC(9) Pause Young (Normal) (G1 Evacuation Pause)
[2022-08-08T13:59:15.315+0530][gc,task       ] GC(9) Using 8 workers of 8 for evacuation
[2022-08-08T13:59:15.322+0530][gc,phases     ] GC(9)   Pre Evacuate Collection Set: 0.5ms
[2022-08-08T13:59:15.322+0530][gc,phases     ] GC(9)   Evacuate Collection Set: 6.1ms
[2022-08-08T13:59:15.322+0530][gc,phases     ] GC(9)   Post Evacuate Collection Set: 0.5ms
[2022-08-08T13:59:15.322+0530][gc,phases     ] GC(9)   Other: 0.4ms
[2022-08-08T13:59:15.322+0530][gc,heap       ] GC(9) Eden regions: 47->0(46)
[2022-08-08T13:59:15.322+0530][gc,heap       ] GC(9) Survivor regions: 4->5(7)
[2022-08-08T13:59:15.322+0530][gc,heap       ] GC(9) Old regions: 13->13
[2022-08-08T13:59:15.322+0530][gc,heap       ] GC(9) Humongous regions: 146->146
[2022-08-08T13:59:15.322+0530][gc,metaspace  ] GC(9) Metaspace: 45586K->45586K(1091584K)
[2022-08-08T13:59:15.322+0530][gc            ] GC(9) Pause Young (Normal) (G1 Evacuation Pause) 207M->161M(1024M) 7.511ms
[2022-08-08T13:59:15.322+0530][gc,cpu        ] GC(9) User=0.05s Sys=0.00s Real=0.01s
[2022-08-08T14:22:36.004+0530][gc,start      ] GC(10) Pause Young (Normal) (G1 Evacuation Pause)
[2022-08-08T14:22:36.005+0530][gc,task       ] GC(10) Using 8 workers of 8 for evacuation
[2022-08-08T14:22:36.008+0530][gc,phases     ] GC(10)   Pre Evacuate Collection Set: 0.0ms
[2022-08-08T14:22:36.008+0530][gc,phases     ] GC(10)   Evacuate Collection Set: 2.7ms
[2022-08-08T14:22:36.008+0530][gc,phases     ] GC(10)   Post Evacuate Collection Set: 0.9ms
[2022-08-08T14:22:36.008+0530][gc,phases     ] GC(10)   Other: 0.2ms
[2022-08-08T14:22:36.008+0530][gc,heap       ] GC(10) Eden regions: 46->0(51)
[2022-08-08T14:22:36.008+0530][gc,heap       ] GC(10) Survivor regions: 5->3(7)
[2022-08-08T14:22:36.008+0530][gc,heap       ] GC(10) Old regions: 13->15
[2022-08-08T14:22:36.008+0530][gc,heap       ] GC(10) Humongous regions: 146->146
[2022-08-08T14:22:36.008+0530][gc,metaspace  ] GC(10) Metaspace: 45908K->45908K(1091584K)
[2022-08-08T14:22:36.008+0530][gc            ] GC(10) Pause Young (Normal) (G1 Evacuation Pause) 207M->161M(1024M) 3.902ms
[2022-08-08T14:22:36.008+0530][gc,cpu        ] GC(10) User=0.02s Sys=0.00s Real=0.00s
[2022-08-08T14:22:46.494+0530][gc,start      ] GC(11) Pause Young (Normal) (G1 Evacuation Pause)
[2022-08-08T14:22:46.494+0530][gc,task       ] GC(11) Using 8 workers of 8 for evacuation
[2022-08-08T14:22:46.497+0530][gc,phases     ] GC(11)   Pre Evacuate Collection Set: 0.0ms
[2022-08-08T14:22:46.497+0530][gc,phases     ] GC(11)   Evacuate Collection Set: 1.9ms
[2022-08-08T14:22:46.497+0530][gc,phases     ] GC(11)   Post Evacuate Collection Set: 0.9ms
[2022-08-08T14:22:46.497+0530][gc,phases     ] GC(11)   Other: 0.1ms
[2022-08-08T14:22:46.497+0530][gc,heap       ] GC(11) Eden regions: 51->0(61)
[2022-08-08T14:22:46.497+0530][gc,heap       ] GC(11) Survivor regions: 3->3(7)
[2022-08-08T14:22:46.497+0530][gc,heap       ] GC(11) Old regions: 15->15
[2022-08-08T14:22:46.497+0530][gc,heap       ] GC(11) Humongous regions: 146->146
[2022-08-08T14:22:46.497+0530][gc,metaspace  ] GC(11) Metaspace: 45945K->45945K(1091584K)
[2022-08-08T14:22:46.497+0530][gc            ] GC(11) Pause Young (Normal) (G1 Evacuation Pause) 212M->161M(1024M) 3.015ms
[2022-08-08T14:22:46.497+0530][gc,cpu        ] GC(11) User=0.02s Sys=0.00s Real=0.01s
[2022-08-08T14:22:57.870+0530][gc,start      ] GC(12) Pause Young (Normal) (G1 Evacuation Pause)
[2022-08-08T14:22:57.870+0530][gc,task       ] GC(12) Using 8 workers of 8 for evacuation
[2022-08-08T14:22:57.872+0530][gc,phases     ] GC(12)   Pre Evacuate Collection Set: 0.0ms
[2022-08-08T14:22:57.872+0530][gc,phases     ] GC(12)   Evacuate Collection Set: 1.3ms
[2022-08-08T14:22:57.872+0530][gc,phases     ] GC(12)   Post Evacuate Collection Set: 0.4ms
[2022-08-08T14:22:57.872+0530][gc,phases     ] GC(12)   Other: 0.1ms
[2022-08-08T14:22:57.872+0530][gc,heap       ] GC(12) Eden regions: 61->0(77)
[2022-08-08T14:22:57.872+0530][gc,heap       ] GC(12) Survivor regions: 3->3(8)
[2022-08-08T14:22:57.872+0530][gc,heap       ] GC(12) Old regions: 15->15
[2022-08-08T14:22:57.872+0530][gc,heap       ] GC(12) Humongous regions: 146->146
[2022-08-08T14:22:57.872+0530][gc,metaspace  ] GC(12) Metaspace: 45972K->45972K(1091584K)
[2022-08-08T14:22:57.872+0530][gc            ] GC(12) Pause Young (Normal) (G1 Evacuation Pause) 222M->161M(1024M) 1.929ms
[2022-08-08T14:22:57.872+0530][gc,cpu        ] GC(12) User=0.02s Sys=0.00s Real=0.00s
[2022-08-08T14:23:12.042+0530][gc,start      ] GC(13) Pause Young (Normal) (G1 Evacuation Pause)
[2022-08-08T14:23:12.042+0530][gc,task       ] GC(13) Using 8 workers of 8 for evacuation
[2022-08-08T14:23:12.044+0530][gc,phases     ] GC(13)   Pre Evacuate Collection Set: 0.0ms
[2022-08-08T14:23:12.044+0530][gc,phases     ] GC(13)   Evacuate Collection Set: 1.5ms
[2022-08-08T14:23:12.044+0530][gc,phases     ] GC(13)   Post Evacuate Collection Set: 0.5ms
[2022-08-08T14:23:12.044+0530][gc,phases     ] GC(13)   Other: 0.1ms
[2022-08-08T14:23:12.044+0530][gc,heap       ] GC(13) Eden regions: 77->0(103)
[2022-08-08T14:23:12.044+0530][gc,heap       ] GC(13) Survivor regions: 3->3(10)
[2022-08-08T14:23:12.044+0530][gc,heap       ] GC(13) Old regions: 15->15
[2022-08-08T14:23:12.044+0530][gc,heap       ] GC(13) Humongous regions: 146->146
[2022-08-08T14:23:12.044+0530][gc,metaspace  ] GC(13) Metaspace: 46017K->46017K(1091584K)
[2022-08-08T14:23:12.044+0530][gc            ] GC(13) Pause Young (Normal) (G1 Evacuation Pause) 238M->161M(1024M) 2.161ms
[2022-08-08T14:23:12.044+0530][gc,cpu        ] GC(13) User=0.01s Sys=0.00s Real=0.01s
[2022-08-08T14:23:31.353+0530][gc,start      ] GC(14) Pause Young (Normal) (G1 Evacuation Pause)
[2022-08-08T14:23:31.353+0530][gc,task       ] GC(14) Using 8 workers of 8 for evacuation
[2022-08-08T14:23:31.357+0530][gc,phases     ] GC(14)   Pre Evacuate Collection Set: 0.0ms
[2022-08-08T14:23:31.357+0530][gc,phases     ] GC(14)   Evacuate Collection Set: 2.1ms
[2022-08-08T14:23:31.357+0530][gc,phases     ] GC(14)   Post Evacuate Collection Set: 1.2ms
[2022-08-08T14:23:31.357+0530][gc,phases     ] GC(14)   Other: 0.2ms
[2022-08-08T14:23:31.357+0530][gc,heap       ] GC(14) Eden regions: 103->0(137)
[2022-08-08T14:23:31.357+0530][gc,heap       ] GC(14) Survivor regions: 3->3(14)
[2022-08-08T14:23:31.357+0530][gc,heap       ] GC(14) Old regions: 15->15
[2022-08-08T14:23:31.357+0530][gc,heap       ] GC(14) Humongous regions: 146->146
[2022-08-08T14:23:31.357+0530][gc,metaspace  ] GC(14) Metaspace: 46053K->46053K(1091584K)
[2022-08-08T14:23:31.357+0530][gc            ] GC(14) Pause Young (Normal) (G1 Evacuation Pause) 264M->161M(1024M) 3.540ms
[2022-08-08T14:23:31.357+0530][gc,cpu        ] GC(14) User=0.02s Sys=0.00s Real=0.01s
[2022-08-08T14:23:53.281+0530][gc,start      ] GC(15) Pause Young (Normal) (G1 Evacuation Pause)
[2022-08-08T14:23:53.281+0530][gc,task       ] GC(15) Using 8 workers of 8 for evacuation
[2022-08-08T14:23:53.284+0530][gc,phases     ] GC(15)   Pre Evacuate Collection Set: 0.0ms
[2022-08-08T14:23:53.284+0530][gc,phases     ] GC(15)   Evacuate Collection Set: 2.1ms
[2022-08-08T14:23:53.284+0530][gc,phases     ] GC(15)   Post Evacuate Collection Set: 0.5ms
[2022-08-08T14:23:53.284+0530][gc,phases     ] GC(15)   Other: 0.1ms
[2022-08-08T14:23:53.284+0530][gc,heap       ] GC(15) Eden regions: 137->0(172)
[2022-08-08T14:23:53.284+0530][gc,heap       ] GC(15) Survivor regions: 3->3(18)
[2022-08-08T14:23:53.284+0530][gc,heap       ] GC(15) Old regions: 15->15
[2022-08-08T14:23:53.284+0530][gc,heap       ] GC(15) Humongous regions: 146->146
[2022-08-08T14:23:53.284+0530][gc,metaspace  ] GC(15) Metaspace: 46114K->46114K(1091584K)
[2022-08-08T14:23:53.284+0530][gc            ] GC(15) Pause Young (Normal) (G1 Evacuation Pause) 298M->161M(1024M) 2.706ms
[2022-08-08T14:23:53.284+0530][gc,cpu        ] GC(15) User=0.02s Sys=0.00s Real=0.01s
[2022-08-08T14:24:24.786+0530][gc,start      ] GC(16) Pause Young (Normal) (G1 Evacuation Pause)
[2022-08-08T14:24:24.786+0530][gc,task       ] GC(16) Using 8 workers of 8 for evacuation
[2022-08-08T14:24:24.789+0530][gc,phases     ] GC(16)   Pre Evacuate Collection Set: 0.0ms
[2022-08-08T14:24:24.789+0530][gc,phases     ] GC(16)   Evacuate Collection Set: 2.0ms
[2022-08-08T14:24:24.789+0530][gc,phases     ] GC(16)   Post Evacuate Collection Set: 0.9ms
[2022-08-08T14:24:24.789+0530][gc,phases     ] GC(16)   Other: 0.1ms
[2022-08-08T14:24:24.789+0530][gc,heap       ] GC(16) Eden regions: 172->0(215)
[2022-08-08T14:24:24.789+0530][gc,heap       ] GC(16) Survivor regions: 3->3(22)
[2022-08-08T14:24:24.789+0530][gc,heap       ] GC(16) Old regions: 15->15
[2022-08-08T14:24:24.789+0530][gc,heap       ] GC(16) Humongous regions: 146->146
[2022-08-08T14:24:24.789+0530][gc,metaspace  ] GC(16) Metaspace: 46163K->46163K(1091584K)
[2022-08-08T14:24:24.789+0530][gc            ] GC(16) Pause Young (Normal) (G1 Evacuation Pause) 333M->161M(1024M) 3.186ms
[2022-08-08T14:24:24.789+0530][gc,cpu        ] GC(16) User=0.02s Sys=0.00s Real=0.00s
[2022-08-08T14:25:02.595+0530][gc,start      ] GC(17) Pause Young (Normal) (G1 Evacuation Pause)
[2022-08-08T14:25:02.595+0530][gc,task       ] GC(17) Using 8 workers of 8 for evacuation
[2022-08-08T14:25:02.598+0530][gc,phases     ] GC(17)   Pre Evacuate Collection Set: 0.0ms
[2022-08-08T14:25:02.598+0530][gc,phases     ] GC(17)   Evacuate Collection Set: 2.2ms
[2022-08-08T14:25:02.598+0530][gc,phases     ] GC(17)   Post Evacuate Collection Set: 1.0ms
[2022-08-08T14:25:02.598+0530][gc,phases     ] GC(17)   Other: 0.2ms
[2022-08-08T14:25:02.598+0530][gc,heap       ] GC(17) Eden regions: 215->0(267)
[2022-08-08T14:25:02.598+0530][gc,heap       ] GC(17) Survivor regions: 3->3(28)
[2022-08-08T14:25:02.598+0530][gc,heap       ] GC(17) Old regions: 15->15
[2022-08-08T14:25:02.598+0530][gc,heap       ] GC(17) Humongous regions: 146->146
[2022-08-08T14:25:02.598+0530][gc,metaspace  ] GC(17) Metaspace: 46262K->46262K(1091584K)
[2022-08-08T14:25:02.598+0530][gc            ] GC(17) Pause Young (Normal) (G1 Evacuation Pause) 376M->161M(1024M) 3.418ms
[2022-08-08T14:25:02.598+0530][gc,cpu        ] GC(17) User=0.02s Sys=0.00s Real=0.01s
[2022-08-08T14:25:51.686+0530][gc,start      ] GC(18) Pause Young (Normal) (G1 Evacuation Pause)
[2022-08-08T14:25:51.686+0530][gc,task       ] GC(18) Using 8 workers of 8 for evacuation
[2022-08-08T14:25:51.689+0530][gc,phases     ] GC(18)   Pre Evacuate Collection Set: 0.0ms
[2022-08-08T14:25:51.689+0530][gc,phases     ] GC(18)   Evacuate Collection Set: 1.7ms
[2022-08-08T14:25:51.689+0530][gc,phases     ] GC(18)   Post Evacuate Collection Set: 0.5ms
[2022-08-08T14:25:51.689+0530][gc,phases     ] GC(18)   Other: 0.1ms
[2022-08-08T14:25:51.689+0530][gc,heap       ] GC(18) Eden regions: 267->0(324)
[2022-08-08T14:25:51.689+0530][gc,heap       ] GC(18) Survivor regions: 3->3(34)
[2022-08-08T14:25:51.689+0530][gc,heap       ] GC(18) Old regions: 15->15
[2022-08-08T14:25:51.689+0530][gc,heap       ] GC(18) Humongous regions: 146->146
[2022-08-08T14:25:51.689+0530][gc,metaspace  ] GC(18) Metaspace: 46343K->46343K(1091584K)
[2022-08-08T14:25:51.689+0530][gc            ] GC(18) Pause Young (Normal) (G1 Evacuation Pause) 428M->161M(1024M) 2.395ms
[2022-08-08T14:25:51.689+0530][gc,cpu        ] GC(18) User=0.01s Sys=0.00s Real=0.00s
[2022-08-08T14:29:57.022+0530][gc,heap,exit  ] Heap
[2022-08-08T14:29:57.022+0530][gc,heap,exit  ]  garbage-first heap   total 1048576K, used 406217K [0x00000000c0000000, 0x0000000100000000)
[2022-08-08T14:29:57.022+0530][gc,heap,exit  ]   region size 1024K, 239 young (244736K), 3 survivors (3072K)
[2022-08-08T14:29:57.022+0530][gc,heap,exit  ]  Metaspace       used 47682K, capacity 49354K, committed 49664K, reserved 1093632K
[2022-08-08T14:29:57.022+0530][gc,heap,exit  ]   class space    used 5565K, capacity 6338K, committed 6400K, reserved 1048576K
