[2022-08-14T08:33:55.508+0530][gc,heap] Heap region size: 1M
[2022-08-14T08:33:55.518+0530][gc     ] Using G1
[2022-08-14T08:33:55.518+0530][gc,heap,coops] Heap address: 0x00000000c0000000, size: 1024 MB, Compressed Oops mode: 32-bit
[2022-08-14T08:33:55.518+0530][gc,cds       ] Mark closed archive regions in map: [0x00000000fff00000, 0x00000000fff6aff8]
[2022-08-14T08:33:55.518+0530][gc,cds       ] Mark open archive regions in map: [0x00000000ffe00000, 0x00000000ffe47ff8]
[2022-08-14T08:33:56.192+0530][gc,start     ] GC(0) Pause Young (Normal) (G1 Evacuation Pause)
[2022-08-14T08:33:56.193+0530][gc,task      ] GC(0) Using 8 workers of 8 for evacuation
[2022-08-14T08:33:56.200+0530][gc,phases    ] GC(0)   Pre Evacuate Collection Set: 0.0ms
[2022-08-14T08:33:56.200+0530][gc,phases    ] GC(0)   Evacuate Collection Set: 6.4ms
[2022-08-14T08:33:56.200+0530][gc,phases    ] GC(0)   Post Evacuate Collection Set: 0.5ms
[2022-08-14T08:33:56.200+0530][gc,phases    ] GC(0)   Other: 1.0ms
[2022-08-14T08:33:56.200+0530][gc,heap      ] GC(0) Eden regions: 51->0(44)
[2022-08-14T08:33:56.200+0530][gc,heap      ] GC(0) Survivor regions: 0->7(7)
[2022-08-14T08:33:56.200+0530][gc,heap      ] GC(0) Old regions: 2->2
[2022-08-14T08:33:56.200+0530][gc,heap      ] GC(0) Humongous regions: 0->0
[2022-08-14T08:33:56.200+0530][gc,metaspace ] GC(0) Metaspace: 14951K->14951K(1062912K)
[2022-08-14T08:33:56.200+0530][gc           ] GC(0) Pause Young (Normal) (G1 Evacuation Pause) 51M->7M(1024M) 8.032ms
[2022-08-14T08:33:56.200+0530][gc,cpu       ] GC(0) User=0.05s Sys=0.00s Real=0.01s
[2022-08-14T08:33:56.721+0530][gc,start     ] GC(1) Pause Young (Concurrent Start) (Metadata GC Threshold)
[2022-08-14T08:33:56.721+0530][gc,task      ] GC(1) Using 8 workers of 8 for evacuation
[2022-08-14T08:33:56.729+0530][gc,phases    ] GC(1)   Pre Evacuate Collection Set: 0.0ms
[2022-08-14T08:33:56.729+0530][gc,phases    ] GC(1)   Evacuate Collection Set: 6.9ms
[2022-08-14T08:33:56.729+0530][gc,phases    ] GC(1)   Post Evacuate Collection Set: 0.4ms
[2022-08-14T08:33:56.729+0530][gc,phases    ] GC(1)   Other: 0.2ms
[2022-08-14T08:33:56.729+0530][gc,heap      ] GC(1) Eden regions: 28->0(49)
[2022-08-14T08:33:56.729+0530][gc,heap      ] GC(1) Survivor regions: 7->2(7)
[2022-08-14T08:33:56.729+0530][gc,heap      ] GC(1) Old regions: 2->9
[2022-08-14T08:33:56.729+0530][gc,heap      ] GC(1) Humongous regions: 0->0
[2022-08-14T08:33:56.729+0530][gc,metaspace ] GC(1) Metaspace: 20564K->20564K(1067008K)
[2022-08-14T08:33:56.729+0530][gc           ] GC(1) Pause Young (Concurrent Start) (Metadata GC Threshold) 35M->8M(1024M) 7.721ms
[2022-08-14T08:33:56.729+0530][gc,cpu       ] GC(1) User=0.05s Sys=0.00s Real=0.00s
[2022-08-14T08:33:56.729+0530][gc           ] GC(2) Concurrent Cycle
[2022-08-14T08:33:56.729+0530][gc,marking   ] GC(2) Concurrent Clear Claimed Marks
[2022-08-14T08:33:56.729+0530][gc,marking   ] GC(2) Concurrent Clear Claimed Marks 0.016ms
[2022-08-14T08:33:56.729+0530][gc,marking   ] GC(2) Concurrent Scan Root Regions
[2022-08-14T08:33:56.730+0530][gc,marking   ] GC(2) Concurrent Scan Root Regions 0.854ms
[2022-08-14T08:33:56.730+0530][gc,marking   ] GC(2) Concurrent Mark (1.241s)
[2022-08-14T08:33:56.730+0530][gc,marking   ] GC(2) Concurrent Mark From Roots
[2022-08-14T08:33:56.730+0530][gc,task      ] GC(2) Using 2 workers of 2 for marking
[2022-08-14T08:33:56.736+0530][gc,marking   ] GC(2) Concurrent Mark From Roots 5.755ms
[2022-08-14T08:33:56.736+0530][gc,marking   ] GC(2) Concurrent Preclean
[2022-08-14T08:33:56.736+0530][gc,marking   ] GC(2) Concurrent Preclean 0.147ms
[2022-08-14T08:33:56.736+0530][gc,marking   ] GC(2) Concurrent Mark (1.241s, 1.247s) 5.955ms
[2022-08-14T08:33:56.736+0530][gc,start     ] GC(2) Pause Remark
[2022-08-14T08:33:56.738+0530][gc,stringtable] GC(2) Cleaned string and symbol table, strings: 6856 processed, 0 removed, symbols: 53180 processed, 34 removed
[2022-08-14T08:33:56.738+0530][gc            ] GC(2) Pause Remark 9M->9M(1024M) 1.951ms
[2022-08-14T08:33:56.738+0530][gc,cpu        ] GC(2) User=0.01s Sys=0.00s Real=0.00s
[2022-08-14T08:33:56.738+0530][gc,marking    ] GC(2) Concurrent Rebuild Remembered Sets
[2022-08-14T08:33:56.741+0530][gc,marking    ] GC(2) Concurrent Rebuild Remembered Sets 2.632ms
[2022-08-14T08:33:56.741+0530][gc,start      ] GC(2) Pause Cleanup
[2022-08-14T08:33:56.741+0530][gc            ] GC(2) Pause Cleanup 9M->9M(1024M) 0.176ms
[2022-08-14T08:33:56.741+0530][gc,cpu        ] GC(2) User=0.00s Sys=0.00s Real=0.00s
[2022-08-14T08:33:56.741+0530][gc,marking    ] GC(2) Concurrent Cleanup for Next Mark
[2022-08-14T08:33:56.745+0530][gc,marking    ] GC(2) Concurrent Cleanup for Next Mark 3.716ms
[2022-08-14T08:33:56.745+0530][gc            ] GC(2) Concurrent Cycle 15.680ms
[2022-08-14T08:33:57.421+0530][gc,start      ] GC(3) Pause Young (Normal) (G1 Evacuation Pause)
[2022-08-14T08:33:57.421+0530][gc,task       ] GC(3) Using 8 workers of 8 for evacuation
[2022-08-14T08:33:57.424+0530][gc,phases     ] GC(3)   Pre Evacuate Collection Set: 0.0ms
[2022-08-14T08:33:57.424+0530][gc,phases     ] GC(3)   Evacuate Collection Set: 2.7ms
[2022-08-14T08:33:57.424+0530][gc,phases     ] GC(3)   Post Evacuate Collection Set: 0.5ms
[2022-08-14T08:33:57.424+0530][gc,phases     ] GC(3)   Other: 0.1ms
[2022-08-14T08:33:57.424+0530][gc,heap       ] GC(3) Eden regions: 49->0(46)
[2022-08-14T08:33:57.424+0530][gc,heap       ] GC(3) Survivor regions: 2->5(7)
[2022-08-14T08:33:57.424+0530][gc,heap       ] GC(3) Old regions: 9->9
[2022-08-14T08:33:57.424+0530][gc,heap       ] GC(3) Humongous regions: 146->146
[2022-08-14T08:33:57.424+0530][gc,metaspace  ] GC(3) Metaspace: 33487K->33487K(1079296K)
[2022-08-14T08:33:57.424+0530][gc            ] GC(3) Pause Young (Normal) (G1 Evacuation Pause) 203M->157M(1024M) 3.399ms
[2022-08-14T08:33:57.424+0530][gc,cpu        ] GC(3) User=0.02s Sys=0.00s Real=0.00s
[2022-08-14T08:33:57.458+0530][gc,start      ] GC(4) Pause Young (Concurrent Start) (Metadata GC Threshold)
[2022-08-14T08:33:57.458+0530][gc,task       ] GC(4) Using 8 workers of 8 for evacuation
[2022-08-14T08:33:57.461+0530][gc,phases     ] GC(4)   Pre Evacuate Collection Set: 0.1ms
[2022-08-14T08:33:57.461+0530][gc,phases     ] GC(4)   Evacuate Collection Set: 2.6ms
[2022-08-14T08:33:57.461+0530][gc,phases     ] GC(4)   Post Evacuate Collection Set: 0.3ms
[2022-08-14T08:33:57.461+0530][gc,phases     ] GC(4)   Other: 0.1ms
[2022-08-14T08:33:57.461+0530][gc,heap       ] GC(4) Eden regions: 6->0(47)
[2022-08-14T08:33:57.461+0530][gc,heap       ] GC(4) Survivor regions: 5->4(7)
[2022-08-14T08:33:57.461+0530][gc,heap       ] GC(4) Old regions: 9->10
[2022-08-14T08:33:57.461+0530][gc,heap       ] GC(4) Humongous regions: 146->146
[2022-08-14T08:33:57.461+0530][gc,metaspace  ] GC(4) Metaspace: 34704K->34704K(1081344K)
[2022-08-14T08:33:57.461+0530][gc            ] GC(4) Pause Young (Concurrent Start) (Metadata GC Threshold) 163M->157M(1024M) 3.148ms
[2022-08-14T08:33:57.461+0530][gc,cpu        ] GC(4) User=0.01s Sys=0.01s Real=0.01s
[2022-08-14T08:33:57.461+0530][gc            ] GC(5) Concurrent Cycle
[2022-08-14T08:33:57.461+0530][gc,marking    ] GC(5) Concurrent Clear Claimed Marks
[2022-08-14T08:33:57.461+0530][gc,marking    ] GC(5) Concurrent Clear Claimed Marks 0.030ms
[2022-08-14T08:33:57.461+0530][gc,marking    ] GC(5) Concurrent Scan Root Regions
[2022-08-14T08:33:57.462+0530][gc,marking    ] GC(5) Concurrent Scan Root Regions 1.019ms
[2022-08-14T08:33:57.462+0530][gc,marking    ] GC(5) Concurrent Mark (1.973s)
[2022-08-14T08:33:57.462+0530][gc,marking    ] GC(5) Concurrent Mark From Roots
[2022-08-14T08:33:57.462+0530][gc,task       ] GC(5) Using 2 workers of 2 for marking
[2022-08-14T08:33:57.468+0530][gc,marking    ] GC(5) Concurrent Mark From Roots 5.448ms
[2022-08-14T08:33:57.468+0530][gc,marking    ] GC(5) Concurrent Preclean
[2022-08-14T08:33:57.468+0530][gc,marking    ] GC(5) Concurrent Preclean 0.137ms
[2022-08-14T08:33:57.468+0530][gc,marking    ] GC(5) Concurrent Mark (1.973s, 1.979s) 5.638ms
[2022-08-14T08:33:57.468+0530][gc,start      ] GC(5) Pause Remark
[2022-08-14T08:33:57.470+0530][gc,stringtable] GC(5) Cleaned string and symbol table, strings: 10476 processed, 11 removed, symbols: 86427 processed, 20 removed
[2022-08-14T08:33:57.470+0530][gc            ] GC(5) Pause Remark 158M->158M(1024M) 1.931ms
[2022-08-14T08:33:57.470+0530][gc,cpu        ] GC(5) User=0.02s Sys=0.00s Real=0.00s
[2022-08-14T08:33:57.470+0530][gc,marking    ] GC(5) Concurrent Rebuild Remembered Sets
[2022-08-14T08:33:57.473+0530][gc,marking    ] GC(5) Concurrent Rebuild Remembered Sets 2.823ms
[2022-08-14T08:33:57.473+0530][gc,start      ] GC(5) Pause Cleanup
[2022-08-14T08:33:57.473+0530][gc            ] GC(5) Pause Cleanup 159M->159M(1024M) 0.276ms
[2022-08-14T08:33:57.473+0530][gc,cpu        ] GC(5) User=0.00s Sys=0.00s Real=0.00s
[2022-08-14T08:33:57.473+0530][gc,marking    ] GC(5) Concurrent Cleanup for Next Mark
[2022-08-14T08:33:57.477+0530][gc,marking    ] GC(5) Concurrent Cleanup for Next Mark 3.763ms
[2022-08-14T08:33:57.477+0530][gc            ] GC(5) Concurrent Cycle 15.963ms
[2022-08-14T08:33:57.857+0530][gc,start      ] GC(6) Pause Young (Normal) (G1 Evacuation Pause)
[2022-08-14T08:33:57.857+0530][gc,task       ] GC(6) Using 8 workers of 8 for evacuation
[2022-08-14T08:33:57.860+0530][gc,phases     ] GC(6)   Pre Evacuate Collection Set: 0.0ms
[2022-08-14T08:33:57.860+0530][gc,phases     ] GC(6)   Evacuate Collection Set: 3.0ms
[2022-08-14T08:33:57.860+0530][gc,phases     ] GC(6)   Post Evacuate Collection Set: 0.4ms
[2022-08-14T08:33:57.860+0530][gc,phases     ] GC(6)   Other: 0.1ms
[2022-08-14T08:33:57.860+0530][gc,heap       ] GC(6) Eden regions: 47->0(45)
[2022-08-14T08:33:57.860+0530][gc,heap       ] GC(6) Survivor regions: 4->6(7)
[2022-08-14T08:33:57.860+0530][gc,heap       ] GC(6) Old regions: 10->10
[2022-08-14T08:33:57.860+0530][gc,heap       ] GC(6) Humongous regions: 146->146
[2022-08-14T08:33:57.860+0530][gc,metaspace  ] GC(6) Metaspace: 39831K->39831K(1085440K)
[2022-08-14T08:33:57.860+0530][gc            ] GC(6) Pause Young (Normal) (G1 Evacuation Pause) 204M->159M(1024M) 3.504ms
[2022-08-14T08:33:57.860+0530][gc,cpu        ] GC(6) User=0.02s Sys=0.00s Real=0.01s
[2022-08-14T08:33:58.246+0530][gc,start      ] GC(7) Pause Young (Normal) (G1 Evacuation Pause)
[2022-08-14T08:33:58.246+0530][gc,task       ] GC(7) Using 8 workers of 8 for evacuation
[2022-08-14T08:33:58.249+0530][gc,phases     ] GC(7)   Pre Evacuate Collection Set: 0.0ms
[2022-08-14T08:33:58.249+0530][gc,phases     ] GC(7)   Evacuate Collection Set: 2.5ms
[2022-08-14T08:33:58.249+0530][gc,phases     ] GC(7)   Post Evacuate Collection Set: 0.3ms
[2022-08-14T08:33:58.249+0530][gc,phases     ] GC(7)   Other: 0.1ms
[2022-08-14T08:33:58.249+0530][gc,heap       ] GC(7) Eden regions: 45->0(47)
[2022-08-14T08:33:58.249+0530][gc,heap       ] GC(7) Survivor regions: 6->4(7)
[2022-08-14T08:33:58.249+0530][gc,heap       ] GC(7) Old regions: 10->13
[2022-08-14T08:33:58.249+0530][gc,heap       ] GC(7) Humongous regions: 146->146
[2022-08-14T08:33:58.249+0530][gc,metaspace  ] GC(7) Metaspace: 40789K->40789K(1085440K)
[2022-08-14T08:33:58.249+0530][gc            ] GC(7) Pause Young (Normal) (G1 Evacuation Pause) 204M->160M(1024M) 3.045ms
[2022-08-14T08:33:58.249+0530][gc,cpu        ] GC(7) User=0.02s Sys=0.00s Real=0.00s
[2022-08-14T08:33:58.518+0530][gc,start      ] GC(8) Pause Young (Normal) (G1 Evacuation Pause)
[2022-08-14T08:33:58.518+0530][gc,task       ] GC(8) Using 8 workers of 8 for evacuation
[2022-08-14T08:33:58.522+0530][gc,phases     ] GC(8)   Pre Evacuate Collection Set: 0.0ms
[2022-08-14T08:33:58.522+0530][gc,phases     ] GC(8)   Evacuate Collection Set: 3.1ms
[2022-08-14T08:33:58.522+0530][gc,phases     ] GC(8)   Post Evacuate Collection Set: 0.4ms
[2022-08-14T08:33:58.522+0530][gc,phases     ] GC(8)   Other: 0.1ms
[2022-08-14T08:33:58.522+0530][gc,heap       ] GC(8) Eden regions: 47->0(45)
[2022-08-14T08:33:58.522+0530][gc,heap       ] GC(8) Survivor regions: 4->6(7)
[2022-08-14T08:33:58.522+0530][gc,heap       ] GC(8) Old regions: 13->13
[2022-08-14T08:33:58.522+0530][gc,heap       ] GC(8) Humongous regions: 146->146
[2022-08-14T08:33:58.522+0530][gc,metaspace  ] GC(8) Metaspace: 45610K->45610K(1089536K)
[2022-08-14T08:33:58.522+0530][gc            ] GC(8) Pause Young (Normal) (G1 Evacuation Pause) 207M->162M(1024M) 3.732ms
[2022-08-14T08:33:58.522+0530][gc,cpu        ] GC(8) User=0.03s Sys=0.00s Real=0.01s
[2022-08-14T08:34:02.028+0530][gc,start      ] GC(9) Pause Young (Normal) (G1 Evacuation Pause)
[2022-08-14T08:34:02.028+0530][gc,task       ] GC(9) Using 8 workers of 8 for evacuation
[2022-08-14T08:34:02.034+0530][gc,phases     ] GC(9)   Pre Evacuate Collection Set: 0.0ms
[2022-08-14T08:34:02.034+0530][gc,phases     ] GC(9)   Evacuate Collection Set: 4.7ms
[2022-08-14T08:34:02.034+0530][gc,phases     ] GC(9)   Post Evacuate Collection Set: 0.5ms
[2022-08-14T08:34:02.034+0530][gc,phases     ] GC(9)   Other: 0.1ms
[2022-08-14T08:34:02.034+0530][gc,heap       ] GC(9) Eden regions: 45->0(47)
[2022-08-14T08:34:02.034+0530][gc,heap       ] GC(9) Survivor regions: 6->5(7)
[2022-08-14T08:34:02.034+0530][gc,heap       ] GC(9) Old regions: 13->15
[2022-08-14T08:34:02.034+0530][gc,heap       ] GC(9) Humongous regions: 163->163
[2022-08-14T08:34:02.034+0530][gc,metaspace  ] GC(9) Metaspace: 50585K->50585K(1095680K)
[2022-08-14T08:34:02.034+0530][gc            ] GC(9) Pause Young (Normal) (G1 Evacuation Pause) 224M->181M(1024M) 5.436ms
[2022-08-14T08:34:02.034+0530][gc,cpu        ] GC(9) User=0.03s Sys=0.00s Real=0.01s
[2022-08-14T08:34:41.453+0530][gc,start      ] GC(10) Pause Young (Normal) (G1 Evacuation Pause)
[2022-08-14T08:34:41.453+0530][gc,task       ] GC(10) Using 8 workers of 8 for evacuation
[2022-08-14T08:34:41.466+0530][gc,phases     ] GC(10)   Pre Evacuate Collection Set: 0.1ms
[2022-08-14T08:34:41.467+0530][gc,phases     ] GC(10)   Evacuate Collection Set: 11.7ms
[2022-08-14T08:34:41.467+0530][gc,phases     ] GC(10)   Post Evacuate Collection Set: 1.2ms
[2022-08-14T08:34:41.467+0530][gc,phases     ] GC(10)   Other: 0.5ms
[2022-08-14T08:34:41.467+0530][gc,heap       ] GC(10) Eden regions: 47->0(50)
[2022-08-14T08:34:41.467+0530][gc,heap       ] GC(10) Survivor regions: 5->4(7)
[2022-08-14T08:34:41.467+0530][gc,heap       ] GC(10) Old regions: 15->18
[2022-08-14T08:34:41.467+0530][gc,heap       ] GC(10) Humongous regions: 163->163
[2022-08-14T08:34:41.467+0530][gc,metaspace  ] GC(10) Metaspace: 53631K->53631K(1097728K)
[2022-08-14T08:34:41.467+0530][gc            ] GC(10) Pause Young (Normal) (G1 Evacuation Pause) 228M->182M(1024M) 13.853ms
[2022-08-14T08:34:41.467+0530][gc,cpu        ] GC(10) User=0.09s Sys=0.00s Real=0.01s
[2022-08-14T08:41:35.395+0530][gc,start      ] GC(11) Pause Young (Normal) (G1 Evacuation Pause)
[2022-08-14T08:41:35.395+0530][gc,task       ] GC(11) Using 8 workers of 8 for evacuation
[2022-08-14T08:41:35.402+0530][gc,phases     ] GC(11)   Pre Evacuate Collection Set: 0.0ms
[2022-08-14T08:41:35.402+0530][gc,phases     ] GC(11)   Evacuate Collection Set: 6.5ms
[2022-08-14T08:41:35.402+0530][gc,phases     ] GC(11)   Post Evacuate Collection Set: 0.5ms
[2022-08-14T08:41:35.402+0530][gc,phases     ] GC(11)   Other: 0.4ms
[2022-08-14T08:41:35.402+0530][gc,heap       ] GC(11) Eden regions: 50->0(56)
[2022-08-14T08:41:35.402+0530][gc,heap       ] GC(11) Survivor regions: 4->6(7)
[2022-08-14T08:41:35.402+0530][gc,heap       ] GC(11) Old regions: 18->18
[2022-08-14T08:41:35.402+0530][gc,heap       ] GC(11) Humongous regions: 163->163
[2022-08-14T08:41:35.402+0530][gc,metaspace  ] GC(11) Metaspace: 55154K->55154K(1099776K)
[2022-08-14T08:41:35.402+0530][gc            ] GC(11) Pause Young (Normal) (G1 Evacuation Pause) 232M->184M(1024M) 7.517ms
[2022-08-14T08:41:35.402+0530][gc,cpu        ] GC(11) User=0.05s Sys=0.00s Real=0.01s
[2022-08-14T08:49:37.806+0530][gc,start      ] GC(12) Pause Young (Normal) (G1 Evacuation Pause)
[2022-08-14T08:49:37.806+0530][gc,task       ] GC(12) Using 8 workers of 8 for evacuation
[2022-08-14T08:49:37.814+0530][gc,phases     ] GC(12)   Pre Evacuate Collection Set: 0.0ms
[2022-08-14T08:49:37.814+0530][gc,phases     ] GC(12)   Evacuate Collection Set: 7.0ms
[2022-08-14T08:49:37.814+0530][gc,phases     ] GC(12)   Post Evacuate Collection Set: 0.5ms
[2022-08-14T08:49:37.814+0530][gc,phases     ] GC(12)   Other: 0.4ms
[2022-08-14T08:49:37.814+0530][gc,heap       ] GC(12) Eden regions: 56->0(89)
[2022-08-14T08:49:37.814+0530][gc,heap       ] GC(12) Survivor regions: 6->4(8)
[2022-08-14T08:49:37.814+0530][gc,heap       ] GC(12) Old regions: 18->20
[2022-08-14T08:49:37.814+0530][gc,heap       ] GC(12) Humongous regions: 163->163
[2022-08-14T08:49:37.814+0530][gc,metaspace  ] GC(12) Metaspace: 55283K->55283K(1099776K)
[2022-08-14T08:49:37.814+0530][gc            ] GC(12) Pause Young (Normal) (G1 Evacuation Pause) 240M->184M(1024M) 8.009ms
[2022-08-14T08:49:37.814+0530][gc,cpu        ] GC(12) User=0.04s Sys=0.00s Real=0.01s
[2022-08-14T09:03:26.378+0530][gc,start      ] GC(13) Pause Young (Normal) (G1 Evacuation Pause)
[2022-08-14T09:03:26.378+0530][gc,task       ] GC(13) Using 8 workers of 8 for evacuation
[2022-08-14T09:03:26.386+0530][gc,phases     ] GC(13)   Pre Evacuate Collection Set: 0.0ms
[2022-08-14T09:03:26.386+0530][gc,phases     ] GC(13)   Evacuate Collection Set: 6.5ms
[2022-08-14T09:03:26.386+0530][gc,phases     ] GC(13)   Post Evacuate Collection Set: 0.7ms
[2022-08-14T09:03:26.386+0530][gc,phases     ] GC(13)   Other: 0.4ms
[2022-08-14T09:03:26.386+0530][gc,heap       ] GC(13) Eden regions: 89->0(425)
[2022-08-14T09:03:26.386+0530][gc,heap       ] GC(13) Survivor regions: 4->5(12)
[2022-08-14T09:03:26.386+0530][gc,heap       ] GC(13) Old regions: 20->20
[2022-08-14T09:03:26.386+0530][gc,heap       ] GC(13) Humongous regions: 163->163
[2022-08-14T09:03:26.386+0530][gc,metaspace  ] GC(13) Metaspace: 55430K->55430K(1099776K)
[2022-08-14T09:03:26.386+0530][gc            ] GC(13) Pause Young (Normal) (G1 Evacuation Pause) 273M->185M(1024M) 7.681ms
[2022-08-14T09:03:26.386+0530][gc,cpu        ] GC(13) User=0.05s Sys=0.01s Real=0.01s
[2022-08-14T10:12:38.996+0530][gc,start      ] GC(14) Pause Young (Normal) (G1 Evacuation Pause)
[2022-08-14T10:12:38.996+0530][gc,task       ] GC(14) Using 8 workers of 8 for evacuation
[2022-08-14T10:12:38.999+0530][gc,phases     ] GC(14)   Pre Evacuate Collection Set: 0.0ms
[2022-08-14T10:12:38.999+0530][gc,phases     ] GC(14)   Evacuate Collection Set: 2.5ms
[2022-08-14T10:12:38.999+0530][gc,phases     ] GC(14)   Post Evacuate Collection Set: 0.7ms
[2022-08-14T10:12:38.999+0530][gc,phases     ] GC(14)   Other: 0.2ms
[2022-08-14T10:12:38.999+0530][gc,heap       ] GC(14) Eden regions: 425->0(610)
[2022-08-14T10:12:38.999+0530][gc,heap       ] GC(14) Survivor regions: 5->4(54)
[2022-08-14T10:12:38.999+0530][gc,heap       ] GC(14) Old regions: 20->20
[2022-08-14T10:12:38.999+0530][gc,heap       ] GC(14) Humongous regions: 163->163
[2022-08-14T10:12:38.999+0530][gc,metaspace  ] GC(14) Metaspace: 55667K->55667K(1099776K)
[2022-08-14T10:12:38.999+0530][gc            ] GC(14) Pause Young (Normal) (G1 Evacuation Pause) 610M->184M(1024M) 3.447ms
[2022-08-14T10:12:38.999+0530][gc,cpu        ] GC(14) User=0.02s Sys=0.01s Real=0.00s
[2022-08-14T11:46:17.272+0530][gc,start      ] GC(15) Pause Young (Normal) (G1 Evacuation Pause)
[2022-08-14T11:46:17.272+0530][gc,task       ] GC(15) Using 8 workers of 8 for evacuation
[2022-08-14T11:46:17.279+0530][gc,phases     ] GC(15)   Pre Evacuate Collection Set: 0.0ms
[2022-08-14T11:46:17.279+0530][gc,phases     ] GC(15)   Evacuate Collection Set: 6.3ms
[2022-08-14T11:46:17.279+0530][gc,phases     ] GC(15)   Post Evacuate Collection Set: 0.7ms
[2022-08-14T11:46:17.279+0530][gc,phases     ] GC(15)   Other: 0.6ms
[2022-08-14T11:46:17.279+0530][gc,heap       ] GC(15) Eden regions: 610->0(610)
[2022-08-14T11:46:17.279+0530][gc,heap       ] GC(15) Survivor regions: 4->4(77)
[2022-08-14T11:46:17.279+0530][gc,heap       ] GC(15) Old regions: 20->20
[2022-08-14T11:46:17.279+0530][gc,heap       ] GC(15) Humongous regions: 163->163
[2022-08-14T11:46:17.279+0530][gc,metaspace  ] GC(15) Metaspace: 56664K->56664K(1099776K)
[2022-08-14T11:46:17.279+0530][gc            ] GC(15) Pause Young (Normal) (G1 Evacuation Pause) 794M->185M(1024M) 7.695ms
[2022-08-14T11:46:17.279+0530][gc,cpu        ] GC(15) User=0.04s Sys=0.01s Real=0.01s
[2022-08-14T12:44:42.795+0530][gc,start      ] GC(16) Pause Young (Concurrent Start) (Metadata GC Threshold)
[2022-08-14T12:44:42.795+0530][gc,task       ] GC(16) Using 8 workers of 8 for evacuation
[2022-08-14T12:44:42.825+0530][gc,mmu        ] GC(16) MMU target violated: 21.0ms (20.0ms/21.0ms)
[2022-08-14T12:44:42.825+0530][gc,phases     ] GC(16)   Pre Evacuate Collection Set: 0.3ms
[2022-08-14T12:44:42.825+0530][gc,phases     ] GC(16)   Evacuate Collection Set: 17.2ms
[2022-08-14T12:44:42.825+0530][gc,phases     ] GC(16)   Post Evacuate Collection Set: 12.3ms
[2022-08-14T12:44:42.825+0530][gc,phases     ] GC(16)   Other: 0.4ms
[2022-08-14T12:44:42.825+0530][gc,heap       ] GC(16) Eden regions: 402->0(455)
[2022-08-14T12:44:42.825+0530][gc,heap       ] GC(16) Survivor regions: 4->5(77)
[2022-08-14T12:44:42.825+0530][gc,heap       ] GC(16) Old regions: 20->20
[2022-08-14T12:44:42.825+0530][gc,heap       ] GC(16) Humongous regions: 163->163
[2022-08-14T12:44:42.825+0530][gc,metaspace  ] GC(16) Metaspace: 56990K->56990K(1099776K)
[2022-08-14T12:44:42.825+0530][gc            ] GC(16) Pause Young (Concurrent Start) (Metadata GC Threshold) 586M->185M(1024M) 30.298ms
[2022-08-14T12:44:42.825+0530][gc,cpu        ] GC(16) User=0.13s Sys=0.00s Real=0.03s
[2022-08-14T12:44:42.825+0530][gc            ] GC(17) Concurrent Cycle
[2022-08-14T12:44:42.825+0530][gc,marking    ] GC(17) Concurrent Clear Claimed Marks
[2022-08-14T12:44:42.825+0530][gc,marking    ] GC(17) Concurrent Clear Claimed Marks 0.226ms
[2022-08-14T12:44:42.825+0530][gc,marking    ] GC(17) Concurrent Scan Root Regions
[2022-08-14T12:44:42.828+0530][gc,marking    ] GC(17) Concurrent Scan Root Regions 2.834ms
[2022-08-14T12:44:42.828+0530][gc,marking    ] GC(17) Concurrent Mark (15047.340s)
[2022-08-14T12:44:42.828+0530][gc,marking    ] GC(17) Concurrent Mark From Roots
[2022-08-14T12:44:42.828+0530][gc,task       ] GC(17) Using 2 workers of 2 for marking
[2022-08-14T12:44:42.847+0530][gc,marking    ] GC(17) Concurrent Mark From Roots 18.966ms
[2022-08-14T12:44:42.848+0530][gc,marking    ] GC(17) Concurrent Preclean
[2022-08-14T12:44:42.848+0530][gc,marking    ] GC(17) Concurrent Preclean 0.593ms
[2022-08-14T12:44:42.848+0530][gc,marking    ] GC(17) Concurrent Mark (15047.340s, 15047.360s) 20.072ms
[2022-08-14T12:44:42.849+0530][gc,start      ] GC(17) Pause Remark
[2022-08-14T12:44:42.872+0530][gc,stringtable] GC(17) Cleaned string and symbol table, strings: 19170 processed, 934 removed, symbols: 122033 processed, 11 removed
[2022-08-14T12:44:42.873+0530][gc,mmu        ] GC(17) MMU target violated: 21.0ms (20.0ms/21.0ms)
[2022-08-14T12:44:42.873+0530][gc            ] GC(17) Pause Remark 187M->187M(1024M) 24.123ms
[2022-08-14T12:44:42.873+0530][gc,cpu        ] GC(17) User=0.11s Sys=0.00s Real=0.03s
[2022-08-14T12:44:42.873+0530][gc,marking    ] GC(17) Concurrent Rebuild Remembered Sets
[2022-08-14T12:44:42.895+0530][gc,marking    ] GC(17) Concurrent Rebuild Remembered Sets 22.237ms
[2022-08-14T12:44:42.904+0530][gc,start      ] GC(17) Pause Cleanup
[2022-08-14T12:44:42.904+0530][gc            ] GC(17) Pause Cleanup 188M->188M(1024M) 0.500ms
[2022-08-14T12:44:42.904+0530][gc,cpu        ] GC(17) User=0.00s Sys=0.00s Real=0.00s
[2022-08-14T12:44:42.904+0530][gc,marking    ] GC(17) Concurrent Cleanup for Next Mark
[2022-08-14T12:44:42.906+0530][gc,marking    ] GC(17) Concurrent Cleanup for Next Mark 1.875ms
[2022-08-14T12:44:42.906+0530][gc            ] GC(17) Concurrent Cycle 81.085ms
