[2022-08-08T13:19:59.316+0530][gc,heap] Heap region size: 1M
[2022-08-08T13:19:59.325+0530][gc     ] Using G1
[2022-08-08T13:19:59.325+0530][gc,heap,coops] Heap address: 0x00000000c0000000, size: 1024 MB, Compressed Oops mode: 32-bit
[2022-08-08T13:19:59.326+0530][gc,cds       ] Mark closed archive regions in map: [0x00000000fff00000, 0x00000000fff6aff8]
[2022-08-08T13:19:59.326+0530][gc,cds       ] Mark open archive regions in map: [0x00000000ffe00000, 0x00000000ffe47ff8]
[2022-08-08T13:19:59.964+0530][gc,start     ] GC(0) Pause Young (Normal) (G1 Evacuation Pause)
[2022-08-08T13:19:59.965+0530][gc,task      ] GC(0) Using 8 workers of 8 for evacuation
[2022-08-08T13:19:59.976+0530][gc,phases    ] GC(0)   Pre Evacuate Collection Set: 0.0ms
[2022-08-08T13:19:59.976+0530][gc,phases    ] GC(0)   Evacuate Collection Set: 10.5ms
[2022-08-08T13:19:59.976+0530][gc,phases    ] GC(0)   Post Evacuate Collection Set: 0.5ms
[2022-08-08T13:19:59.976+0530][gc,phases    ] GC(0)   Other: 0.9ms
[2022-08-08T13:19:59.976+0530][gc,heap      ] GC(0) Eden regions: 51->0(44)
[2022-08-08T13:19:59.976+0530][gc,heap      ] GC(0) Survivor regions: 0->7(7)
[2022-08-08T13:19:59.976+0530][gc,heap      ] GC(0) Old regions: 2->2
[2022-08-08T13:19:59.976+0530][gc,heap      ] GC(0) Humongous regions: 0->0
[2022-08-08T13:19:59.976+0530][gc,metaspace ] GC(0) Metaspace: 14785K->14785K(1062912K)
[2022-08-08T13:19:59.976+0530][gc           ] GC(0) Pause Young (Normal) (G1 Evacuation Pause) 51M->7M(1024M) 12.043ms
[2022-08-08T13:19:59.976+0530][gc,cpu       ] GC(0) User=0.07s Sys=0.00s Real=0.01s
[2022-08-08T13:20:00.319+0530][gc,start     ] GC(1) Pause Young (Concurrent Start) (Metadata GC Threshold)
[2022-08-08T13:20:00.319+0530][gc,task      ] GC(1) Using 8 workers of 8 for evacuation
[2022-08-08T13:20:00.326+0530][gc,phases    ] GC(1)   Pre Evacuate Collection Set: 0.0ms
[2022-08-08T13:20:00.326+0530][gc,phases    ] GC(1)   Evacuate Collection Set: 6.0ms
[2022-08-08T13:20:00.326+0530][gc,phases    ] GC(1)   Post Evacuate Collection Set: 0.3ms
[2022-08-08T13:20:00.326+0530][gc,phases    ] GC(1)   Other: 0.2ms
[2022-08-08T13:20:00.326+0530][gc,heap      ] GC(1) Eden regions: 27->0(49)
[2022-08-08T13:20:00.326+0530][gc,heap      ] GC(1) Survivor regions: 7->2(7)
[2022-08-08T13:20:00.326+0530][gc,heap      ] GC(1) Old regions: 2->9
[2022-08-08T13:20:00.326+0530][gc,heap      ] GC(1) Humongous regions: 0->0
[2022-08-08T13:20:00.326+0530][gc,metaspace ] GC(1) Metaspace: 20569K->20569K(1067008K)
[2022-08-08T13:20:00.326+0530][gc           ] GC(1) Pause Young (Concurrent Start) (Metadata GC Threshold) 34M->8M(1024M) 6.605ms
[2022-08-08T13:20:00.326+0530][gc,cpu       ] GC(1) User=0.04s Sys=0.00s Real=0.01s
[2022-08-08T13:20:00.326+0530][gc           ] GC(2) Concurrent Cycle
[2022-08-08T13:20:00.326+0530][gc,marking   ] GC(2) Concurrent Clear Claimed Marks
[2022-08-08T13:20:00.326+0530][gc,marking   ] GC(2) Concurrent Clear Claimed Marks 0.018ms
[2022-08-08T13:20:00.326+0530][gc,marking   ] GC(2) Concurrent Scan Root Regions
[2022-08-08T13:20:00.327+0530][gc,marking   ] GC(2) Concurrent Scan Root Regions 0.846ms
[2022-08-08T13:20:00.327+0530][gc,marking   ] GC(2) Concurrent Mark (1.031s)
[2022-08-08T13:20:00.327+0530][gc,marking   ] GC(2) Concurrent Mark From Roots
[2022-08-08T13:20:00.327+0530][gc,task      ] GC(2) Using 2 workers of 2 for marking
[2022-08-08T13:20:00.332+0530][gc,marking   ] GC(2) Concurrent Mark From Roots 5.467ms
[2022-08-08T13:20:00.332+0530][gc,marking   ] GC(2) Concurrent Preclean
[2022-08-08T13:20:00.332+0530][gc,marking   ] GC(2) Concurrent Preclean 0.135ms
[2022-08-08T13:20:00.332+0530][gc,marking   ] GC(2) Concurrent Mark (1.031s, 1.036s) 5.667ms
[2022-08-08T13:20:00.332+0530][gc,start     ] GC(2) Pause Remark
[2022-08-08T13:20:00.343+0530][gc,stringtable] GC(2) Cleaned string and symbol table, strings: 7450 processed, 0 removed, symbols: 52520 processed, 33 removed
[2022-08-08T13:20:00.343+0530][gc            ] GC(2) Pause Remark 9M->9M(1024M) 10.582ms
[2022-08-08T13:20:00.343+0530][gc,cpu        ] GC(2) User=0.06s Sys=0.01s Real=0.01s
[2022-08-08T13:20:00.343+0530][gc,marking    ] GC(2) Concurrent Rebuild Remembered Sets
[2022-08-08T13:20:00.346+0530][gc,marking    ] GC(2) Concurrent Rebuild Remembered Sets 2.583ms
[2022-08-08T13:20:00.346+0530][gc,start      ] GC(2) Pause Cleanup
[2022-08-08T13:20:00.346+0530][gc            ] GC(2) Pause Cleanup 9M->9M(1024M) 0.146ms
[2022-08-08T13:20:00.346+0530][gc,cpu        ] GC(2) User=0.01s Sys=0.00s Real=0.00s
[2022-08-08T13:20:00.346+0530][gc,marking    ] GC(2) Concurrent Cleanup for Next Mark
[2022-08-08T13:20:00.350+0530][gc,marking    ] GC(2) Concurrent Cleanup for Next Mark 3.942ms
[2022-08-08T13:20:00.350+0530][gc            ] GC(2) Concurrent Cycle 24.131ms
[2022-08-08T13:20:00.920+0530][gc,start      ] GC(3) Pause Young (Normal) (G1 Evacuation Pause)
[2022-08-08T13:20:00.920+0530][gc,task       ] GC(3) Using 8 workers of 8 for evacuation
[2022-08-08T13:20:00.923+0530][gc,phases     ] GC(3)   Pre Evacuate Collection Set: 0.0ms
[2022-08-08T13:20:00.923+0530][gc,phases     ] GC(3)   Evacuate Collection Set: 2.7ms
[2022-08-08T13:20:00.923+0530][gc,phases     ] GC(3)   Post Evacuate Collection Set: 1.0ms
[2022-08-08T13:20:00.923+0530][gc,phases     ] GC(3)   Other: 0.1ms
[2022-08-08T13:20:00.923+0530][gc,heap       ] GC(3) Eden regions: 49->0(46)
[2022-08-08T13:20:00.923+0530][gc,heap       ] GC(3) Survivor regions: 2->5(7)
[2022-08-08T13:20:00.923+0530][gc,heap       ] GC(3) Old regions: 9->9
[2022-08-08T13:20:00.923+0530][gc,heap       ] GC(3) Humongous regions: 146->146
[2022-08-08T13:20:00.923+0530][gc,metaspace  ] GC(3) Metaspace: 33253K->33253K(1079296K)
[2022-08-08T13:20:00.923+0530][gc            ] GC(3) Pause Young (Normal) (G1 Evacuation Pause) 203M->157M(1024M) 3.845ms
[2022-08-08T13:20:00.923+0530][gc,cpu        ] GC(3) User=0.03s Sys=0.00s Real=0.01s
[2022-08-08T13:20:00.963+0530][gc,start      ] GC(4) Pause Young (Concurrent Start) (Metadata GC Threshold)
[2022-08-08T13:20:00.963+0530][gc,task       ] GC(4) Using 8 workers of 8 for evacuation
[2022-08-08T13:20:00.966+0530][gc,phases     ] GC(4)   Pre Evacuate Collection Set: 0.1ms
[2022-08-08T13:20:00.967+0530][gc,phases     ] GC(4)   Evacuate Collection Set: 2.5ms
[2022-08-08T13:20:00.967+0530][gc,phases     ] GC(4)   Post Evacuate Collection Set: 0.3ms
[2022-08-08T13:20:00.967+0530][gc,phases     ] GC(4)   Other: 0.1ms
[2022-08-08T13:20:00.967+0530][gc,heap       ] GC(4) Eden regions: 7->0(47)
[2022-08-08T13:20:00.967+0530][gc,heap       ] GC(4) Survivor regions: 5->4(7)
[2022-08-08T13:20:00.967+0530][gc,heap       ] GC(4) Old regions: 9->10
[2022-08-08T13:20:00.967+0530][gc,heap       ] GC(4) Humongous regions: 146->146
[2022-08-08T13:20:00.967+0530][gc,metaspace  ] GC(4) Metaspace: 34715K->34715K(1081344K)
[2022-08-08T13:20:00.967+0530][gc            ] GC(4) Pause Young (Concurrent Start) (Metadata GC Threshold) 164M->157M(1024M) 3.096ms
[2022-08-08T13:20:00.967+0530][gc,cpu        ] GC(4) User=0.02s Sys=0.00s Real=0.00s
[2022-08-08T13:20:00.967+0530][gc            ] GC(5) Concurrent Cycle
[2022-08-08T13:20:00.967+0530][gc,marking    ] GC(5) Concurrent Clear Claimed Marks
[2022-08-08T13:20:00.967+0530][gc,marking    ] GC(5) Concurrent Clear Claimed Marks 0.021ms
[2022-08-08T13:20:00.967+0530][gc,marking    ] GC(5) Concurrent Scan Root Regions
[2022-08-08T13:20:00.968+0530][gc,marking    ] GC(5) Concurrent Scan Root Regions 1.176ms
[2022-08-08T13:20:00.968+0530][gc,marking    ] GC(5) Concurrent Mark (1.672s)
[2022-08-08T13:20:00.968+0530][gc,marking    ] GC(5) Concurrent Mark From Roots
[2022-08-08T13:20:00.968+0530][gc,task       ] GC(5) Using 2 workers of 2 for marking
[2022-08-08T13:20:00.973+0530][gc,marking    ] GC(5) Concurrent Mark From Roots 5.289ms
[2022-08-08T13:20:00.973+0530][gc,marking    ] GC(5) Concurrent Preclean
[2022-08-08T13:20:00.973+0530][gc,marking    ] GC(5) Concurrent Preclean 0.082ms
[2022-08-08T13:20:00.973+0530][gc,marking    ] GC(5) Concurrent Mark (1.672s, 1.677s) 5.410ms
[2022-08-08T13:20:00.973+0530][gc,start      ] GC(5) Pause Remark
[2022-08-08T13:20:00.975+0530][gc,stringtable] GC(5) Cleaned string and symbol table, strings: 10793 processed, 11 removed, symbols: 84180 processed, 20 removed
[2022-08-08T13:20:00.975+0530][gc            ] GC(5) Pause Remark 159M->159M(1024M) 1.667ms
[2022-08-08T13:20:00.975+0530][gc,cpu        ] GC(5) User=0.01s Sys=0.00s Real=0.00s
[2022-08-08T13:20:00.975+0530][gc,marking    ] GC(5) Concurrent Rebuild Remembered Sets
[2022-08-08T13:20:00.978+0530][gc,marking    ] GC(5) Concurrent Rebuild Remembered Sets 2.960ms
[2022-08-08T13:20:00.978+0530][gc,start      ] GC(5) Pause Cleanup
[2022-08-08T13:20:00.978+0530][gc            ] GC(5) Pause Cleanup 159M->159M(1024M) 0.201ms
[2022-08-08T13:20:00.978+0530][gc,cpu        ] GC(5) User=0.00s Sys=0.00s Real=0.00s
[2022-08-08T13:20:00.978+0530][gc,marking    ] GC(5) Concurrent Cleanup for Next Mark
[2022-08-08T13:20:00.982+0530][gc,marking    ] GC(5) Concurrent Cleanup for Next Mark 3.156ms
[2022-08-08T13:20:00.982+0530][gc            ] GC(5) Concurrent Cycle 15.088ms
[2022-08-08T13:20:01.416+0530][gc,start      ] GC(6) Pause Young (Normal) (G1 Evacuation Pause)
[2022-08-08T13:20:01.416+0530][gc,task       ] GC(6) Using 8 workers of 8 for evacuation
[2022-08-08T13:20:01.420+0530][gc,phases     ] GC(6)   Pre Evacuate Collection Set: 0.0ms
[2022-08-08T13:20:01.420+0530][gc,phases     ] GC(6)   Evacuate Collection Set: 2.9ms
[2022-08-08T13:20:01.420+0530][gc,phases     ] GC(6)   Post Evacuate Collection Set: 0.4ms
[2022-08-08T13:20:01.420+0530][gc,phases     ] GC(6)   Other: 0.1ms
[2022-08-08T13:20:01.420+0530][gc,heap       ] GC(6) Eden regions: 47->0(46)
[2022-08-08T13:20:01.420+0530][gc,heap       ] GC(6) Survivor regions: 4->5(7)
[2022-08-08T13:20:01.420+0530][gc,heap       ] GC(6) Old regions: 10->10
[2022-08-08T13:20:01.420+0530][gc,heap       ] GC(6) Humongous regions: 146->146
[2022-08-08T13:20:01.420+0530][gc,metaspace  ] GC(6) Metaspace: 38027K->38027K(1083392K)
[2022-08-08T13:20:01.420+0530][gc            ] GC(6) Pause Young (Normal) (G1 Evacuation Pause) 204M->159M(1024M) 3.487ms
[2022-08-08T13:20:01.420+0530][gc,cpu        ] GC(6) User=0.03s Sys=0.00s Real=0.00s
[2022-08-08T13:20:01.785+0530][gc,start      ] GC(7) Pause Young (Normal) (G1 Evacuation Pause)
[2022-08-08T13:20:01.785+0530][gc,task       ] GC(7) Using 8 workers of 8 for evacuation
[2022-08-08T13:20:01.789+0530][gc,phases     ] GC(7)   Pre Evacuate Collection Set: 0.0ms
[2022-08-08T13:20:01.789+0530][gc,phases     ] GC(7)   Evacuate Collection Set: 3.6ms
[2022-08-08T13:20:01.789+0530][gc,phases     ] GC(7)   Post Evacuate Collection Set: 0.4ms
[2022-08-08T13:20:01.789+0530][gc,phases     ] GC(7)   Other: 0.1ms
[2022-08-08T13:20:01.789+0530][gc,heap       ] GC(7) Eden regions: 46->0(47)
[2022-08-08T13:20:01.789+0530][gc,heap       ] GC(7) Survivor regions: 5->4(7)
[2022-08-08T13:20:01.789+0530][gc,heap       ] GC(7) Old regions: 10->13
[2022-08-08T13:20:01.789+0530][gc,heap       ] GC(7) Humongous regions: 146->146
[2022-08-08T13:20:01.789+0530][gc,metaspace  ] GC(7) Metaspace: 40484K->40484K(1085440K)
[2022-08-08T13:20:01.789+0530][gc            ] GC(7) Pause Young (Normal) (G1 Evacuation Pause) 205M->161M(1024M) 4.148ms
[2022-08-08T13:20:01.789+0530][gc,cpu        ] GC(7) User=0.02s Sys=0.00s Real=0.00s
[2022-08-08T13:20:02.059+0530][gc,start      ] GC(8) Pause Young (Normal) (G1 Evacuation Pause)
[2022-08-08T13:20:02.059+0530][gc,task       ] GC(8) Using 8 workers of 8 for evacuation
[2022-08-08T13:20:02.063+0530][gc,phases     ] GC(8)   Pre Evacuate Collection Set: 0.0ms
[2022-08-08T13:20:02.063+0530][gc,phases     ] GC(8)   Evacuate Collection Set: 3.1ms
[2022-08-08T13:20:02.063+0530][gc,phases     ] GC(8)   Post Evacuate Collection Set: 0.4ms
[2022-08-08T13:20:02.063+0530][gc,phases     ] GC(8)   Other: 0.1ms
[2022-08-08T13:20:02.063+0530][gc,heap       ] GC(8) Eden regions: 47->0(45)
[2022-08-08T13:20:02.063+0530][gc,heap       ] GC(8) Survivor regions: 4->6(7)
[2022-08-08T13:20:02.063+0530][gc,heap       ] GC(8) Old regions: 13->13
[2022-08-08T13:20:02.063+0530][gc,heap       ] GC(8) Humongous regions: 146->146
[2022-08-08T13:20:02.063+0530][gc,metaspace  ] GC(8) Metaspace: 45039K->45039K(1089536K)
[2022-08-08T13:20:02.063+0530][gc            ] GC(8) Pause Young (Normal) (G1 Evacuation Pause) 208M->163M(1024M) 3.731ms
[2022-08-08T13:20:02.063+0530][gc,cpu        ] GC(8) User=0.03s Sys=0.00s Real=0.00s
[2022-08-08T13:22:11.408+0530][gc,heap,exit  ] Heap
[2022-08-08T13:22:11.408+0530][gc,heap,exit  ]  garbage-first heap   total 1048576K, used 195729K [0x00000000c0000000, 0x0000000100000000)
[2022-08-08T13:22:11.408+0530][gc,heap,exit  ]   region size 1024K, 35 young (35840K), 6 survivors (6144K)
[2022-08-08T13:22:11.408+0530][gc,heap,exit  ]  Metaspace       used 47231K, capacity 49089K, committed 49408K, reserved 1091584K
[2022-08-08T13:22:11.408+0530][gc,heap,exit  ]   class space    used 5772K, capacity 6633K, committed 6656K, reserved 1048576K
