[2022-08-14T07:47:50.550+0530][gc,heap] Heap region size: 1M
[2022-08-14T07:47:50.559+0530][gc     ] Using G1
[2022-08-14T07:47:50.559+0530][gc,heap,coops] Heap address: 0x00000000c0000000, size: 1024 MB, Compressed Oops mode: 32-bit
[2022-08-14T07:47:50.559+0530][gc,cds       ] Mark closed archive regions in map: [0x00000000fff00000, 0x00000000fff6aff8]
[2022-08-14T07:47:50.559+0530][gc,cds       ] Mark open archive regions in map: [0x00000000ffe00000, 0x00000000ffe47ff8]
[2022-08-14T07:47:52.324+0530][gc,start     ] GC(0) Pause Young (Normal) (G1 Evacuation Pause)
[2022-08-14T07:47:52.325+0530][gc,task      ] GC(0) Using 8 workers of 8 for evacuation
[2022-08-14T07:47:52.339+0530][gc,phases    ] GC(0)   Pre Evacuate Collection Set: 0.0ms
[2022-08-14T07:47:52.339+0530][gc,phases    ] GC(0)   Evacuate Collection Set: 12.9ms
[2022-08-14T07:47:52.340+0530][gc,phases    ] GC(0)   Post Evacuate Collection Set: 1.6ms
[2022-08-14T07:47:52.340+0530][gc,phases    ] GC(0)   Other: 0.7ms
[2022-08-14T07:47:52.340+0530][gc,heap      ] GC(0) Eden regions: 51->0(44)
[2022-08-14T07:47:52.340+0530][gc,heap      ] GC(0) Survivor regions: 0->7(7)
[2022-08-14T07:47:52.340+0530][gc,heap      ] GC(0) Old regions: 2->2
[2022-08-14T07:47:52.340+0530][gc,heap      ] GC(0) Humongous regions: 0->0
[2022-08-14T07:47:52.340+0530][gc,metaspace ] GC(0) Metaspace: 14959K->14959K(1062912K)
[2022-08-14T07:47:52.340+0530][gc           ] GC(0) Pause Young (Normal) (G1 Evacuation Pause) 51M->7M(1024M) 15.855ms
[2022-08-14T07:47:52.340+0530][gc,cpu       ] GC(0) User=0.04s Sys=0.01s Real=0.02s
[2022-08-14T07:47:53.248+0530][gc,start     ] GC(1) Pause Young (Concurrent Start) (Metadata GC Threshold)
[2022-08-14T07:47:53.248+0530][gc,task      ] GC(1) Using 8 workers of 8 for evacuation
[2022-08-14T07:47:53.260+0530][gc,phases    ] GC(1)   Pre Evacuate Collection Set: 0.0ms
[2022-08-14T07:47:53.260+0530][gc,phases    ] GC(1)   Evacuate Collection Set: 11.3ms
[2022-08-14T07:47:53.260+0530][gc,phases    ] GC(1)   Post Evacuate Collection Set: 0.5ms
[2022-08-14T07:47:53.260+0530][gc,phases    ] GC(1)   Other: 0.2ms
[2022-08-14T07:47:53.260+0530][gc,heap      ] GC(1) Eden regions: 28->0(49)
[2022-08-14T07:47:53.260+0530][gc,heap      ] GC(1) Survivor regions: 7->2(7)
[2022-08-14T07:47:53.260+0530][gc,heap      ] GC(1) Old regions: 2->9
[2022-08-14T07:47:53.260+0530][gc,heap      ] GC(1) Humongous regions: 0->0
[2022-08-14T07:47:53.260+0530][gc,metaspace ] GC(1) Metaspace: 20506K->20506K(1067008K)
[2022-08-14T07:47:53.260+0530][gc           ] GC(1) Pause Young (Concurrent Start) (Metadata GC Threshold) 35M->8M(1024M) 12.189ms
[2022-08-14T07:47:53.260+0530][gc,cpu       ] GC(1) User=0.08s Sys=0.00s Real=0.02s
[2022-08-14T07:47:53.261+0530][gc           ] GC(2) Concurrent Cycle
[2022-08-14T07:47:53.261+0530][gc,marking   ] GC(2) Concurrent Clear Claimed Marks
[2022-08-14T07:47:53.261+0530][gc,marking   ] GC(2) Concurrent Clear Claimed Marks 0.023ms
[2022-08-14T07:47:53.261+0530][gc,marking   ] GC(2) Concurrent Scan Root Regions
[2022-08-14T07:47:53.262+0530][gc,marking   ] GC(2) Concurrent Scan Root Regions 0.978ms
[2022-08-14T07:47:53.262+0530][gc,marking   ] GC(2) Concurrent Mark (2.715s)
[2022-08-14T07:47:53.262+0530][gc,marking   ] GC(2) Concurrent Mark From Roots
[2022-08-14T07:47:53.262+0530][gc,task      ] GC(2) Using 2 workers of 2 for marking
[2022-08-14T07:47:53.269+0530][gc,marking   ] GC(2) Concurrent Mark From Roots 7.151ms
[2022-08-14T07:47:53.269+0530][gc,marking   ] GC(2) Concurrent Preclean
[2022-08-14T07:47:53.269+0530][gc,marking   ] GC(2) Concurrent Preclean 0.169ms
[2022-08-14T07:47:53.269+0530][gc,marking   ] GC(2) Concurrent Mark (2.715s, 2.722s) 7.384ms
[2022-08-14T07:47:53.269+0530][gc,start     ] GC(2) Pause Remark
[2022-08-14T07:47:53.277+0530][gc,stringtable] GC(2) Cleaned string and symbol table, strings: 6796 processed, 0 removed, symbols: 53086 processed, 34 removed
[2022-08-14T07:47:53.278+0530][gc            ] GC(2) Pause Remark 9M->9M(1024M) 8.573ms
[2022-08-14T07:47:53.278+0530][gc,cpu        ] GC(2) User=0.05s Sys=0.00s Real=0.01s
[2022-08-14T07:47:53.278+0530][gc,marking    ] GC(2) Concurrent Rebuild Remembered Sets
[2022-08-14T07:47:53.287+0530][gc,marking    ] GC(2) Concurrent Rebuild Remembered Sets 9.600ms
[2022-08-14T07:47:53.288+0530][gc,start      ] GC(2) Pause Cleanup
[2022-08-14T07:47:53.289+0530][gc            ] GC(2) Pause Cleanup 9M->9M(1024M) 0.764ms
[2022-08-14T07:47:53.289+0530][gc,cpu        ] GC(2) User=0.00s Sys=0.00s Real=0.00s
[2022-08-14T07:47:53.289+0530][gc,marking    ] GC(2) Concurrent Cleanup for Next Mark
[2022-08-14T07:47:53.298+0530][gc,marking    ] GC(2) Concurrent Cleanup for Next Mark 9.337ms
[2022-08-14T07:47:53.298+0530][gc            ] GC(2) Concurrent Cycle 37.583ms
[2022-08-14T07:47:54.497+0530][gc,start      ] GC(3) Pause Young (Normal) (G1 Evacuation Pause)
[2022-08-14T07:47:54.497+0530][gc,task       ] GC(3) Using 8 workers of 8 for evacuation
[2022-08-14T07:47:54.515+0530][gc,phases     ] GC(3)   Pre Evacuate Collection Set: 0.0ms
[2022-08-14T07:47:54.515+0530][gc,phases     ] GC(3)   Evacuate Collection Set: 13.4ms
[2022-08-14T07:47:54.515+0530][gc,phases     ] GC(3)   Post Evacuate Collection Set: 3.9ms
[2022-08-14T07:47:54.515+0530][gc,phases     ] GC(3)   Other: 0.2ms
[2022-08-14T07:47:54.515+0530][gc,heap       ] GC(3) Eden regions: 49->0(46)
[2022-08-14T07:47:54.515+0530][gc,heap       ] GC(3) Survivor regions: 2->5(7)
[2022-08-14T07:47:54.515+0530][gc,heap       ] GC(3) Old regions: 9->9
[2022-08-14T07:47:54.515+0530][gc,heap       ] GC(3) Humongous regions: 146->146
[2022-08-14T07:47:54.515+0530][gc,metaspace  ] GC(3) Metaspace: 33501K->33501K(1079296K)
[2022-08-14T07:47:54.515+0530][gc            ] GC(3) Pause Young (Normal) (G1 Evacuation Pause) 203M->157M(1024M) 17.832ms
[2022-08-14T07:47:54.515+0530][gc,cpu        ] GC(3) User=0.13s Sys=0.00s Real=0.02s
[2022-08-14T07:47:54.637+0530][gc,start      ] GC(4) Pause Young (Concurrent Start) (Metadata GC Threshold)
[2022-08-14T07:47:54.637+0530][gc,task       ] GC(4) Using 8 workers of 8 for evacuation
[2022-08-14T07:47:54.640+0530][gc,phases     ] GC(4)   Pre Evacuate Collection Set: 0.1ms
[2022-08-14T07:47:54.640+0530][gc,phases     ] GC(4)   Evacuate Collection Set: 3.0ms
[2022-08-14T07:47:54.640+0530][gc,phases     ] GC(4)   Post Evacuate Collection Set: 0.3ms
[2022-08-14T07:47:54.640+0530][gc,phases     ] GC(4)   Other: 0.2ms
[2022-08-14T07:47:54.640+0530][gc,heap       ] GC(4) Eden regions: 6->0(47)
[2022-08-14T07:47:54.640+0530][gc,heap       ] GC(4) Survivor regions: 5->4(7)
[2022-08-14T07:47:54.640+0530][gc,heap       ] GC(4) Old regions: 9->10
[2022-08-14T07:47:54.640+0530][gc,heap       ] GC(4) Humongous regions: 146->146
[2022-08-14T07:47:54.640+0530][gc,metaspace  ] GC(4) Metaspace: 34727K->34727K(1081344K)
[2022-08-14T07:47:54.640+0530][gc            ] GC(4) Pause Young (Concurrent Start) (Metadata GC Threshold) 163M->157M(1024M) 3.615ms
[2022-08-14T07:47:54.640+0530][gc,cpu        ] GC(4) User=0.01s Sys=0.00s Real=0.01s
[2022-08-14T07:47:54.640+0530][gc            ] GC(5) Concurrent Cycle
[2022-08-14T07:47:54.640+0530][gc,marking    ] GC(5) Concurrent Clear Claimed Marks
[2022-08-14T07:47:54.640+0530][gc,marking    ] GC(5) Concurrent Clear Claimed Marks 0.029ms
[2022-08-14T07:47:54.640+0530][gc,marking    ] GC(5) Concurrent Scan Root Regions
[2022-08-14T07:47:54.642+0530][gc,marking    ] GC(5) Concurrent Scan Root Regions 1.267ms
[2022-08-14T07:47:54.642+0530][gc,marking    ] GC(5) Concurrent Mark (4.095s)
[2022-08-14T07:47:54.642+0530][gc,marking    ] GC(5) Concurrent Mark From Roots
[2022-08-14T07:47:54.642+0530][gc,task       ] GC(5) Using 2 workers of 2 for marking
[2022-08-14T07:47:54.649+0530][gc,marking    ] GC(5) Concurrent Mark From Roots 7.389ms
[2022-08-14T07:47:54.649+0530][gc,marking    ] GC(5) Concurrent Preclean
[2022-08-14T07:47:54.649+0530][gc,marking    ] GC(5) Concurrent Preclean 0.135ms
[2022-08-14T07:47:54.649+0530][gc,marking    ] GC(5) Concurrent Mark (4.095s, 4.102s) 7.577ms
[2022-08-14T07:47:54.649+0530][gc,start      ] GC(5) Pause Remark
[2022-08-14T07:47:54.652+0530][gc,stringtable] GC(5) Cleaned string and symbol table, strings: 10495 processed, 11 removed, symbols: 86534 processed, 20 removed
[2022-08-14T07:47:54.653+0530][gc            ] GC(5) Pause Remark 159M->159M(1024M) 3.672ms
[2022-08-14T07:47:54.653+0530][gc,cpu        ] GC(5) User=0.02s Sys=0.00s Real=0.01s
[2022-08-14T07:47:54.653+0530][gc,marking    ] GC(5) Concurrent Rebuild Remembered Sets
[2022-08-14T07:47:54.665+0530][gc,marking    ] GC(5) Concurrent Rebuild Remembered Sets 11.882ms
[2022-08-14T07:47:54.665+0530][gc,start      ] GC(5) Pause Cleanup
[2022-08-14T07:47:54.666+0530][gc            ] GC(5) Pause Cleanup 159M->159M(1024M) 0.391ms
[2022-08-14T07:47:54.666+0530][gc,cpu        ] GC(5) User=0.00s Sys=0.00s Real=0.00s
[2022-08-14T07:47:54.666+0530][gc,marking    ] GC(5) Concurrent Cleanup for Next Mark
[2022-08-14T07:47:54.674+0530][gc,marking    ] GC(5) Concurrent Cleanup for Next Mark 8.123ms
[2022-08-14T07:47:54.674+0530][gc            ] GC(5) Concurrent Cycle 33.729ms
[2022-08-14T07:47:55.477+0530][gc,start      ] GC(6) Pause Young (Concurrent Start) (G1 Evacuation Pause)
[2022-08-14T07:47:55.477+0530][gc,task       ] GC(6) Using 8 workers of 8 for evacuation
[2022-08-14T07:47:55.502+0530][gc,mmu        ] GC(6) MMU target violated: 21.0ms (20.0ms/21.0ms)
[2022-08-14T07:47:55.502+0530][gc,phases     ] GC(6)   Pre Evacuate Collection Set: 0.2ms
[2022-08-14T07:47:55.502+0530][gc,phases     ] GC(6)   Evacuate Collection Set: 22.7ms
[2022-08-14T07:47:55.502+0530][gc,phases     ] GC(6)   Post Evacuate Collection Set: 1.0ms
[2022-08-14T07:47:55.502+0530][gc,phases     ] GC(6)   Other: 0.6ms
[2022-08-14T07:47:55.502+0530][gc,heap       ] GC(6) Eden regions: 47->0(45)
[2022-08-14T07:47:55.502+0530][gc,heap       ] GC(6) Survivor regions: 4->6(7)
[2022-08-14T07:47:55.502+0530][gc,heap       ] GC(6) Old regions: 10->10
[2022-08-14T07:47:55.502+0530][gc,heap       ] GC(6) Humongous regions: 146->146
[2022-08-14T07:47:55.502+0530][gc,metaspace  ] GC(6) Metaspace: 39925K->39925K(1085440K)
[2022-08-14T07:47:55.502+0530][gc            ] GC(6) Pause Young (Concurrent Start) (G1 Evacuation Pause) 204M->160M(1024M) 24.799ms
[2022-08-14T07:47:55.502+0530][gc,cpu        ] GC(6) User=0.10s Sys=0.00s Real=0.03s
[2022-08-14T07:47:55.502+0530][gc            ] GC(7) Concurrent Cycle
[2022-08-14T07:47:55.502+0530][gc,marking    ] GC(7) Concurrent Clear Claimed Marks
[2022-08-14T07:47:55.502+0530][gc,marking    ] GC(7) Concurrent Clear Claimed Marks 0.174ms
[2022-08-14T07:47:55.503+0530][gc,marking    ] GC(7) Concurrent Scan Root Regions
[2022-08-14T07:47:55.511+0530][gc,marking    ] GC(7) Concurrent Scan Root Regions 8.326ms
[2022-08-14T07:47:55.511+0530][gc,marking    ] GC(7) Concurrent Mark (4.964s)
[2022-08-14T07:47:55.511+0530][gc,marking    ] GC(7) Concurrent Mark From Roots
[2022-08-14T07:47:55.511+0530][gc,task       ] GC(7) Using 2 workers of 2 for marking
[2022-08-14T07:47:55.525+0530][gc,marking    ] GC(7) Concurrent Mark From Roots 13.938ms
[2022-08-14T07:47:55.525+0530][gc,marking    ] GC(7) Concurrent Preclean
[2022-08-14T07:47:55.525+0530][gc,marking    ] GC(7) Concurrent Preclean 0.255ms
[2022-08-14T07:47:55.525+0530][gc,marking    ] GC(7) Concurrent Mark (4.964s, 4.978s) 14.324ms
[2022-08-14T07:47:55.525+0530][gc,start      ] GC(7) Pause Remark
[2022-08-14T07:47:55.534+0530][gc,stringtable] GC(7) Cleaned string and symbol table, strings: 12606 processed, 3 removed, symbols: 95030 processed, 11 removed
[2022-08-14T07:47:55.535+0530][gc            ] GC(7) Pause Remark 161M->161M(1024M) 9.278ms
[2022-08-14T07:47:55.535+0530][gc,cpu        ] GC(7) User=0.03s Sys=0.00s Real=0.01s
[2022-08-14T07:47:55.535+0530][gc,marking    ] GC(7) Concurrent Rebuild Remembered Sets
[2022-08-14T07:47:55.540+0530][gc,marking    ] GC(7) Concurrent Rebuild Remembered Sets 4.842ms
[2022-08-14T07:47:55.540+0530][gc,start      ] GC(7) Pause Cleanup
[2022-08-14T07:47:55.540+0530][gc            ] GC(7) Pause Cleanup 161M->161M(1024M) 0.228ms
[2022-08-14T07:47:55.540+0530][gc,cpu        ] GC(7) User=0.00s Sys=0.00s Real=0.00s
[2022-08-14T07:47:55.540+0530][gc,marking    ] GC(7) Concurrent Cleanup for Next Mark
[2022-08-14T07:47:55.541+0530][gc,marking    ] GC(7) Concurrent Cleanup for Next Mark 0.747ms
[2022-08-14T07:47:55.541+0530][gc            ] GC(7) Concurrent Cycle 38.719ms
[2022-08-14T07:47:56.532+0530][gc,start      ] GC(8) Pause Young (Normal) (G1 Evacuation Pause)
[2022-08-14T07:47:56.533+0530][gc,task       ] GC(8) Using 8 workers of 8 for evacuation
[2022-08-14T07:47:56.540+0530][gc,phases     ] GC(8)   Pre Evacuate Collection Set: 0.0ms
[2022-08-14T07:47:56.540+0530][gc,phases     ] GC(8)   Evacuate Collection Set: 6.8ms
[2022-08-14T07:47:56.540+0530][gc,phases     ] GC(8)   Post Evacuate Collection Set: 0.5ms
[2022-08-14T07:47:56.540+0530][gc,phases     ] GC(8)   Other: 0.2ms
[2022-08-14T07:47:56.540+0530][gc,heap       ] GC(8) Eden regions: 45->0(47)
[2022-08-14T07:47:56.540+0530][gc,heap       ] GC(8) Survivor regions: 6->4(7)
[2022-08-14T07:47:56.540+0530][gc,heap       ] GC(8) Old regions: 10->13
[2022-08-14T07:47:56.540+0530][gc,heap       ] GC(8) Humongous regions: 146->146
[2022-08-14T07:47:56.540+0530][gc,metaspace  ] GC(8) Metaspace: 40843K->40843K(1085440K)
[2022-08-14T07:47:56.540+0530][gc            ] GC(8) Pause Young (Normal) (G1 Evacuation Pause) 205M->160M(1024M) 7.607ms
[2022-08-14T07:47:56.540+0530][gc,cpu        ] GC(8) User=0.04s Sys=0.01s Real=0.01s
[2022-08-14T07:47:57.796+0530][gc,start      ] GC(9) Pause Young (Normal) (G1 Evacuation Pause)
[2022-08-14T07:47:57.796+0530][gc,task       ] GC(9) Using 8 workers of 8 for evacuation
[2022-08-14T07:47:57.808+0530][gc,phases     ] GC(9)   Pre Evacuate Collection Set: 0.0ms
[2022-08-14T07:47:57.808+0530][gc,phases     ] GC(9)   Evacuate Collection Set: 11.3ms
[2022-08-14T07:47:57.808+0530][gc,phases     ] GC(9)   Post Evacuate Collection Set: 0.5ms
[2022-08-14T07:47:57.808+0530][gc,phases     ] GC(9)   Other: 0.2ms
[2022-08-14T07:47:57.808+0530][gc,heap       ] GC(9) Eden regions: 47->0(46)
[2022-08-14T07:47:57.808+0530][gc,heap       ] GC(9) Survivor regions: 4->5(7)
[2022-08-14T07:47:57.808+0530][gc,heap       ] GC(9) Old regions: 13->13
[2022-08-14T07:47:57.808+0530][gc,heap       ] GC(9) Humongous regions: 163->163
[2022-08-14T07:47:57.808+0530][gc,metaspace  ] GC(9) Metaspace: 46304K->46304K(1091584K)
[2022-08-14T07:47:57.808+0530][gc            ] GC(9) Pause Young (Normal) (G1 Evacuation Pause) 224M->179M(1024M) 12.114ms
[2022-08-14T07:47:57.808+0530][gc,cpu        ] GC(9) User=0.05s Sys=0.00s Real=0.01s
[2022-08-14T08:07:18.768+0530][gc,start      ] GC(10) Pause Young (Normal) (G1 Evacuation Pause)
[2022-08-14T08:07:18.769+0530][gc,task       ] GC(10) Using 8 workers of 8 for evacuation
[2022-08-14T08:07:18.772+0530][gc,phases     ] GC(10)   Pre Evacuate Collection Set: 0.0ms
[2022-08-14T08:07:18.772+0530][gc,phases     ] GC(10)   Evacuate Collection Set: 3.3ms
[2022-08-14T08:07:18.772+0530][gc,phases     ] GC(10)   Post Evacuate Collection Set: 0.5ms
[2022-08-14T08:07:18.772+0530][gc,phases     ] GC(10)   Other: 0.2ms
[2022-08-14T08:07:18.772+0530][gc,heap       ] GC(10) Eden regions: 46->0(48)
[2022-08-14T08:07:18.772+0530][gc,heap       ] GC(10) Survivor regions: 5->4(7)
[2022-08-14T08:07:18.772+0530][gc,heap       ] GC(10) Old regions: 13->15
[2022-08-14T08:07:18.772+0530][gc,heap       ] GC(10) Humongous regions: 163->163
[2022-08-14T08:07:18.773+0530][gc,metaspace  ] GC(10) Metaspace: 49178K->49178K(1093632K)
[2022-08-14T08:07:18.773+0530][gc            ] GC(10) Pause Young (Normal) (G1 Evacuation Pause) 225M->180M(1024M) 4.047ms
[2022-08-14T08:07:18.773+0530][gc,cpu        ] GC(10) User=0.02s Sys=0.00s Real=0.01s
[2022-08-14T08:28:11.359+0530][gc,start      ] GC(11) Pause Young (Normal) (G1 Evacuation Pause)
[2022-08-14T08:28:11.359+0530][gc,task       ] GC(11) Using 8 workers of 8 for evacuation
[2022-08-14T08:28:11.365+0530][gc,phases     ] GC(11)   Pre Evacuate Collection Set: 0.0ms
[2022-08-14T08:28:11.365+0530][gc,phases     ] GC(11)   Evacuate Collection Set: 5.1ms
[2022-08-14T08:28:11.365+0530][gc,phases     ] GC(11)   Post Evacuate Collection Set: 0.5ms
[2022-08-14T08:28:11.365+0530][gc,phases     ] GC(11)   Other: 0.4ms
[2022-08-14T08:28:11.365+0530][gc,heap       ] GC(11) Eden regions: 48->0(53)
[2022-08-14T08:28:11.365+0530][gc,heap       ] GC(11) Survivor regions: 4->4(7)
[2022-08-14T08:28:11.365+0530][gc,heap       ] GC(11) Old regions: 15->15
[2022-08-14T08:28:11.365+0530][gc,heap       ] GC(11) Humongous regions: 163->163
[2022-08-14T08:28:11.365+0530][gc,metaspace  ] GC(11) Metaspace: 49900K->49900K(1093632K)
[2022-08-14T08:28:11.365+0530][gc            ] GC(11) Pause Young (Normal) (G1 Evacuation Pause) 228M->180M(1024M) 6.123ms
[2022-08-14T08:28:11.365+0530][gc,cpu        ] GC(11) User=0.04s Sys=0.00s Real=0.01s
[2022-08-14T08:33:22.913+0530][gc,heap,exit  ] Heap
[2022-08-14T08:33:22.913+0530][gc,heap,exit  ]  garbage-first heap   total 1048576K, used 218376K [0x00000000c0000000, 0x0000000100000000)
[2022-08-14T08:33:22.913+0530][gc,heap,exit  ]   region size 1024K, 39 young (39936K), 4 survivors (4096K)
[2022-08-14T08:33:22.913+0530][gc,heap,exit  ]  Metaspace       used 50768K, capacity 52723K, committed 52864K, reserved 1095680K
[2022-08-14T08:33:22.913+0530][gc,heap,exit  ]   class space    used 6085K, capacity 7020K, committed 7040K, reserved 1048576K
