[2022-08-08T13:22:54.228+0530][gc,heap] Heap region size: 1M
[2022-08-08T13:22:54.235+0530][gc     ] Using G1
[2022-08-08T13:22:54.235+0530][gc,heap,coops] Heap address: 0x00000000c0000000, size: 1024 MB, Compressed Oops mode: 32-bit
[2022-08-08T13:22:54.236+0530][gc,cds       ] Mark closed archive regions in map: [0x00000000fff00000, 0x00000000fff6aff8]
[2022-08-08T13:22:54.236+0530][gc,cds       ] Mark open archive regions in map: [0x00000000ffe00000, 0x00000000ffe47ff8]
[2022-08-08T13:22:54.996+0530][gc,start     ] GC(0) Pause Young (Normal) (G1 Evacuation Pause)
[2022-08-08T13:22:54.998+0530][gc,task      ] GC(0) Using 8 workers of 8 for evacuation
[2022-08-08T13:22:55.008+0530][gc,phases    ] GC(0)   Pre Evacuate Collection Set: 0.0ms
[2022-08-08T13:22:55.008+0530][gc,phases    ] GC(0)   Evacuate Collection Set: 10.1ms
[2022-08-08T13:22:55.008+0530][gc,phases    ] GC(0)   Post Evacuate Collection Set: 0.5ms
[2022-08-08T13:22:55.008+0530][gc,phases    ] GC(0)   Other: 1.3ms
[2022-08-08T13:22:55.008+0530][gc,heap      ] GC(0) Eden regions: 51->0(44)
[2022-08-08T13:22:55.008+0530][gc,heap      ] GC(0) Survivor regions: 0->7(7)
[2022-08-08T13:22:55.008+0530][gc,heap      ] GC(0) Old regions: 2->2
[2022-08-08T13:22:55.008+0530][gc,heap      ] GC(0) Humongous regions: 0->0
[2022-08-08T13:22:55.008+0530][gc,metaspace ] GC(0) Metaspace: 14826K->14826K(1062912K)
[2022-08-08T13:22:55.008+0530][gc           ] GC(0) Pause Young (Normal) (G1 Evacuation Pause) 51M->7M(1024M) 11.946ms
[2022-08-08T13:22:55.008+0530][gc,cpu       ] GC(0) User=0.07s Sys=0.00s Real=0.01s
[2022-08-08T13:22:55.317+0530][gc,start     ] GC(1) Pause Young (Concurrent Start) (Metadata GC Threshold)
[2022-08-08T13:22:55.317+0530][gc,task      ] GC(1) Using 8 workers of 8 for evacuation
[2022-08-08T13:22:55.323+0530][gc,phases    ] GC(1)   Pre Evacuate Collection Set: 0.0ms
[2022-08-08T13:22:55.323+0530][gc,phases    ] GC(1)   Evacuate Collection Set: 5.9ms
[2022-08-08T13:22:55.323+0530][gc,phases    ] GC(1)   Post Evacuate Collection Set: 0.3ms
[2022-08-08T13:22:55.323+0530][gc,phases    ] GC(1)   Other: 0.2ms
[2022-08-08T13:22:55.323+0530][gc,heap      ] GC(1) Eden regions: 27->0(49)
[2022-08-08T13:22:55.323+0530][gc,heap      ] GC(1) Survivor regions: 7->2(7)
[2022-08-08T13:22:55.323+0530][gc,heap      ] GC(1) Old regions: 2->9
[2022-08-08T13:22:55.323+0530][gc,heap      ] GC(1) Humongous regions: 0->0
[2022-08-08T13:22:55.323+0530][gc,metaspace ] GC(1) Metaspace: 20548K->20548K(1067008K)
[2022-08-08T13:22:55.323+0530][gc           ] GC(1) Pause Young (Concurrent Start) (Metadata GC Threshold) 33M->8M(1024M) 6.545ms
[2022-08-08T13:22:55.323+0530][gc,cpu       ] GC(1) User=0.04s Sys=0.00s Real=0.01s
[2022-08-08T13:22:55.323+0530][gc           ] GC(2) Concurrent Cycle
[2022-08-08T13:22:55.323+0530][gc,marking   ] GC(2) Concurrent Clear Claimed Marks
[2022-08-08T13:22:55.324+0530][gc,marking   ] GC(2) Concurrent Clear Claimed Marks 0.013ms
[2022-08-08T13:22:55.324+0530][gc,marking   ] GC(2) Concurrent Scan Root Regions
[2022-08-08T13:22:55.324+0530][gc,marking   ] GC(2) Concurrent Scan Root Regions 0.658ms
[2022-08-08T13:22:55.324+0530][gc,marking   ] GC(2) Concurrent Mark (1.119s)
[2022-08-08T13:22:55.324+0530][gc,marking   ] GC(2) Concurrent Mark From Roots
[2022-08-08T13:22:55.324+0530][gc,task      ] GC(2) Using 2 workers of 2 for marking
[2022-08-08T13:22:55.328+0530][gc,marking   ] GC(2) Concurrent Mark From Roots 4.164ms
[2022-08-08T13:22:55.328+0530][gc,marking   ] GC(2) Concurrent Preclean
[2022-08-08T13:22:55.329+0530][gc,marking   ] GC(2) Concurrent Preclean 0.122ms
[2022-08-08T13:22:55.329+0530][gc,marking   ] GC(2) Concurrent Mark (1.119s, 1.123s) 4.337ms
[2022-08-08T13:22:55.329+0530][gc,start     ] GC(2) Pause Remark
[2022-08-08T13:22:55.334+0530][gc,stringtable] GC(2) Cleaned string and symbol table, strings: 7555 processed, 0 removed, symbols: 53153 processed, 33 removed
[2022-08-08T13:22:55.334+0530][gc            ] GC(2) Pause Remark 9M->9M(1024M) 5.349ms
[2022-08-08T13:22:55.334+0530][gc,cpu        ] GC(2) User=0.04s Sys=0.00s Real=0.00s
[2022-08-08T13:22:55.334+0530][gc,marking    ] GC(2) Concurrent Rebuild Remembered Sets
[2022-08-08T13:22:55.337+0530][gc,marking    ] GC(2) Concurrent Rebuild Remembered Sets 2.785ms
[2022-08-08T13:22:55.337+0530][gc,start      ] GC(2) Pause Cleanup
[2022-08-08T13:22:55.337+0530][gc            ] GC(2) Pause Cleanup 9M->9M(1024M) 0.221ms
[2022-08-08T13:22:55.337+0530][gc,cpu        ] GC(2) User=0.00s Sys=0.00s Real=0.00s
[2022-08-08T13:22:55.337+0530][gc,marking    ] GC(2) Concurrent Cleanup for Next Mark
[2022-08-08T13:22:55.341+0530][gc,marking    ] GC(2) Concurrent Cleanup for Next Mark 3.752ms
[2022-08-08T13:22:55.341+0530][gc            ] GC(2) Concurrent Cycle 17.505ms
[2022-08-08T13:22:55.936+0530][gc,start      ] GC(3) Pause Young (Normal) (G1 Evacuation Pause)
[2022-08-08T13:22:55.936+0530][gc,task       ] GC(3) Using 8 workers of 8 for evacuation
[2022-08-08T13:22:55.940+0530][gc,phases     ] GC(3)   Pre Evacuate Collection Set: 0.0ms
[2022-08-08T13:22:55.940+0530][gc,phases     ] GC(3)   Evacuate Collection Set: 2.8ms
[2022-08-08T13:22:55.940+0530][gc,phases     ] GC(3)   Post Evacuate Collection Set: 1.0ms
[2022-08-08T13:22:55.940+0530][gc,phases     ] GC(3)   Other: 0.1ms
[2022-08-08T13:22:55.940+0530][gc,heap       ] GC(3) Eden regions: 49->0(46)
[2022-08-08T13:22:55.940+0530][gc,heap       ] GC(3) Survivor regions: 2->5(7)
[2022-08-08T13:22:55.940+0530][gc,heap       ] GC(3) Old regions: 9->9
[2022-08-08T13:22:55.940+0530][gc,heap       ] GC(3) Humongous regions: 146->146
[2022-08-08T13:22:55.940+0530][gc,metaspace  ] GC(3) Metaspace: 33250K->33250K(1079296K)
[2022-08-08T13:22:55.940+0530][gc            ] GC(3) Pause Young (Normal) (G1 Evacuation Pause) 203M->157M(1024M) 3.941ms
[2022-08-08T13:22:55.940+0530][gc,cpu        ] GC(3) User=0.02s Sys=0.00s Real=0.00s
[2022-08-08T13:22:55.980+0530][gc,start      ] GC(4) Pause Young (Concurrent Start) (Metadata GC Threshold)
[2022-08-08T13:22:55.980+0530][gc,task       ] GC(4) Using 8 workers of 8 for evacuation
[2022-08-08T13:22:55.983+0530][gc,phases     ] GC(4)   Pre Evacuate Collection Set: 0.0ms
[2022-08-08T13:22:55.983+0530][gc,phases     ] GC(4)   Evacuate Collection Set: 2.6ms
[2022-08-08T13:22:55.983+0530][gc,phases     ] GC(4)   Post Evacuate Collection Set: 0.3ms
[2022-08-08T13:22:55.983+0530][gc,phases     ] GC(4)   Other: 0.1ms
[2022-08-08T13:22:55.983+0530][gc,heap       ] GC(4) Eden regions: 7->0(47)
[2022-08-08T13:22:55.983+0530][gc,heap       ] GC(4) Survivor regions: 5->4(7)
[2022-08-08T13:22:55.983+0530][gc,heap       ] GC(4) Old regions: 9->11
[2022-08-08T13:22:55.983+0530][gc,heap       ] GC(4) Humongous regions: 146->146
[2022-08-08T13:22:55.983+0530][gc,metaspace  ] GC(4) Metaspace: 34691K->34691K(1081344K)
[2022-08-08T13:22:55.983+0530][gc            ] GC(4) Pause Young (Concurrent Start) (Metadata GC Threshold) 164M->157M(1024M) 3.162ms
[2022-08-08T13:22:55.983+0530][gc,cpu        ] GC(4) User=0.02s Sys=0.00s Real=0.00s
[2022-08-08T13:22:55.983+0530][gc            ] GC(5) Concurrent Cycle
[2022-08-08T13:22:55.983+0530][gc,marking    ] GC(5) Concurrent Clear Claimed Marks
[2022-08-08T13:22:55.983+0530][gc,marking    ] GC(5) Concurrent Clear Claimed Marks 0.017ms
[2022-08-08T13:22:55.983+0530][gc,marking    ] GC(5) Concurrent Scan Root Regions
[2022-08-08T13:22:55.984+0530][gc,marking    ] GC(5) Concurrent Scan Root Regions 1.262ms
[2022-08-08T13:22:55.984+0530][gc,marking    ] GC(5) Concurrent Mark (1.779s)
[2022-08-08T13:22:55.984+0530][gc,marking    ] GC(5) Concurrent Mark From Roots
[2022-08-08T13:22:55.984+0530][gc,task       ] GC(5) Using 2 workers of 2 for marking
[2022-08-08T13:22:55.991+0530][gc,marking    ] GC(5) Concurrent Mark From Roots 6.650ms
[2022-08-08T13:22:55.991+0530][gc,marking    ] GC(5) Concurrent Preclean
[2022-08-08T13:22:55.991+0530][gc,marking    ] GC(5) Concurrent Preclean 0.082ms
[2022-08-08T13:22:55.991+0530][gc,marking    ] GC(5) Concurrent Mark (1.779s, 1.786s) 6.772ms
[2022-08-08T13:22:55.991+0530][gc,start      ] GC(5) Pause Remark
[2022-08-08T13:22:55.993+0530][gc,stringtable] GC(5) Cleaned string and symbol table, strings: 10797 processed, 11 removed, symbols: 84190 processed, 20 removed
[2022-08-08T13:22:55.993+0530][gc            ] GC(5) Pause Remark 158M->158M(1024M) 2.104ms
[2022-08-08T13:22:55.993+0530][gc,cpu        ] GC(5) User=0.01s Sys=0.00s Real=0.00s
[2022-08-08T13:22:55.993+0530][gc,marking    ] GC(5) Concurrent Rebuild Remembered Sets
[2022-08-08T13:22:55.996+0530][gc,marking    ] GC(5) Concurrent Rebuild Remembered Sets 2.956ms
[2022-08-08T13:22:55.996+0530][gc,start      ] GC(5) Pause Cleanup
[2022-08-08T13:22:55.996+0530][gc            ] GC(5) Pause Cleanup 159M->159M(1024M) 0.163ms
[2022-08-08T13:22:55.996+0530][gc,cpu        ] GC(5) User=0.00s Sys=0.00s Real=0.00s
[2022-08-08T13:22:55.997+0530][gc,marking    ] GC(5) Concurrent Cleanup for Next Mark
[2022-08-08T13:22:56.000+0530][gc,marking    ] GC(5) Concurrent Cleanup for Next Mark 3.155ms
[2022-08-08T13:22:56.000+0530][gc            ] GC(5) Concurrent Cycle 16.921ms
[2022-08-08T13:22:56.419+0530][gc,start      ] GC(6) Pause Young (Normal) (G1 Evacuation Pause)
[2022-08-08T13:22:56.419+0530][gc,task       ] GC(6) Using 8 workers of 8 for evacuation
[2022-08-08T13:22:56.421+0530][gc,phases     ] GC(6)   Pre Evacuate Collection Set: 0.0ms
[2022-08-08T13:22:56.422+0530][gc,phases     ] GC(6)   Evacuate Collection Set: 2.2ms
[2022-08-08T13:22:56.422+0530][gc,phases     ] GC(6)   Post Evacuate Collection Set: 0.3ms
[2022-08-08T13:22:56.422+0530][gc,phases     ] GC(6)   Other: 0.1ms
[2022-08-08T13:22:56.422+0530][gc,heap       ] GC(6) Eden regions: 47->0(46)
[2022-08-08T13:22:56.422+0530][gc,heap       ] GC(6) Survivor regions: 4->5(7)
[2022-08-08T13:22:56.422+0530][gc,heap       ] GC(6) Old regions: 11->11
[2022-08-08T13:22:56.422+0530][gc,heap       ] GC(6) Humongous regions: 146->146
[2022-08-08T13:22:56.422+0530][gc,metaspace  ] GC(6) Metaspace: 38017K->38017K(1083392K)
[2022-08-08T13:22:56.422+0530][gc            ] GC(6) Pause Young (Normal) (G1 Evacuation Pause) 204M->159M(1024M) 2.714ms
[2022-08-08T13:22:56.422+0530][gc,cpu        ] GC(6) User=0.02s Sys=0.00s Real=0.00s
[2022-08-08T13:22:56.918+0530][gc,start      ] GC(7) Pause Young (Normal) (G1 Evacuation Pause)
[2022-08-08T13:22:56.918+0530][gc,task       ] GC(7) Using 8 workers of 8 for evacuation
[2022-08-08T13:22:56.921+0530][gc,phases     ] GC(7)   Pre Evacuate Collection Set: 0.0ms
[2022-08-08T13:22:56.921+0530][gc,phases     ] GC(7)   Evacuate Collection Set: 3.1ms
[2022-08-08T13:22:56.921+0530][gc,phases     ] GC(7)   Post Evacuate Collection Set: 0.3ms
[2022-08-08T13:22:56.921+0530][gc,phases     ] GC(7)   Other: 0.1ms
[2022-08-08T13:22:56.921+0530][gc,heap       ] GC(7) Eden regions: 46->0(47)
[2022-08-08T13:22:56.921+0530][gc,heap       ] GC(7) Survivor regions: 5->4(7)
[2022-08-08T13:22:56.921+0530][gc,heap       ] GC(7) Old regions: 11->13
[2022-08-08T13:22:56.921+0530][gc,heap       ] GC(7) Humongous regions: 146->146
[2022-08-08T13:22:56.921+0530][gc,metaspace  ] GC(7) Metaspace: 40413K->40413K(1085440K)
[2022-08-08T13:22:56.921+0530][gc            ] GC(7) Pause Young (Normal) (G1 Evacuation Pause) 205M->161M(1024M) 3.616ms
[2022-08-08T13:22:56.921+0530][gc,cpu        ] GC(7) User=0.02s Sys=0.01s Real=0.00s
[2022-08-08T13:58:46.853+0530][gc,start      ] GC(8) Pause Young (Normal) (G1 Evacuation Pause)
[2022-08-08T13:58:46.853+0530][gc,task       ] GC(8) Using 8 workers of 8 for evacuation
[2022-08-08T13:58:46.860+0530][gc,phases     ] GC(8)   Pre Evacuate Collection Set: 0.0ms
[2022-08-08T13:58:46.860+0530][gc,phases     ] GC(8)   Evacuate Collection Set: 6.4ms
[2022-08-08T13:58:46.860+0530][gc,phases     ] GC(8)   Post Evacuate Collection Set: 0.4ms
[2022-08-08T13:58:46.860+0530][gc,phases     ] GC(8)   Other: 0.4ms
[2022-08-08T13:58:46.860+0530][gc,heap       ] GC(8) Eden regions: 47->0(46)
[2022-08-08T13:58:46.860+0530][gc,heap       ] GC(8) Survivor regions: 4->5(7)
[2022-08-08T13:58:46.860+0530][gc,heap       ] GC(8) Old regions: 13->13
[2022-08-08T13:58:46.860+0530][gc,heap       ] GC(8) Humongous regions: 146->146
[2022-08-08T13:58:46.860+0530][gc,metaspace  ] GC(8) Metaspace: 45554K->45554K(1091584K)
[2022-08-08T13:58:46.860+0530][gc            ] GC(8) Pause Young (Normal) (G1 Evacuation Pause) 208M->161M(1024M) 7.329ms
[2022-08-08T13:58:46.861+0530][gc,cpu        ] GC(8) User=0.06s Sys=0.00s Real=0.01s
[2022-08-08T14:22:36.025+0530][gc,start      ] GC(9) Pause Young (Normal) (G1 Evacuation Pause)
[2022-08-08T14:22:36.025+0530][gc,task       ] GC(9) Using 8 workers of 8 for evacuation
[2022-08-08T14:22:36.028+0530][gc,phases     ] GC(9)   Pre Evacuate Collection Set: 0.0ms
[2022-08-08T14:22:36.028+0530][gc,phases     ] GC(9)   Evacuate Collection Set: 2.0ms
[2022-08-08T14:22:36.028+0530][gc,phases     ] GC(9)   Post Evacuate Collection Set: 1.1ms
[2022-08-08T14:22:36.028+0530][gc,phases     ] GC(9)   Other: 0.1ms
[2022-08-08T14:22:36.028+0530][gc,heap       ] GC(9) Eden regions: 46->0(50)
[2022-08-08T14:22:36.028+0530][gc,heap       ] GC(9) Survivor regions: 5->3(7)
[2022-08-08T14:22:36.028+0530][gc,heap       ] GC(9) Old regions: 13->15
[2022-08-08T14:22:36.028+0530][gc,heap       ] GC(9) Humongous regions: 146->146
[2022-08-08T14:22:36.028+0530][gc,metaspace  ] GC(9) Metaspace: 45931K->45931K(1091584K)
[2022-08-08T14:22:36.028+0530][gc            ] GC(9) Pause Young (Normal) (G1 Evacuation Pause) 207M->162M(1024M) 3.332ms
[2022-08-08T14:22:36.028+0530][gc,cpu        ] GC(9) User=0.02s Sys=0.00s Real=0.00s
[2022-08-08T14:22:46.214+0530][gc,start      ] GC(10) Pause Young (Normal) (G1 Evacuation Pause)
[2022-08-08T14:22:46.214+0530][gc,task       ] GC(10) Using 8 workers of 8 for evacuation
[2022-08-08T14:22:46.218+0530][gc,phases     ] GC(10)   Pre Evacuate Collection Set: 0.0ms
[2022-08-08T14:22:46.218+0530][gc,phases     ] GC(10)   Evacuate Collection Set: 2.4ms
[2022-08-08T14:22:46.218+0530][gc,phases     ] GC(10)   Post Evacuate Collection Set: 1.0ms
[2022-08-08T14:22:46.218+0530][gc,phases     ] GC(10)   Other: 0.1ms
[2022-08-08T14:22:46.218+0530][gc,heap       ] GC(10) Eden regions: 50->0(60)
[2022-08-08T14:22:46.218+0530][gc,heap       ] GC(10) Survivor regions: 3->3(7)
[2022-08-08T14:22:46.218+0530][gc,heap       ] GC(10) Old regions: 15->15
[2022-08-08T14:22:46.218+0530][gc,heap       ] GC(10) Humongous regions: 146->146
[2022-08-08T14:22:46.218+0530][gc,metaspace  ] GC(10) Metaspace: 45961K->45961K(1091584K)
[2022-08-08T14:22:46.218+0530][gc            ] GC(10) Pause Young (Normal) (G1 Evacuation Pause) 212M->161M(1024M) 3.546ms
[2022-08-08T14:22:46.218+0530][gc,cpu        ] GC(10) User=0.02s Sys=0.00s Real=0.01s
[2022-08-08T14:22:56.504+0530][gc,start      ] GC(11) Pause Young (Normal) (G1 Evacuation Pause)
[2022-08-08T14:22:56.504+0530][gc,task       ] GC(11) Using 8 workers of 8 for evacuation
[2022-08-08T14:22:56.507+0530][gc,phases     ] GC(11)   Pre Evacuate Collection Set: 0.0ms
[2022-08-08T14:22:56.507+0530][gc,phases     ] GC(11)   Evacuate Collection Set: 2.2ms
[2022-08-08T14:22:56.507+0530][gc,phases     ] GC(11)   Post Evacuate Collection Set: 0.9ms
[2022-08-08T14:22:56.507+0530][gc,phases     ] GC(11)   Other: 0.1ms
[2022-08-08T14:22:56.507+0530][gc,heap       ] GC(11) Eden regions: 60->0(75)
[2022-08-08T14:22:56.507+0530][gc,heap       ] GC(11) Survivor regions: 3->3(8)
[2022-08-08T14:22:56.507+0530][gc,heap       ] GC(11) Old regions: 15->15
[2022-08-08T14:22:56.507+0530][gc,heap       ] GC(11) Humongous regions: 146->146
[2022-08-08T14:22:56.507+0530][gc,metaspace  ] GC(11) Metaspace: 45987K->45987K(1091584K)
[2022-08-08T14:22:56.507+0530][gc            ] GC(11) Pause Young (Normal) (G1 Evacuation Pause) 221M->161M(1024M) 3.354ms
[2022-08-08T14:22:56.507+0530][gc,cpu        ] GC(11) User=0.02s Sys=0.00s Real=0.00s
[2022-08-08T14:23:11.204+0530][gc,start      ] GC(12) Pause Young (Normal) (G1 Evacuation Pause)
[2022-08-08T14:23:11.205+0530][gc,task       ] GC(12) Using 8 workers of 8 for evacuation
[2022-08-08T14:23:11.207+0530][gc,phases     ] GC(12)   Pre Evacuate Collection Set: 0.0ms
[2022-08-08T14:23:11.207+0530][gc,phases     ] GC(12)   Evacuate Collection Set: 1.6ms
[2022-08-08T14:23:11.207+0530][gc,phases     ] GC(12)   Post Evacuate Collection Set: 0.5ms
[2022-08-08T14:23:11.207+0530][gc,phases     ] GC(12)   Other: 0.1ms
[2022-08-08T14:23:11.207+0530][gc,heap       ] GC(12) Eden regions: 75->0(100)
[2022-08-08T14:23:11.207+0530][gc,heap       ] GC(12) Survivor regions: 3->3(10)
[2022-08-08T14:23:11.207+0530][gc,heap       ] GC(12) Old regions: 15->15
[2022-08-08T14:23:11.207+0530][gc,heap       ] GC(12) Humongous regions: 146->146
[2022-08-08T14:23:11.207+0530][gc,metaspace  ] GC(12) Metaspace: 46040K->46040K(1091584K)
[2022-08-08T14:23:11.207+0530][gc            ] GC(12) Pause Young (Normal) (G1 Evacuation Pause) 236M->161M(1024M) 2.360ms
[2022-08-08T14:23:11.207+0530][gc,cpu        ] GC(12) User=0.01s Sys=0.00s Real=0.00s
[2022-08-08T14:23:27.798+0530][gc,start      ] GC(13) Pause Young (Normal) (G1 Evacuation Pause)
[2022-08-08T14:23:27.798+0530][gc,task       ] GC(13) Using 8 workers of 8 for evacuation
[2022-08-08T14:23:27.802+0530][gc,phases     ] GC(13)   Pre Evacuate Collection Set: 0.0ms
[2022-08-08T14:23:27.802+0530][gc,phases     ] GC(13)   Evacuate Collection Set: 2.2ms
[2022-08-08T14:23:27.802+0530][gc,phases     ] GC(13)   Post Evacuate Collection Set: 0.9ms
[2022-08-08T14:23:27.802+0530][gc,phases     ] GC(13)   Other: 0.1ms
[2022-08-08T14:23:27.802+0530][gc,heap       ] GC(13) Eden regions: 100->0(138)
[2022-08-08T14:23:27.802+0530][gc,heap       ] GC(13) Survivor regions: 3->3(13)
[2022-08-08T14:23:27.802+0530][gc,heap       ] GC(13) Old regions: 15->15
[2022-08-08T14:23:27.802+0530][gc,heap       ] GC(13) Humongous regions: 146->146
[2022-08-08T14:23:27.802+0530][gc,metaspace  ] GC(13) Metaspace: 46071K->46071K(1091584K)
[2022-08-08T14:23:27.802+0530][gc            ] GC(13) Pause Young (Normal) (G1 Evacuation Pause) 261M->161M(1024M) 3.361ms
[2022-08-08T14:23:27.802+0530][gc,cpu        ] GC(13) User=0.02s Sys=0.00s Real=0.00s
[2022-08-08T14:23:51.860+0530][gc,start      ] GC(14) Pause Young (Normal) (G1 Evacuation Pause)
[2022-08-08T14:23:51.860+0530][gc,task       ] GC(14) Using 8 workers of 8 for evacuation
[2022-08-08T14:23:51.863+0530][gc,phases     ] GC(14)   Pre Evacuate Collection Set: 0.0ms
[2022-08-08T14:23:51.863+0530][gc,phases     ] GC(14)   Evacuate Collection Set: 1.4ms
[2022-08-08T14:23:51.863+0530][gc,phases     ] GC(14)   Post Evacuate Collection Set: 1.0ms
[2022-08-08T14:23:51.863+0530][gc,phases     ] GC(14)   Other: 0.1ms
[2022-08-08T14:23:51.863+0530][gc,heap       ] GC(14) Eden regions: 138->0(178)
[2022-08-08T14:23:51.863+0530][gc,heap       ] GC(14) Survivor regions: 3->3(18)
[2022-08-08T14:23:51.863+0530][gc,heap       ] GC(14) Old regions: 15->15
[2022-08-08T14:23:51.863+0530][gc,heap       ] GC(14) Humongous regions: 146->146
[2022-08-08T14:23:51.863+0530][gc,metaspace  ] GC(14) Metaspace: 46130K->46130K(1091584K)
[2022-08-08T14:23:51.863+0530][gc            ] GC(14) Pause Young (Normal) (G1 Evacuation Pause) 299M->161M(1024M) 2.566ms
[2022-08-08T14:23:51.863+0530][gc,cpu        ] GC(14) User=0.01s Sys=0.00s Real=0.00s
[2022-08-08T14:24:24.435+0530][gc,start      ] GC(15) Pause Young (Normal) (G1 Evacuation Pause)
[2022-08-08T14:24:24.435+0530][gc,task       ] GC(15) Using 8 workers of 8 for evacuation
[2022-08-08T14:24:24.438+0530][gc,phases     ] GC(15)   Pre Evacuate Collection Set: 0.0ms
[2022-08-08T14:24:24.438+0530][gc,phases     ] GC(15)   Evacuate Collection Set: 2.2ms
[2022-08-08T14:24:24.438+0530][gc,phases     ] GC(15)   Post Evacuate Collection Set: 0.9ms
[2022-08-08T14:24:24.438+0530][gc,phases     ] GC(15)   Other: 0.1ms
[2022-08-08T14:24:24.438+0530][gc,heap       ] GC(15) Eden regions: 178->0(223)
[2022-08-08T14:24:24.439+0530][gc,heap       ] GC(15) Survivor regions: 3->3(23)
[2022-08-08T14:24:24.439+0530][gc,heap       ] GC(15) Old regions: 15->15
[2022-08-08T14:24:24.439+0530][gc,heap       ] GC(15) Humongous regions: 146->146
[2022-08-08T14:24:24.439+0530][gc,metaspace  ] GC(15) Metaspace: 46177K->46177K(1091584K)
[2022-08-08T14:24:24.439+0530][gc            ] GC(15) Pause Young (Normal) (G1 Evacuation Pause) 339M->161M(1024M) 3.300ms
[2022-08-08T14:24:24.439+0530][gc,cpu        ] GC(15) User=0.02s Sys=0.00s Real=0.00s
[2022-08-08T14:25:05.354+0530][gc,start      ] GC(16) Pause Young (Normal) (G1 Evacuation Pause)
[2022-08-08T14:25:05.354+0530][gc,task       ] GC(16) Using 8 workers of 8 for evacuation
[2022-08-08T14:25:05.357+0530][gc,phases     ] GC(16)   Pre Evacuate Collection Set: 0.0ms
[2022-08-08T14:25:05.357+0530][gc,phases     ] GC(16)   Evacuate Collection Set: 1.5ms
[2022-08-08T14:25:05.357+0530][gc,phases     ] GC(16)   Post Evacuate Collection Set: 1.0ms
[2022-08-08T14:25:05.357+0530][gc,phases     ] GC(16)   Other: 0.1ms
[2022-08-08T14:25:05.357+0530][gc,heap       ] GC(16) Eden regions: 223->0(275)
[2022-08-08T14:25:05.357+0530][gc,heap       ] GC(16) Survivor regions: 3->3(29)
[2022-08-08T14:25:05.357+0530][gc,heap       ] GC(16) Old regions: 15->15
[2022-08-08T14:25:05.357+0530][gc,heap       ] GC(16) Humongous regions: 146->146
[2022-08-08T14:25:05.357+0530][gc,metaspace  ] GC(16) Metaspace: 46291K->46291K(1091584K)
[2022-08-08T14:25:05.357+0530][gc            ] GC(16) Pause Young (Normal) (G1 Evacuation Pause) 384M->161M(1024M) 2.741ms
[2022-08-08T14:25:05.357+0530][gc,cpu        ] GC(16) User=0.02s Sys=0.00s Real=0.01s
[2022-08-08T14:25:54.453+0530][gc,start      ] GC(17) Pause Young (Normal) (G1 Evacuation Pause)
[2022-08-08T14:25:54.453+0530][gc,task       ] GC(17) Using 8 workers of 8 for evacuation
[2022-08-08T14:25:54.455+0530][gc,phases     ] GC(17)   Pre Evacuate Collection Set: 0.0ms
[2022-08-08T14:25:54.455+0530][gc,phases     ] GC(17)   Evacuate Collection Set: 1.6ms
[2022-08-08T14:25:54.455+0530][gc,phases     ] GC(17)   Post Evacuate Collection Set: 0.6ms
[2022-08-08T14:25:54.455+0530][gc,phases     ] GC(17)   Other: 0.1ms
[2022-08-08T14:25:54.455+0530][gc,heap       ] GC(17) Eden regions: 275->0(335)
[2022-08-08T14:25:54.455+0530][gc,heap       ] GC(17) Survivor regions: 3->3(35)
[2022-08-08T14:25:54.455+0530][gc,heap       ] GC(17) Old regions: 15->15
[2022-08-08T14:25:54.455+0530][gc,heap       ] GC(17) Humongous regions: 146->146
[2022-08-08T14:25:54.455+0530][gc,metaspace  ] GC(17) Metaspace: 46366K->46366K(1091584K)
[2022-08-08T14:25:54.455+0530][gc            ] GC(17) Pause Young (Normal) (G1 Evacuation Pause) 436M->161M(1024M) 2.325ms
[2022-08-08T14:25:54.455+0530][gc,cpu        ] GC(17) User=0.02s Sys=0.00s Real=0.00s
[2022-08-08T14:29:57.036+0530][gc,heap,exit  ] Heap
[2022-08-08T14:29:57.036+0530][gc,heap,exit  ]  garbage-first heap   total 1048576K, used 436196K [0x00000000c0000000, 0x0000000100000000)
[2022-08-08T14:29:57.036+0530][gc,heap,exit  ]   region size 1024K, 269 young (275456K), 3 survivors (3072K)
[2022-08-08T14:29:57.036+0530][gc,heap,exit  ]  Metaspace       used 48536K, capacity 50416K, committed 50432K, reserved 1093632K
[2022-08-08T14:29:57.036+0530][gc,heap,exit  ]   class space    used 5797K, capacity 6652K, committed 6656K, reserved 1048576K
