[2022-08-08T14:31:29.256+0530][gc,heap] Heap region size: 1M
[2022-08-08T14:31:29.268+0530][gc     ] Using G1
[2022-08-08T14:31:29.268+0530][gc,heap,coops] Heap address: 0x00000000c0000000, size: 1024 MB, Compressed Oops mode: 32-bit
[2022-08-08T14:31:29.268+0530][gc,cds       ] Mark closed archive regions in map: [0x00000000fff00000, 0x00000000fff6aff8]
[2022-08-08T14:31:29.268+0530][gc,cds       ] Mark open archive regions in map: [0x00000000ffe00000, 0x00000000ffe47ff8]
[2022-08-08T14:31:30.059+0530][gc,start     ] GC(0) Pause Young (Normal) (G1 Evacuation Pause)
[2022-08-08T14:31:30.062+0530][gc,task      ] GC(0) Using 8 workers of 8 for evacuation
[2022-08-08T14:31:30.086+0530][gc,mmu       ] GC(0) MMU target violated: 21.0ms (20.0ms/21.0ms)
[2022-08-08T14:31:30.086+0530][gc,phases    ] GC(0)   Pre Evacuate Collection Set: 0.0ms
[2022-08-08T14:31:30.086+0530][gc,phases    ] GC(0)   Evacuate Collection Set: 23.6ms
[2022-08-08T14:31:30.086+0530][gc,phases    ] GC(0)   Post Evacuate Collection Set: 0.6ms
[2022-08-08T14:31:30.086+0530][gc,phases    ] GC(0)   Other: 2.7ms
[2022-08-08T14:31:30.086+0530][gc,heap      ] GC(0) Eden regions: 51->0(44)
[2022-08-08T14:31:30.086+0530][gc,heap      ] GC(0) Survivor regions: 0->7(7)
[2022-08-08T14:31:30.086+0530][gc,heap      ] GC(0) Old regions: 2->2
[2022-08-08T14:31:30.086+0530][gc,heap      ] GC(0) Humongous regions: 0->0
[2022-08-08T14:31:30.086+0530][gc,metaspace ] GC(0) Metaspace: 14823K->14823K(1062912K)
[2022-08-08T14:31:30.086+0530][gc           ] GC(0) Pause Young (Normal) (G1 Evacuation Pause) 51M->7M(1024M) 26.957ms
[2022-08-08T14:31:30.086+0530][gc,cpu       ] GC(0) User=0.17s Sys=0.02s Real=0.03s
[2022-08-08T14:31:30.377+0530][gc,start     ] GC(1) Pause Young (Concurrent Start) (Metadata GC Threshold)
[2022-08-08T14:31:30.377+0530][gc,task      ] GC(1) Using 8 workers of 8 for evacuation
[2022-08-08T14:31:30.385+0530][gc,phases    ] GC(1)   Pre Evacuate Collection Set: 0.0ms
[2022-08-08T14:31:30.385+0530][gc,phases    ] GC(1)   Evacuate Collection Set: 6.8ms
[2022-08-08T14:31:30.385+0530][gc,phases    ] GC(1)   Post Evacuate Collection Set: 0.3ms
[2022-08-08T14:31:30.385+0530][gc,phases    ] GC(1)   Other: 0.2ms
[2022-08-08T14:31:30.385+0530][gc,heap      ] GC(1) Eden regions: 27->0(49)
[2022-08-08T14:31:30.385+0530][gc,heap      ] GC(1) Survivor regions: 7->2(7)
[2022-08-08T14:31:30.385+0530][gc,heap      ] GC(1) Old regions: 2->9
[2022-08-08T14:31:30.385+0530][gc,heap      ] GC(1) Humongous regions: 0->0
[2022-08-08T14:31:30.385+0530][gc,metaspace ] GC(1) Metaspace: 20644K->20644K(1067008K)
[2022-08-08T14:31:30.385+0530][gc           ] GC(1) Pause Young (Concurrent Start) (Metadata GC Threshold) 34M->8M(1024M) 7.462ms
[2022-08-08T14:31:30.385+0530][gc,cpu       ] GC(1) User=0.05s Sys=0.01s Real=0.01s
[2022-08-08T14:31:30.385+0530][gc           ] GC(2) Concurrent Cycle
[2022-08-08T14:31:30.385+0530][gc,marking   ] GC(2) Concurrent Clear Claimed Marks
[2022-08-08T14:31:30.385+0530][gc,marking   ] GC(2) Concurrent Clear Claimed Marks 0.034ms
[2022-08-08T14:31:30.385+0530][gc,marking   ] GC(2) Concurrent Scan Root Regions
[2022-08-08T14:31:30.386+0530][gc,marking   ] GC(2) Concurrent Scan Root Regions 0.770ms
[2022-08-08T14:31:30.386+0530][gc,marking   ] GC(2) Concurrent Mark (1.158s)
[2022-08-08T14:31:30.386+0530][gc,marking   ] GC(2) Concurrent Mark From Roots
[2022-08-08T14:31:30.386+0530][gc,task      ] GC(2) Using 2 workers of 2 for marking
[2022-08-08T14:31:30.391+0530][gc,marking   ] GC(2) Concurrent Mark From Roots 5.641ms
[2022-08-08T14:31:30.391+0530][gc,marking   ] GC(2) Concurrent Preclean
[2022-08-08T14:31:30.392+0530][gc,marking   ] GC(2) Concurrent Preclean 0.121ms
[2022-08-08T14:31:30.392+0530][gc,marking   ] GC(2) Concurrent Mark (1.158s, 1.164s) 5.836ms
[2022-08-08T14:31:30.392+0530][gc,start     ] GC(2) Pause Remark
[2022-08-08T14:31:30.395+0530][gc,stringtable] GC(2) Cleaned string and symbol table, strings: 7554 processed, 0 removed, symbols: 53138 processed, 33 removed
[2022-08-08T14:31:30.396+0530][gc            ] GC(2) Pause Remark 9M->9M(1024M) 4.092ms
[2022-08-08T14:31:30.396+0530][gc,cpu        ] GC(2) User=0.03s Sys=0.00s Real=0.01s
[2022-08-08T14:31:30.396+0530][gc,marking    ] GC(2) Concurrent Rebuild Remembered Sets
[2022-08-08T14:31:30.398+0530][gc,marking    ] GC(2) Concurrent Rebuild Remembered Sets 2.661ms
[2022-08-08T14:31:30.398+0530][gc,start      ] GC(2) Pause Cleanup
[2022-08-08T14:31:30.399+0530][gc            ] GC(2) Pause Cleanup 9M->9M(1024M) 0.180ms
[2022-08-08T14:31:30.399+0530][gc,cpu        ] GC(2) User=0.00s Sys=0.00s Real=0.00s
[2022-08-08T14:31:30.399+0530][gc,marking    ] GC(2) Concurrent Cleanup for Next Mark
[2022-08-08T14:31:30.402+0530][gc,marking    ] GC(2) Concurrent Cleanup for Next Mark 3.591ms
[2022-08-08T14:31:30.402+0530][gc            ] GC(2) Concurrent Cycle 17.557ms
[2022-08-08T14:31:30.977+0530][gc,start      ] GC(3) Pause Young (Normal) (G1 Evacuation Pause)
[2022-08-08T14:31:30.977+0530][gc,task       ] GC(3) Using 8 workers of 8 for evacuation
[2022-08-08T14:31:30.981+0530][gc,phases     ] GC(3)   Pre Evacuate Collection Set: 0.0ms
[2022-08-08T14:31:30.981+0530][gc,phases     ] GC(3)   Evacuate Collection Set: 2.8ms
[2022-08-08T14:31:30.981+0530][gc,phases     ] GC(3)   Post Evacuate Collection Set: 0.8ms
[2022-08-08T14:31:30.981+0530][gc,phases     ] GC(3)   Other: 0.1ms
[2022-08-08T14:31:30.981+0530][gc,heap       ] GC(3) Eden regions: 49->0(46)
[2022-08-08T14:31:30.981+0530][gc,heap       ] GC(3) Survivor regions: 2->5(7)
[2022-08-08T14:31:30.981+0530][gc,heap       ] GC(3) Old regions: 9->9
[2022-08-08T14:31:30.981+0530][gc,heap       ] GC(3) Humongous regions: 146->146
[2022-08-08T14:31:30.981+0530][gc,metaspace  ] GC(3) Metaspace: 33346K->33346K(1079296K)
[2022-08-08T14:31:30.981+0530][gc            ] GC(3) Pause Young (Normal) (G1 Evacuation Pause) 203M->157M(1024M) 3.804ms
[2022-08-08T14:31:30.981+0530][gc,cpu        ] GC(3) User=0.02s Sys=0.00s Real=0.00s
[2022-08-08T14:31:31.019+0530][gc,start      ] GC(4) Pause Young (Concurrent Start) (Metadata GC Threshold)
[2022-08-08T14:31:31.019+0530][gc,task       ] GC(4) Using 8 workers of 8 for evacuation
[2022-08-08T14:31:31.022+0530][gc,phases     ] GC(4)   Pre Evacuate Collection Set: 0.1ms
[2022-08-08T14:31:31.022+0530][gc,phases     ] GC(4)   Evacuate Collection Set: 2.6ms
[2022-08-08T14:31:31.022+0530][gc,phases     ] GC(4)   Post Evacuate Collection Set: 0.3ms
[2022-08-08T14:31:31.022+0530][gc,phases     ] GC(4)   Other: 0.1ms
[2022-08-08T14:31:31.022+0530][gc,heap       ] GC(4) Eden regions: 7->0(48)
[2022-08-08T14:31:31.022+0530][gc,heap       ] GC(4) Survivor regions: 5->3(7)
[2022-08-08T14:31:31.022+0530][gc,heap       ] GC(4) Old regions: 9->10
[2022-08-08T14:31:31.022+0530][gc,heap       ] GC(4) Humongous regions: 146->146
[2022-08-08T14:31:31.022+0530][gc,metaspace  ] GC(4) Metaspace: 34760K->34760K(1081344K)
[2022-08-08T14:31:31.022+0530][gc            ] GC(4) Pause Young (Concurrent Start) (Metadata GC Threshold) 164M->157M(1024M) 3.122ms
[2022-08-08T14:31:31.022+0530][gc,cpu        ] GC(4) User=0.01s Sys=0.00s Real=0.00s
[2022-08-08T14:31:31.022+0530][gc            ] GC(5) Concurrent Cycle
[2022-08-08T14:31:31.022+0530][gc,marking    ] GC(5) Concurrent Clear Claimed Marks
[2022-08-08T14:31:31.022+0530][gc,marking    ] GC(5) Concurrent Clear Claimed Marks 0.023ms
[2022-08-08T14:31:31.022+0530][gc,marking    ] GC(5) Concurrent Scan Root Regions
[2022-08-08T14:31:31.023+0530][gc,marking    ] GC(5) Concurrent Scan Root Regions 0.920ms
[2022-08-08T14:31:31.023+0530][gc,marking    ] GC(5) Concurrent Mark (1.795s)
[2022-08-08T14:31:31.023+0530][gc,marking    ] GC(5) Concurrent Mark From Roots
[2022-08-08T14:31:31.023+0530][gc,task       ] GC(5) Using 2 workers of 2 for marking
[2022-08-08T14:31:31.028+0530][gc,marking    ] GC(5) Concurrent Mark From Roots 5.371ms
[2022-08-08T14:31:31.029+0530][gc,marking    ] GC(5) Concurrent Preclean
[2022-08-08T14:31:31.029+0530][gc,marking    ] GC(5) Concurrent Preclean 0.082ms
[2022-08-08T14:31:31.029+0530][gc,marking    ] GC(5) Concurrent Mark (1.795s, 1.801s) 5.492ms
[2022-08-08T14:31:31.029+0530][gc,start      ] GC(5) Pause Remark
[2022-08-08T14:31:31.031+0530][gc,stringtable] GC(5) Cleaned string and symbol table, strings: 10811 processed, 12 removed, symbols: 84280 processed, 20 removed
[2022-08-08T14:31:31.031+0530][gc            ] GC(5) Pause Remark 159M->159M(1024M) 2.314ms
[2022-08-08T14:31:31.031+0530][gc,cpu        ] GC(5) User=0.01s Sys=0.01s Real=0.00s
[2022-08-08T14:31:31.031+0530][gc,marking    ] GC(5) Concurrent Rebuild Remembered Sets
[2022-08-08T14:31:31.034+0530][gc,marking    ] GC(5) Concurrent Rebuild Remembered Sets 2.857ms
[2022-08-08T14:31:31.034+0530][gc,start      ] GC(5) Pause Cleanup
[2022-08-08T14:31:31.034+0530][gc            ] GC(5) Pause Cleanup 159M->159M(1024M) 0.178ms
[2022-08-08T14:31:31.034+0530][gc,cpu        ] GC(5) User=0.00s Sys=0.00s Real=0.00s
[2022-08-08T14:31:31.034+0530][gc,marking    ] GC(5) Concurrent Cleanup for Next Mark
[2022-08-08T14:31:31.038+0530][gc,marking    ] GC(5) Concurrent Cleanup for Next Mark 3.088ms
[2022-08-08T14:31:31.038+0530][gc            ] GC(5) Concurrent Cycle 15.419ms
[2022-08-08T14:31:31.450+0530][gc,start      ] GC(6) Pause Young (Normal) (G1 Evacuation Pause)
[2022-08-08T14:31:31.450+0530][gc,task       ] GC(6) Using 8 workers of 8 for evacuation
[2022-08-08T14:31:31.453+0530][gc,phases     ] GC(6)   Pre Evacuate Collection Set: 0.0ms
[2022-08-08T14:31:31.453+0530][gc,phases     ] GC(6)   Evacuate Collection Set: 2.3ms
[2022-08-08T14:31:31.453+0530][gc,phases     ] GC(6)   Post Evacuate Collection Set: 0.3ms
[2022-08-08T14:31:31.453+0530][gc,phases     ] GC(6)   Other: 0.1ms
[2022-08-08T14:31:31.453+0530][gc,heap       ] GC(6) Eden regions: 48->0(46)
[2022-08-08T14:31:31.453+0530][gc,heap       ] GC(6) Survivor regions: 3->5(7)
[2022-08-08T14:31:31.453+0530][gc,heap       ] GC(6) Old regions: 10->10
[2022-08-08T14:31:31.453+0530][gc,heap       ] GC(6) Humongous regions: 146->146
[2022-08-08T14:31:31.453+0530][gc,metaspace  ] GC(6) Metaspace: 38015K->38015K(1083392K)
[2022-08-08T14:31:31.453+0530][gc            ] GC(6) Pause Young (Normal) (G1 Evacuation Pause) 205M->159M(1024M) 2.781ms
[2022-08-08T14:31:31.453+0530][gc,cpu        ] GC(6) User=0.02s Sys=0.00s Real=0.00s
[2022-08-08T14:31:31.873+0530][gc,start      ] GC(7) Pause Young (Normal) (G1 Evacuation Pause)
[2022-08-08T14:31:31.873+0530][gc,task       ] GC(7) Using 8 workers of 8 for evacuation
[2022-08-08T14:31:31.876+0530][gc,phases     ] GC(7)   Pre Evacuate Collection Set: 0.0ms
[2022-08-08T14:31:31.876+0530][gc,phases     ] GC(7)   Evacuate Collection Set: 3.0ms
[2022-08-08T14:31:31.876+0530][gc,phases     ] GC(7)   Post Evacuate Collection Set: 0.3ms
[2022-08-08T14:31:31.876+0530][gc,phases     ] GC(7)   Other: 0.1ms
[2022-08-08T14:31:31.876+0530][gc,heap       ] GC(7) Eden regions: 46->0(47)
[2022-08-08T14:31:31.876+0530][gc,heap       ] GC(7) Survivor regions: 5->4(7)
[2022-08-08T14:31:31.876+0530][gc,heap       ] GC(7) Old regions: 10->13
[2022-08-08T14:31:31.876+0530][gc,heap       ] GC(7) Humongous regions: 146->146
[2022-08-08T14:31:31.876+0530][gc,metaspace  ] GC(7) Metaspace: 40743K->40743K(1085440K)
[2022-08-08T14:31:31.876+0530][gc            ] GC(7) Pause Young (Normal) (G1 Evacuation Pause) 205M->161M(1024M) 3.504ms
[2022-08-08T14:31:31.876+0530][gc,cpu        ] GC(7) User=0.02s Sys=0.00s Real=0.01s
[2022-08-08T14:31:32.124+0530][gc,start      ] GC(8) Pause Young (Normal) (G1 Evacuation Pause)
[2022-08-08T14:31:32.124+0530][gc,task       ] GC(8) Using 8 workers of 8 for evacuation
[2022-08-08T14:31:32.127+0530][gc,phases     ] GC(8)   Pre Evacuate Collection Set: 0.0ms
[2022-08-08T14:31:32.127+0530][gc,phases     ] GC(8)   Evacuate Collection Set: 2.7ms
[2022-08-08T14:31:32.127+0530][gc,phases     ] GC(8)   Post Evacuate Collection Set: 0.3ms
[2022-08-08T14:31:32.127+0530][gc,phases     ] GC(8)   Other: 0.1ms
[2022-08-08T14:31:32.127+0530][gc,heap       ] GC(8) Eden regions: 47->0(45)
[2022-08-08T14:31:32.127+0530][gc,heap       ] GC(8) Survivor regions: 4->6(7)
[2022-08-08T14:31:32.127+0530][gc,heap       ] GC(8) Old regions: 13->13
[2022-08-08T14:31:32.127+0530][gc,heap       ] GC(8) Humongous regions: 146->146
[2022-08-08T14:31:32.127+0530][gc,metaspace  ] GC(8) Metaspace: 45208K->45208K(1089536K)
[2022-08-08T14:31:32.127+0530][gc            ] GC(8) Pause Young (Normal) (G1 Evacuation Pause) 208M->163M(1024M) 3.167ms
[2022-08-08T14:31:32.127+0530][gc,cpu        ] GC(8) User=0.02s Sys=0.00s Real=0.00s
[2022-08-08T14:55:31.630+0530][gc,start      ] GC(9) Pause Young (Normal) (G1 Evacuation Pause)
[2022-08-08T14:55:31.630+0530][gc,task       ] GC(9) Using 8 workers of 8 for evacuation
[2022-08-08T14:55:31.635+0530][gc,phases     ] GC(9)   Pre Evacuate Collection Set: 0.0ms
[2022-08-08T14:55:31.635+0530][gc,phases     ] GC(9)   Evacuate Collection Set: 3.4ms
[2022-08-08T14:55:31.635+0530][gc,phases     ] GC(9)   Post Evacuate Collection Set: 1.1ms
[2022-08-08T14:55:31.635+0530][gc,phases     ] GC(9)   Other: 0.2ms
[2022-08-08T14:55:31.635+0530][gc,heap       ] GC(9) Eden regions: 45->0(46)
[2022-08-08T14:55:31.635+0530][gc,heap       ] GC(9) Survivor regions: 6->5(7)
[2022-08-08T14:55:31.635+0530][gc,heap       ] GC(9) Old regions: 13->15
[2022-08-08T14:55:31.635+0530][gc,heap       ] GC(9) Humongous regions: 146->146
[2022-08-08T14:55:31.635+0530][gc,metaspace  ] GC(9) Metaspace: 47593K->47593K(1091584K)
[2022-08-08T14:55:31.635+0530][gc            ] GC(9) Pause Young (Normal) (G1 Evacuation Pause) 208M->164M(1024M) 4.859ms
[2022-08-08T14:55:31.635+0530][gc,cpu        ] GC(9) User=0.03s Sys=0.00s Real=0.00s
[2022-08-08T15:39:00.853+0530][gc,start      ] GC(10) Pause Young (Normal) (G1 Evacuation Pause)
[2022-08-08T15:39:00.853+0530][gc,task       ] GC(10) Using 8 workers of 8 for evacuation
[2022-08-08T15:39:00.861+0530][gc,phases     ] GC(10)   Pre Evacuate Collection Set: 0.0ms
[2022-08-08T15:39:00.861+0530][gc,phases     ] GC(10)   Evacuate Collection Set: 6.2ms
[2022-08-08T15:39:00.861+0530][gc,phases     ] GC(10)   Post Evacuate Collection Set: 1.1ms
[2022-08-08T15:39:00.861+0530][gc,phases     ] GC(10)   Other: 0.4ms
[2022-08-08T15:39:00.861+0530][gc,heap       ] GC(10) Eden regions: 46->0(51)
[2022-08-08T15:39:00.861+0530][gc,heap       ] GC(10) Survivor regions: 5->3(7)
[2022-08-08T15:39:00.861+0530][gc,heap       ] GC(10) Old regions: 15->17
[2022-08-08T15:39:00.861+0530][gc,heap       ] GC(10) Humongous regions: 146->146
[2022-08-08T15:39:00.861+0530][gc,metaspace  ] GC(10) Metaspace: 50198K->50198K(1095680K)
[2022-08-08T15:39:00.861+0530][gc            ] GC(10) Pause Young (Normal) (G1 Evacuation Pause) 210M->163M(1024M) 7.811ms
[2022-08-08T15:39:00.861+0530][gc,cpu        ] GC(10) User=0.05s Sys=0.00s Real=0.01s
[2022-08-08T16:45:24.169+0530][gc,start      ] GC(11) Pause Young (Normal) (G1 Evacuation Pause)
[2022-08-08T16:45:24.169+0530][gc,task       ] GC(11) Using 8 workers of 8 for evacuation
[2022-08-08T16:45:24.176+0530][gc,phases     ] GC(11)   Pre Evacuate Collection Set: 0.0ms
[2022-08-08T16:45:24.176+0530][gc,phases     ] GC(11)   Evacuate Collection Set: 6.0ms
[2022-08-08T16:45:24.176+0530][gc,phases     ] GC(11)   Post Evacuate Collection Set: 1.1ms
[2022-08-08T16:45:24.176+0530][gc,phases     ] GC(11)   Other: 0.4ms
[2022-08-08T16:45:24.176+0530][gc,heap       ] GC(11) Eden regions: 51->0(56)
[2022-08-08T16:45:24.176+0530][gc,heap       ] GC(11) Survivor regions: 3->3(7)
[2022-08-08T16:45:24.176+0530][gc,heap       ] GC(11) Old regions: 17->17
[2022-08-08T16:45:24.176+0530][gc,heap       ] GC(11) Humongous regions: 146->146
[2022-08-08T16:45:24.176+0530][gc,metaspace  ] GC(11) Metaspace: 50334K->50334K(1095680K)
[2022-08-08T16:45:24.176+0530][gc            ] GC(11) Pause Young (Normal) (G1 Evacuation Pause) 214M->163M(1024M) 7.581ms
[2022-08-08T16:45:24.176+0530][gc,cpu        ] GC(11) User=0.05s Sys=0.00s Real=0.01s
[2022-08-08T17:58:41.779+0530][gc,start      ] GC(12) Pause Young (Normal) (G1 Evacuation Pause)
[2022-08-08T17:58:41.783+0530][gc,task       ] GC(12) Using 8 workers of 8 for evacuation
[2022-08-08T17:58:41.795+0530][gc,phases     ] GC(12)   Pre Evacuate Collection Set: 0.0ms
[2022-08-08T17:58:41.795+0530][gc,phases     ] GC(12)   Evacuate Collection Set: 7.8ms
[2022-08-08T17:58:41.795+0530][gc,phases     ] GC(12)   Post Evacuate Collection Set: 4.4ms
[2022-08-08T17:58:41.795+0530][gc,phases     ] GC(12)   Other: 4.1ms
[2022-08-08T17:58:41.795+0530][gc,heap       ] GC(12) Eden regions: 56->0(58)
[2022-08-08T17:58:41.796+0530][gc,heap       ] GC(12) Survivor regions: 3->3(8)
[2022-08-08T17:58:41.796+0530][gc,heap       ] GC(12) Old regions: 17->17
[2022-08-08T17:58:41.796+0530][gc,heap       ] GC(12) Humongous regions: 146->146
[2022-08-08T17:58:41.796+0530][gc,metaspace  ] GC(12) Metaspace: 50385K->50385K(1095680K)
[2022-08-08T17:58:41.796+0530][gc            ] GC(12) Pause Young (Normal) (G1 Evacuation Pause) 219M->163M(1024M) 16.567ms
[2022-08-08T17:58:41.796+0530][gc,cpu        ] GC(12) User=0.08s Sys=0.01s Real=0.02s
[2022-08-08T19:15:00.853+0530][gc,start      ] GC(13) Pause Young (Normal) (G1 Evacuation Pause)
[2022-08-08T19:15:00.855+0530][gc,task       ] GC(13) Using 8 workers of 8 for evacuation
[2022-08-08T19:15:00.864+0530][gc,phases     ] GC(13)   Pre Evacuate Collection Set: 0.0ms
[2022-08-08T19:15:00.864+0530][gc,phases     ] GC(13)   Evacuate Collection Set: 6.5ms
[2022-08-08T19:15:00.864+0530][gc,phases     ] GC(13)   Post Evacuate Collection Set: 2.3ms
[2022-08-08T19:15:00.864+0530][gc,phases     ] GC(13)   Other: 2.1ms
[2022-08-08T19:15:00.864+0530][gc,heap       ] GC(13) Eden regions: 58->0(62)
[2022-08-08T19:15:00.864+0530][gc,heap       ] GC(13) Survivor regions: 3->3(8)
[2022-08-08T19:15:00.864+0530][gc,heap       ] GC(13) Old regions: 17->17
[2022-08-08T19:15:00.864+0530][gc,heap       ] GC(13) Humongous regions: 146->146
[2022-08-08T19:15:00.864+0530][gc,metaspace  ] GC(13) Metaspace: 50429K->50429K(1095680K)
[2022-08-08T19:15:00.864+0530][gc            ] GC(13) Pause Young (Normal) (G1 Evacuation Pause) 221M->163M(1024M) 11.230ms
[2022-08-08T19:15:00.864+0530][gc,cpu        ] GC(13) User=0.06s Sys=0.00s Real=0.02s
[2022-08-08T20:36:11.779+0530][gc,start      ] GC(14) Pause Young (Normal) (G1 Evacuation Pause)
[2022-08-08T20:36:11.781+0530][gc,task       ] GC(14) Using 8 workers of 8 for evacuation
[2022-08-08T20:36:11.793+0530][gc,phases     ] GC(14)   Pre Evacuate Collection Set: 0.0ms
[2022-08-08T20:36:11.793+0530][gc,phases     ] GC(14)   Evacuate Collection Set: 7.8ms
[2022-08-08T20:36:11.793+0530][gc,phases     ] GC(14)   Post Evacuate Collection Set: 4.0ms
[2022-08-08T20:36:11.793+0530][gc,phases     ] GC(14)   Other: 2.1ms
[2022-08-08T20:36:11.793+0530][gc,heap       ] GC(14) Eden regions: 62->0(66)
[2022-08-08T20:36:11.793+0530][gc,heap       ] GC(14) Survivor regions: 3->3(9)
[2022-08-08T20:36:11.793+0530][gc,heap       ] GC(14) Old regions: 17->17
[2022-08-08T20:36:11.793+0530][gc,heap       ] GC(14) Humongous regions: 146->146
[2022-08-08T20:36:11.793+0530][gc,metaspace  ] GC(14) Metaspace: 50441K->50441K(1095680K)
[2022-08-08T20:36:11.793+0530][gc            ] GC(14) Pause Young (Normal) (G1 Evacuation Pause) 225M->163M(1024M) 14.337ms
[2022-08-08T20:36:11.793+0530][gc,cpu        ] GC(14) User=0.07s Sys=0.00s Real=0.01s
[2022-08-08T22:03:36.779+0530][gc,start      ] GC(15) Pause Young (Normal) (G1 Evacuation Pause)
[2022-08-08T22:03:36.780+0530][gc,task       ] GC(15) Using 8 workers of 8 for evacuation
[2022-08-08T22:03:36.793+0530][gc,phases     ] GC(15)   Pre Evacuate Collection Set: 0.0ms
[2022-08-08T22:03:36.793+0530][gc,phases     ] GC(15)   Evacuate Collection Set: 7.7ms
[2022-08-08T22:03:36.793+0530][gc,phases     ] GC(15)   Post Evacuate Collection Set: 4.4ms
[2022-08-08T22:03:36.793+0530][gc,phases     ] GC(15)   Other: 1.7ms
[2022-08-08T22:03:36.793+0530][gc,heap       ] GC(15) Eden regions: 66->0(70)
[2022-08-08T22:03:36.793+0530][gc,heap       ] GC(15) Survivor regions: 3->3(9)
[2022-08-08T22:03:36.793+0530][gc,heap       ] GC(15) Old regions: 17->17
[2022-08-08T22:03:36.793+0530][gc,heap       ] GC(15) Humongous regions: 146->146
[2022-08-08T22:03:36.793+0530][gc,metaspace  ] GC(15) Metaspace: 50489K->50489K(1095680K)
[2022-08-08T22:03:36.793+0530][gc            ] GC(15) Pause Young (Normal) (G1 Evacuation Pause) 229M->163M(1024M) 14.036ms
[2022-08-08T22:03:36.793+0530][gc,cpu        ] GC(15) User=0.07s Sys=0.00s Real=0.01s
[2022-08-08T22:28:18.334+0530][gc,heap,exit  ] Heap
[2022-08-08T22:28:18.334+0530][gc,heap,exit  ]  garbage-first heap   total 1048576K, used 208357K [0x00000000c0000000, 0x0000000100000000)
[2022-08-08T22:28:18.334+0530][gc,heap,exit  ]   region size 1024K, 45 young (46080K), 3 survivors (3072K)
[2022-08-08T22:28:18.334+0530][gc,heap,exit  ]  Metaspace       used 51347K, capacity 53756K, committed 54016K, reserved 1095680K
[2022-08-08T22:28:18.334+0530][gc,heap,exit  ]   class space    used 6441K, capacity 7591K, committed 7680K, reserved 1048576K
