[2022-08-08T23:15:27.902+0530][gc,heap] Heap region size: 1M
[2022-08-08T23:15:27.910+0530][gc     ] Using G1
[2022-08-08T23:15:27.910+0530][gc,heap,coops] Heap address: 0x00000000c0000000, size: 1024 MB, Compressed Oops mode: 32-bit
[2022-08-08T23:15:27.910+0530][gc,cds       ] Mark closed archive regions in map: [0x00000000fff00000, 0x00000000fff6aff8]
[2022-08-08T23:15:27.910+0530][gc,cds       ] Mark open archive regions in map: [0x00000000ffe00000, 0x00000000ffe47ff8]
[2022-08-08T23:15:28.493+0530][gc,start     ] GC(0) Pause Young (Normal) (G1 Evacuation Pause)
[2022-08-08T23:15:28.494+0530][gc,task      ] GC(0) Using 8 workers of 8 for evacuation
[2022-08-08T23:15:28.501+0530][gc,phases    ] GC(0)   Pre Evacuate Collection Set: 0.0ms
[2022-08-08T23:15:28.501+0530][gc,phases    ] GC(0)   Evacuate Collection Set: 7.0ms
[2022-08-08T23:15:28.501+0530][gc,phases    ] GC(0)   Post Evacuate Collection Set: 0.4ms
[2022-08-08T23:15:28.501+0530][gc,phases    ] GC(0)   Other: 0.9ms
[2022-08-08T23:15:28.501+0530][gc,heap      ] GC(0) Eden regions: 51->0(44)
[2022-08-08T23:15:28.501+0530][gc,heap      ] GC(0) Survivor regions: 0->7(7)
[2022-08-08T23:15:28.501+0530][gc,heap      ] GC(0) Old regions: 2->2
[2022-08-08T23:15:28.501+0530][gc,heap      ] GC(0) Humongous regions: 0->0
[2022-08-08T23:15:28.501+0530][gc,metaspace ] GC(0) Metaspace: 14968K->14968K(1062912K)
[2022-08-08T23:15:28.501+0530][gc           ] GC(0) Pause Young (Normal) (G1 Evacuation Pause) 51M->7M(1024M) 8.312ms
[2022-08-08T23:15:28.501+0530][gc,cpu       ] GC(0) User=0.04s Sys=0.01s Real=0.01s
[2022-08-08T23:15:28.876+0530][gc,start     ] GC(1) Pause Young (Concurrent Start) (Metadata GC Threshold)
[2022-08-08T23:15:28.876+0530][gc,task      ] GC(1) Using 8 workers of 8 for evacuation
[2022-08-08T23:15:28.883+0530][gc,phases    ] GC(1)   Pre Evacuate Collection Set: 0.0ms
[2022-08-08T23:15:28.883+0530][gc,phases    ] GC(1)   Evacuate Collection Set: 6.5ms
[2022-08-08T23:15:28.883+0530][gc,phases    ] GC(1)   Post Evacuate Collection Set: 0.3ms
[2022-08-08T23:15:28.883+0530][gc,phases    ] GC(1)   Other: 0.2ms
[2022-08-08T23:15:28.883+0530][gc,heap      ] GC(1) Eden regions: 28->0(49)
[2022-08-08T23:15:28.883+0530][gc,heap      ] GC(1) Survivor regions: 7->2(7)
[2022-08-08T23:15:28.883+0530][gc,heap      ] GC(1) Old regions: 2->9
[2022-08-08T23:15:28.883+0530][gc,heap      ] GC(1) Humongous regions: 0->0
[2022-08-08T23:15:28.883+0530][gc,metaspace ] GC(1) Metaspace: 20455K->20455K(1067008K)
[2022-08-08T23:15:28.883+0530][gc           ] GC(1) Pause Young (Concurrent Start) (Metadata GC Threshold) 35M->9M(1024M) 7.212ms
[2022-08-08T23:15:28.883+0530][gc,cpu       ] GC(1) User=0.03s Sys=0.02s Real=0.01s
[2022-08-08T23:15:28.883+0530][gc           ] GC(2) Concurrent Cycle
[2022-08-08T23:15:28.883+0530][gc,marking   ] GC(2) Concurrent Clear Claimed Marks
[2022-08-08T23:15:28.883+0530][gc,marking   ] GC(2) Concurrent Clear Claimed Marks 0.015ms
[2022-08-08T23:15:28.883+0530][gc,marking   ] GC(2) Concurrent Scan Root Regions
[2022-08-08T23:15:28.884+0530][gc,marking   ] GC(2) Concurrent Scan Root Regions 0.773ms
[2022-08-08T23:15:28.884+0530][gc,marking   ] GC(2) Concurrent Mark (0.984s)
[2022-08-08T23:15:28.884+0530][gc,marking   ] GC(2) Concurrent Mark From Roots
[2022-08-08T23:15:28.884+0530][gc,task      ] GC(2) Using 2 workers of 2 for marking
[2022-08-08T23:15:28.890+0530][gc,marking   ] GC(2) Concurrent Mark From Roots 5.631ms
[2022-08-08T23:15:28.890+0530][gc,marking   ] GC(2) Concurrent Preclean
[2022-08-08T23:15:28.890+0530][gc,marking   ] GC(2) Concurrent Preclean 0.193ms
[2022-08-08T23:15:28.890+0530][gc,marking   ] GC(2) Concurrent Mark (0.984s, 0.990s) 5.878ms
[2022-08-08T23:15:28.890+0530][gc,start     ] GC(2) Pause Remark
[2022-08-08T23:15:28.896+0530][gc,stringtable] GC(2) Cleaned string and symbol table, strings: 6868 processed, 0 removed, symbols: 53648 processed, 34 removed
[2022-08-08T23:15:28.897+0530][gc            ] GC(2) Pause Remark 9M->9M(1024M) 6.553ms
[2022-08-08T23:15:28.897+0530][gc,cpu        ] GC(2) User=0.05s Sys=0.00s Real=0.01s
[2022-08-08T23:15:28.897+0530][gc,marking    ] GC(2) Concurrent Rebuild Remembered Sets
[2022-08-08T23:15:28.899+0530][gc,marking    ] GC(2) Concurrent Rebuild Remembered Sets 2.639ms
[2022-08-08T23:15:28.899+0530][gc,start      ] GC(2) Pause Cleanup
[2022-08-08T23:15:28.899+0530][gc            ] GC(2) Pause Cleanup 9M->9M(1024M) 0.140ms
[2022-08-08T23:15:28.899+0530][gc,cpu        ] GC(2) User=0.00s Sys=0.00s Real=0.00s
[2022-08-08T23:15:28.900+0530][gc,marking    ] GC(2) Concurrent Cleanup for Next Mark
[2022-08-08T23:15:28.903+0530][gc,marking    ] GC(2) Concurrent Cleanup for Next Mark 3.896ms
[2022-08-08T23:15:28.903+0530][gc            ] GC(2) Concurrent Cycle 20.235ms
[2022-08-08T23:15:29.537+0530][gc,start      ] GC(3) Pause Young (Concurrent Start) (G1 Evacuation Pause)
[2022-08-08T23:15:29.537+0530][gc,task       ] GC(3) Using 8 workers of 8 for evacuation
[2022-08-08T23:15:29.541+0530][gc,phases     ] GC(3)   Pre Evacuate Collection Set: 0.1ms
[2022-08-08T23:15:29.541+0530][gc,phases     ] GC(3)   Evacuate Collection Set: 2.6ms
[2022-08-08T23:15:29.541+0530][gc,phases     ] GC(3)   Post Evacuate Collection Set: 0.9ms
[2022-08-08T23:15:29.541+0530][gc,phases     ] GC(3)   Other: 0.1ms
[2022-08-08T23:15:29.541+0530][gc,heap       ] GC(3) Eden regions: 49->0(46)
[2022-08-08T23:15:29.541+0530][gc,heap       ] GC(3) Survivor regions: 2->5(7)
[2022-08-08T23:15:29.541+0530][gc,heap       ] GC(3) Old regions: 9->9
[2022-08-08T23:15:29.541+0530][gc,heap       ] GC(3) Humongous regions: 146->146
[2022-08-08T23:15:29.541+0530][gc,metaspace  ] GC(3) Metaspace: 33556K->33556K(1079296K)
[2022-08-08T23:15:29.541+0530][gc            ] GC(3) Pause Young (Concurrent Start) (G1 Evacuation Pause) 204M->157M(1024M) 3.793ms
[2022-08-08T23:15:29.541+0530][gc,cpu        ] GC(3) User=0.02s Sys=0.00s Real=0.00s
[2022-08-08T23:15:29.541+0530][gc            ] GC(4) Concurrent Cycle
[2022-08-08T23:15:29.541+0530][gc,marking    ] GC(4) Concurrent Clear Claimed Marks
[2022-08-08T23:15:29.541+0530][gc,marking    ] GC(4) Concurrent Clear Claimed Marks 0.024ms
[2022-08-08T23:15:29.541+0530][gc,marking    ] GC(4) Concurrent Scan Root Regions
[2022-08-08T23:15:29.543+0530][gc,marking    ] GC(4) Concurrent Scan Root Regions 1.303ms
[2022-08-08T23:15:29.543+0530][gc,marking    ] GC(4) Concurrent Mark (1.643s)
[2022-08-08T23:15:29.543+0530][gc,marking    ] GC(4) Concurrent Mark From Roots
[2022-08-08T23:15:29.543+0530][gc,task       ] GC(4) Using 2 workers of 2 for marking
[2022-08-08T23:15:29.546+0530][gc,marking    ] GC(4) Concurrent Mark From Roots 3.581ms
[2022-08-08T23:15:29.546+0530][gc,marking    ] GC(4) Concurrent Preclean
[2022-08-08T23:15:29.546+0530][gc,marking    ] GC(4) Concurrent Preclean 0.099ms
[2022-08-08T23:15:29.546+0530][gc,marking    ] GC(4) Concurrent Mark (1.643s, 1.647s) 3.728ms
[2022-08-08T23:15:29.546+0530][gc,start      ] GC(4) Pause Remark
[2022-08-08T23:15:29.548+0530][gc,stringtable] GC(4) Cleaned string and symbol table, strings: 10118 processed, 11 removed, symbols: 84952 processed, 20 removed
[2022-08-08T23:15:29.548+0530][gc            ] GC(4) Pause Remark 158M->158M(1024M) 1.739ms
[2022-08-08T23:15:29.548+0530][gc,cpu        ] GC(4) User=0.02s Sys=0.00s Real=0.00s
[2022-08-08T23:15:29.548+0530][gc,marking    ] GC(4) Concurrent Rebuild Remembered Sets
[2022-08-08T23:15:29.550+0530][gc,marking    ] GC(4) Concurrent Rebuild Remembered Sets 1.831ms
[2022-08-08T23:15:29.550+0530][gc,start      ] GC(4) Pause Cleanup
[2022-08-08T23:15:29.550+0530][gc            ] GC(4) Pause Cleanup 158M->158M(1024M) 0.103ms
[2022-08-08T23:15:29.550+0530][gc,cpu        ] GC(4) User=0.00s Sys=0.00s Real=0.00s
[2022-08-08T23:15:29.550+0530][gc,marking    ] GC(4) Concurrent Cleanup for Next Mark
[2022-08-08T23:15:29.553+0530][gc,marking    ] GC(4) Concurrent Cleanup for Next Mark 2.835ms
[2022-08-08T23:15:29.553+0530][gc            ] GC(4) Concurrent Cycle 11.986ms
[2022-08-08T23:15:30.060+0530][gc,start      ] GC(5) Pause Young (Normal) (G1 Evacuation Pause)
[2022-08-08T23:15:30.060+0530][gc,task       ] GC(5) Using 8 workers of 8 for evacuation
[2022-08-08T23:15:30.063+0530][gc,phases     ] GC(5)   Pre Evacuate Collection Set: 0.0ms
[2022-08-08T23:15:30.063+0530][gc,phases     ] GC(5)   Evacuate Collection Set: 3.2ms
[2022-08-08T23:15:30.063+0530][gc,phases     ] GC(5)   Post Evacuate Collection Set: 0.3ms
[2022-08-08T23:15:30.063+0530][gc,phases     ] GC(5)   Other: 0.1ms
[2022-08-08T23:15:30.063+0530][gc,heap       ] GC(5) Eden regions: 46->0(45)
[2022-08-08T23:15:30.063+0530][gc,heap       ] GC(5) Survivor regions: 5->6(7)
[2022-08-08T23:15:30.063+0530][gc,heap       ] GC(5) Old regions: 9->10
[2022-08-08T23:15:30.063+0530][gc,heap       ] GC(5) Humongous regions: 146->146
[2022-08-08T23:15:30.063+0530][gc,metaspace  ] GC(5) Metaspace: 39832K->39832K(1085440K)
[2022-08-08T23:15:30.063+0530][gc            ] GC(5) Pause Young (Normal) (G1 Evacuation Pause) 203M->159M(1024M) 3.730ms
[2022-08-08T23:15:30.063+0530][gc,cpu        ] GC(5) User=0.02s Sys=0.01s Real=0.01s
[2022-08-08T23:15:30.433+0530][gc,start      ] GC(6) Pause Young (Normal) (G1 Evacuation Pause)
[2022-08-08T23:15:30.433+0530][gc,task       ] GC(6) Using 8 workers of 8 for evacuation
[2022-08-08T23:15:30.436+0530][gc,phases     ] GC(6)   Pre Evacuate Collection Set: 0.0ms
[2022-08-08T23:15:30.437+0530][gc,phases     ] GC(6)   Evacuate Collection Set: 3.3ms
[2022-08-08T23:15:30.437+0530][gc,phases     ] GC(6)   Post Evacuate Collection Set: 0.4ms
[2022-08-08T23:15:30.437+0530][gc,phases     ] GC(6)   Other: 0.1ms
[2022-08-08T23:15:30.437+0530][gc,heap       ] GC(6) Eden regions: 45->0(48)
[2022-08-08T23:15:30.437+0530][gc,heap       ] GC(6) Survivor regions: 6->3(7)
[2022-08-08T23:15:30.437+0530][gc,heap       ] GC(6) Old regions: 10->13
[2022-08-08T23:15:30.437+0530][gc,heap       ] GC(6) Humongous regions: 146->146
[2022-08-08T23:15:30.437+0530][gc,metaspace  ] GC(6) Metaspace: 40109K->40109K(1085440K)
[2022-08-08T23:15:30.437+0530][gc            ] GC(6) Pause Young (Normal) (G1 Evacuation Pause) 204M->160M(1024M) 3.905ms
[2022-08-08T23:15:30.437+0530][gc,cpu        ] GC(6) User=0.02s Sys=0.00s Real=0.01s
[2022-08-08T23:15:30.749+0530][gc,start      ] GC(7) Pause Young (Normal) (GCLocker Initiated GC)
[2022-08-08T23:15:30.749+0530][gc,task       ] GC(7) Using 8 workers of 8 for evacuation
[2022-08-08T23:15:30.753+0530][gc,phases     ] GC(7)   Pre Evacuate Collection Set: 0.0ms
[2022-08-08T23:15:30.753+0530][gc,phases     ] GC(7)   Evacuate Collection Set: 3.0ms
[2022-08-08T23:15:30.753+0530][gc,phases     ] GC(7)   Post Evacuate Collection Set: 0.3ms
[2022-08-08T23:15:30.753+0530][gc,phases     ] GC(7)   Other: 0.1ms
[2022-08-08T23:15:30.753+0530][gc,heap       ] GC(7) Eden regions: 49->0(46)
[2022-08-08T23:15:30.753+0530][gc,heap       ] GC(7) Survivor regions: 3->5(7)
[2022-08-08T23:15:30.753+0530][gc,heap       ] GC(7) Old regions: 13->13
[2022-08-08T23:15:30.753+0530][gc,heap       ] GC(7) Humongous regions: 146->146
[2022-08-08T23:15:30.753+0530][gc,metaspace  ] GC(7) Metaspace: 45190K->45190K(1089536K)
[2022-08-08T23:15:30.753+0530][gc            ] GC(7) Pause Young (Normal) (GCLocker Initiated GC) 208M->162M(1024M) 3.488ms
[2022-08-08T23:15:30.753+0530][gc,cpu        ] GC(7) User=0.02s Sys=0.00s Real=0.00s
[2022-08-08T23:15:32.959+0530][gc,start      ] GC(8) Pause Young (Normal) (G1 Evacuation Pause)
[2022-08-08T23:15:32.959+0530][gc,task       ] GC(8) Using 8 workers of 8 for evacuation
[2022-08-08T23:15:32.965+0530][gc,phases     ] GC(8)   Pre Evacuate Collection Set: 0.0ms
[2022-08-08T23:15:32.965+0530][gc,phases     ] GC(8)   Evacuate Collection Set: 4.8ms
[2022-08-08T23:15:32.965+0530][gc,phases     ] GC(8)   Post Evacuate Collection Set: 0.5ms
[2022-08-08T23:15:32.965+0530][gc,phases     ] GC(8)   Other: 0.2ms
[2022-08-08T23:15:32.965+0530][gc,heap       ] GC(8) Eden regions: 46->0(46)
[2022-08-08T23:15:32.965+0530][gc,heap       ] GC(8) Survivor regions: 5->5(7)
[2022-08-08T23:15:32.965+0530][gc,heap       ] GC(8) Old regions: 13->16
[2022-08-08T23:15:32.965+0530][gc,heap       ] GC(8) Humongous regions: 163->163
[2022-08-08T23:15:32.965+0530][gc,metaspace  ] GC(8) Metaspace: 49261K->49261K(1093632K)
[2022-08-08T23:15:32.965+0530][gc            ] GC(8) Pause Young (Normal) (G1 Evacuation Pause) 225M->181M(1024M) 5.618ms
[2022-08-08T23:15:32.965+0530][gc,cpu        ] GC(8) User=0.03s Sys=0.00s Real=0.01s
[2022-08-08T23:15:39.765+0530][gc,start      ] GC(9) Pause Young (Normal) (G1 Evacuation Pause)
[2022-08-08T23:15:39.765+0530][gc,task       ] GC(9) Using 8 workers of 8 for evacuation
[2022-08-08T23:15:39.775+0530][gc,phases     ] GC(9)   Pre Evacuate Collection Set: 0.0ms
[2022-08-08T23:15:39.775+0530][gc,phases     ] GC(9)   Evacuate Collection Set: 8.5ms
[2022-08-08T23:15:39.775+0530][gc,phases     ] GC(9)   Post Evacuate Collection Set: 1.1ms
[2022-08-08T23:15:39.775+0530][gc,phases     ] GC(9)   Other: 0.4ms
[2022-08-08T23:15:39.775+0530][gc,heap       ] GC(9) Eden regions: 46->0(49)
[2022-08-08T23:15:39.775+0530][gc,heap       ] GC(9) Survivor regions: 5->3(7)
[2022-08-08T23:15:39.775+0530][gc,heap       ] GC(9) Old regions: 16->18
[2022-08-08T23:15:39.775+0530][gc,heap       ] GC(9) Humongous regions: 163->163
[2022-08-08T23:15:39.775+0530][gc,metaspace  ] GC(9) Metaspace: 49791K->49791K(1093632K)
[2022-08-08T23:15:39.775+0530][gc            ] GC(9) Pause Young (Normal) (G1 Evacuation Pause) 227M->181M(1024M) 10.293ms
[2022-08-08T23:15:39.775+0530][gc,cpu        ] GC(9) User=0.07s Sys=0.00s Real=0.01s
[2022-08-08T23:15:45.290+0530][gc,start      ] GC(10) Pause Young (Normal) (G1 Evacuation Pause)
[2022-08-08T23:15:45.290+0530][gc,task       ] GC(10) Using 8 workers of 8 for evacuation
[2022-08-08T23:15:45.295+0530][gc,phases     ] GC(10)   Pre Evacuate Collection Set: 0.0ms
[2022-08-08T23:15:45.295+0530][gc,phases     ] GC(10)   Evacuate Collection Set: 3.3ms
[2022-08-08T23:15:45.295+0530][gc,phases     ] GC(10)   Post Evacuate Collection Set: 0.8ms
[2022-08-08T23:15:45.295+0530][gc,phases     ] GC(10)   Other: 0.3ms
[2022-08-08T23:15:45.295+0530][gc,heap       ] GC(10) Eden regions: 49->0(55)
[2022-08-08T23:15:45.295+0530][gc,heap       ] GC(10) Survivor regions: 3->3(7)
[2022-08-08T23:15:45.295+0530][gc,heap       ] GC(10) Old regions: 18->18
[2022-08-08T23:15:45.295+0530][gc,heap       ] GC(10) Humongous regions: 163->163
[2022-08-08T23:15:45.295+0530][gc,metaspace  ] GC(10) Metaspace: 50041K->50041K(1093632K)
[2022-08-08T23:15:45.295+0530][gc            ] GC(10) Pause Young (Normal) (G1 Evacuation Pause) 230M->181M(1024M) 4.627ms
[2022-08-08T23:15:45.295+0530][gc,cpu        ] GC(10) User=0.03s Sys=0.00s Real=0.00s
[2022-08-08T23:15:53.428+0530][gc,start      ] GC(11) Pause Young (Normal) (G1 Evacuation Pause)
[2022-08-08T23:15:53.429+0530][gc,task       ] GC(11) Using 8 workers of 8 for evacuation
[2022-08-08T23:15:53.432+0530][gc,phases     ] GC(11)   Pre Evacuate Collection Set: 0.1ms
[2022-08-08T23:15:53.432+0530][gc,phases     ] GC(11)   Evacuate Collection Set: 3.1ms
[2022-08-08T23:15:53.432+0530][gc,phases     ] GC(11)   Post Evacuate Collection Set: 0.5ms
[2022-08-08T23:15:53.432+0530][gc,phases     ] GC(11)   Other: 0.3ms
[2022-08-08T23:15:53.432+0530][gc,heap       ] GC(11) Eden regions: 55->0(73)
[2022-08-08T23:15:53.432+0530][gc,heap       ] GC(11) Survivor regions: 3->3(8)
[2022-08-08T23:15:53.432+0530][gc,heap       ] GC(11) Old regions: 18->18
[2022-08-08T23:15:53.432+0530][gc,heap       ] GC(11) Humongous regions: 163->163
[2022-08-08T23:15:53.432+0530][gc,metaspace  ] GC(11) Metaspace: 50218K->50218K(1095680K)
[2022-08-08T23:15:53.433+0530][gc            ] GC(11) Pause Young (Normal) (G1 Evacuation Pause) 236M->181M(1024M) 4.075ms
[2022-08-08T23:15:53.433+0530][gc,cpu        ] GC(11) User=0.01s Sys=0.01s Real=0.00s
[2022-08-08T23:15:54.149+0530][gc,heap,exit  ] Heap
[2022-08-08T23:15:54.149+0530][gc,heap,exit  ]  garbage-first heap   total 1048576K, used 199158K [0x00000000c0000000, 0x0000000100000000)
[2022-08-08T23:15:54.149+0530][gc,heap,exit  ]   region size 1024K, 17 young (17408K), 3 survivors (3072K)
[2022-08-08T23:15:54.149+0530][gc,heap,exit  ]  Metaspace       used 51191K, capacity 53450K, committed 53504K, reserved 1095680K
[2022-08-08T23:15:54.149+0530][gc,heap,exit  ]   class space    used 6367K, capacity 7423K, committed 7424K, reserved 1048576K
