[2022-08-08T14:31:41.083+0530][gc,heap] Heap region size: 1M
[2022-08-08T14:31:41.091+0530][gc     ] Using G1
[2022-08-08T14:31:41.091+0530][gc,heap,coops] Heap address: 0x00000000c0000000, size: 1024 MB, Compressed Oops mode: 32-bit
[2022-08-08T14:31:41.091+0530][gc,cds       ] Mark closed archive regions in map: [0x00000000fff00000, 0x00000000fff6aff8]
[2022-08-08T14:31:41.091+0530][gc,cds       ] Mark open archive regions in map: [0x00000000ffe00000, 0x00000000ffe47ff8]
[2022-08-08T14:31:41.964+0530][gc,start     ] GC(0) Pause Young (Normal) (G1 Evacuation Pause)
[2022-08-08T14:31:41.965+0530][gc,task      ] GC(0) Using 8 workers of 8 for evacuation
[2022-08-08T14:31:41.987+0530][gc,mmu       ] GC(0) MMU target violated: 21.0ms (20.0ms/21.0ms)
[2022-08-08T14:31:41.987+0530][gc,phases    ] GC(0)   Pre Evacuate Collection Set: 0.0ms
[2022-08-08T14:31:41.987+0530][gc,phases    ] GC(0)   Evacuate Collection Set: 21.9ms
[2022-08-08T14:31:41.987+0530][gc,phases    ] GC(0)   Post Evacuate Collection Set: 0.4ms
[2022-08-08T14:31:41.987+0530][gc,phases    ] GC(0)   Other: 0.7ms
[2022-08-08T14:31:41.987+0530][gc,heap      ] GC(0) Eden regions: 51->0(44)
[2022-08-08T14:31:41.987+0530][gc,heap      ] GC(0) Survivor regions: 0->7(7)
[2022-08-08T14:31:41.987+0530][gc,heap      ] GC(0) Old regions: 2->2
[2022-08-08T14:31:41.987+0530][gc,heap      ] GC(0) Humongous regions: 0->0
[2022-08-08T14:31:41.987+0530][gc,metaspace ] GC(0) Metaspace: 14795K->14795K(1062912K)
[2022-08-08T14:31:41.987+0530][gc           ] GC(0) Pause Young (Normal) (G1 Evacuation Pause) 51M->7M(1024M) 23.199ms
[2022-08-08T14:31:41.987+0530][gc,cpu       ] GC(0) User=0.10s Sys=0.00s Real=0.02s
[2022-08-08T14:31:42.378+0530][gc,start     ] GC(1) Pause Young (Concurrent Start) (Metadata GC Threshold)
[2022-08-08T14:31:42.378+0530][gc,task      ] GC(1) Using 8 workers of 8 for evacuation
[2022-08-08T14:31:42.397+0530][gc,phases    ] GC(1)   Pre Evacuate Collection Set: 0.1ms
[2022-08-08T14:31:42.397+0530][gc,phases    ] GC(1)   Evacuate Collection Set: 18.2ms
[2022-08-08T14:31:42.397+0530][gc,phases    ] GC(1)   Post Evacuate Collection Set: 0.3ms
[2022-08-08T14:31:42.397+0530][gc,phases    ] GC(1)   Other: 0.2ms
[2022-08-08T14:31:42.397+0530][gc,heap      ] GC(1) Eden regions: 27->0(49)
[2022-08-08T14:31:42.397+0530][gc,heap      ] GC(1) Survivor regions: 7->2(7)
[2022-08-08T14:31:42.397+0530][gc,heap      ] GC(1) Old regions: 2->9
[2022-08-08T14:31:42.397+0530][gc,heap      ] GC(1) Humongous regions: 0->0
[2022-08-08T14:31:42.397+0530][gc,metaspace ] GC(1) Metaspace: 20532K->20532K(1067008K)
[2022-08-08T14:31:42.397+0530][gc           ] GC(1) Pause Young (Concurrent Start) (Metadata GC Threshold) 33M->9M(1024M) 18.901ms
[2022-08-08T14:31:42.397+0530][gc,cpu       ] GC(1) User=0.08s Sys=0.01s Real=0.02s
[2022-08-08T14:31:42.397+0530][gc           ] GC(2) Concurrent Cycle
[2022-08-08T14:31:42.397+0530][gc,marking   ] GC(2) Concurrent Clear Claimed Marks
[2022-08-08T14:31:42.397+0530][gc,marking   ] GC(2) Concurrent Clear Claimed Marks 0.019ms
[2022-08-08T14:31:42.397+0530][gc,marking   ] GC(2) Concurrent Scan Root Regions
[2022-08-08T14:31:42.400+0530][gc,marking   ] GC(2) Concurrent Scan Root Regions 2.943ms
[2022-08-08T14:31:42.400+0530][gc,marking   ] GC(2) Concurrent Mark (1.337s)
[2022-08-08T14:31:42.400+0530][gc,marking   ] GC(2) Concurrent Mark From Roots
[2022-08-08T14:31:42.400+0530][gc,task      ] GC(2) Using 2 workers of 2 for marking
[2022-08-08T14:31:42.405+0530][gc,marking   ] GC(2) Concurrent Mark From Roots 5.503ms
[2022-08-08T14:31:42.406+0530][gc,marking   ] GC(2) Concurrent Preclean
[2022-08-08T14:31:42.406+0530][gc,marking   ] GC(2) Concurrent Preclean 0.118ms
[2022-08-08T14:31:42.406+0530][gc,marking   ] GC(2) Concurrent Mark (1.337s, 1.343s) 5.680ms
[2022-08-08T14:31:42.406+0530][gc,start     ] GC(2) Pause Remark
[2022-08-08T14:31:42.409+0530][gc,stringtable] GC(2) Cleaned string and symbol table, strings: 7493 processed, 0 removed, symbols: 53044 processed, 33 removed
[2022-08-08T14:31:42.410+0530][gc            ] GC(2) Pause Remark 9M->9M(1024M) 3.780ms
[2022-08-08T14:31:42.410+0530][gc,cpu        ] GC(2) User=0.02s Sys=0.00s Real=0.00s
[2022-08-08T14:31:42.410+0530][gc,marking    ] GC(2) Concurrent Rebuild Remembered Sets
[2022-08-08T14:31:42.412+0530][gc,marking    ] GC(2) Concurrent Rebuild Remembered Sets 2.652ms
[2022-08-08T14:31:42.415+0530][gc,start      ] GC(2) Pause Cleanup
[2022-08-08T14:31:42.416+0530][gc            ] GC(2) Pause Cleanup 10M->10M(1024M) 0.239ms
[2022-08-08T14:31:42.416+0530][gc,cpu        ] GC(2) User=0.00s Sys=0.00s Real=0.00s
[2022-08-08T14:31:42.416+0530][gc,marking    ] GC(2) Concurrent Cleanup for Next Mark
[2022-08-08T14:31:42.424+0530][gc,marking    ] GC(2) Concurrent Cleanup for Next Mark 7.987ms
[2022-08-08T14:31:42.424+0530][gc            ] GC(2) Concurrent Cycle 26.686ms
[2022-08-08T14:31:43.052+0530][gc,start      ] GC(3) Pause Young (Normal) (G1 Evacuation Pause)
[2022-08-08T14:31:43.052+0530][gc,task       ] GC(3) Using 8 workers of 8 for evacuation
[2022-08-08T14:31:43.055+0530][gc,phases     ] GC(3)   Pre Evacuate Collection Set: 0.0ms
[2022-08-08T14:31:43.055+0530][gc,phases     ] GC(3)   Evacuate Collection Set: 2.8ms
[2022-08-08T14:31:43.055+0530][gc,phases     ] GC(3)   Post Evacuate Collection Set: 0.8ms
[2022-08-08T14:31:43.056+0530][gc,phases     ] GC(3)   Other: 0.1ms
[2022-08-08T14:31:43.056+0530][gc,heap       ] GC(3) Eden regions: 49->0(46)
[2022-08-08T14:31:43.056+0530][gc,heap       ] GC(3) Survivor regions: 2->5(7)
[2022-08-08T14:31:43.056+0530][gc,heap       ] GC(3) Old regions: 9->9
[2022-08-08T14:31:43.056+0530][gc,heap       ] GC(3) Humongous regions: 146->146
[2022-08-08T14:31:43.056+0530][gc,metaspace  ] GC(3) Metaspace: 33169K->33169K(1079296K)
[2022-08-08T14:31:43.056+0530][gc            ] GC(3) Pause Young (Normal) (G1 Evacuation Pause) 204M->157M(1024M) 3.763ms
[2022-08-08T14:31:43.056+0530][gc,cpu        ] GC(3) User=0.02s Sys=0.00s Real=0.01s
[2022-08-08T14:31:43.100+0530][gc,start      ] GC(4) Pause Young (Concurrent Start) (Metadata GC Threshold)
[2022-08-08T14:31:43.100+0530][gc,task       ] GC(4) Using 8 workers of 8 for evacuation
[2022-08-08T14:31:43.103+0530][gc,phases     ] GC(4)   Pre Evacuate Collection Set: 0.1ms
[2022-08-08T14:31:43.103+0530][gc,phases     ] GC(4)   Evacuate Collection Set: 2.7ms
[2022-08-08T14:31:43.103+0530][gc,phases     ] GC(4)   Post Evacuate Collection Set: 0.3ms
[2022-08-08T14:31:43.103+0530][gc,phases     ] GC(4)   Other: 0.1ms
[2022-08-08T14:31:43.103+0530][gc,heap       ] GC(4) Eden regions: 8->0(47)
[2022-08-08T14:31:43.103+0530][gc,heap       ] GC(4) Survivor regions: 5->4(7)
[2022-08-08T14:31:43.103+0530][gc,heap       ] GC(4) Old regions: 9->10
[2022-08-08T14:31:43.103+0530][gc,heap       ] GC(4) Humongous regions: 146->146
[2022-08-08T14:31:43.103+0530][gc,metaspace  ] GC(4) Metaspace: 34803K->34803K(1081344K)
[2022-08-08T14:31:43.103+0530][gc            ] GC(4) Pause Young (Concurrent Start) (Metadata GC Threshold) 165M->158M(1024M) 3.187ms
[2022-08-08T14:31:43.103+0530][gc,cpu        ] GC(4) User=0.02s Sys=0.00s Real=0.01s
[2022-08-08T14:31:43.103+0530][gc            ] GC(5) Concurrent Cycle
[2022-08-08T14:31:43.103+0530][gc,marking    ] GC(5) Concurrent Clear Claimed Marks
[2022-08-08T14:31:43.103+0530][gc,marking    ] GC(5) Concurrent Clear Claimed Marks 0.021ms
[2022-08-08T14:31:43.103+0530][gc,marking    ] GC(5) Concurrent Scan Root Regions
[2022-08-08T14:31:43.104+0530][gc,marking    ] GC(5) Concurrent Scan Root Regions 1.053ms
[2022-08-08T14:31:43.104+0530][gc,marking    ] GC(5) Concurrent Mark (2.041s)
[2022-08-08T14:31:43.104+0530][gc,marking    ] GC(5) Concurrent Mark From Roots
[2022-08-08T14:31:43.104+0530][gc,task       ] GC(5) Using 2 workers of 2 for marking
[2022-08-08T14:31:43.109+0530][gc,marking    ] GC(5) Concurrent Mark From Roots 5.129ms
[2022-08-08T14:31:43.109+0530][gc,marking    ] GC(5) Concurrent Preclean
[2022-08-08T14:31:43.110+0530][gc,marking    ] GC(5) Concurrent Preclean 0.080ms
[2022-08-08T14:31:43.110+0530][gc,marking    ] GC(5) Concurrent Mark (2.041s, 2.047s) 5.247ms
[2022-08-08T14:31:43.110+0530][gc,start      ] GC(5) Pause Remark
[2022-08-08T14:31:43.112+0530][gc,stringtable] GC(5) Cleaned string and symbol table, strings: 10822 processed, 11 removed, symbols: 84307 processed, 20 removed
[2022-08-08T14:31:43.112+0530][gc            ] GC(5) Pause Remark 159M->159M(1024M) 2.604ms
[2022-08-08T14:31:43.112+0530][gc,cpu        ] GC(5) User=0.02s Sys=0.00s Real=0.00s
[2022-08-08T14:31:43.112+0530][gc,marking    ] GC(5) Concurrent Rebuild Remembered Sets
[2022-08-08T14:31:43.115+0530][gc,marking    ] GC(5) Concurrent Rebuild Remembered Sets 2.808ms
[2022-08-08T14:31:43.115+0530][gc,start      ] GC(5) Pause Cleanup
[2022-08-08T14:31:43.115+0530][gc            ] GC(5) Pause Cleanup 159M->159M(1024M) 0.157ms
[2022-08-08T14:31:43.115+0530][gc,cpu        ] GC(5) User=0.00s Sys=0.00s Real=0.00s
[2022-08-08T14:31:43.115+0530][gc,marking    ] GC(5) Concurrent Cleanup for Next Mark
[2022-08-08T14:31:43.119+0530][gc,marking    ] GC(5) Concurrent Cleanup for Next Mark 3.092ms
[2022-08-08T14:31:43.119+0530][gc            ] GC(5) Concurrent Cycle 15.390ms
[2022-08-08T14:31:43.535+0530][gc,start      ] GC(6) Pause Young (Normal) (G1 Evacuation Pause)
[2022-08-08T14:31:43.535+0530][gc,task       ] GC(6) Using 8 workers of 8 for evacuation
[2022-08-08T14:31:43.538+0530][gc,phases     ] GC(6)   Pre Evacuate Collection Set: 0.0ms
[2022-08-08T14:31:43.538+0530][gc,phases     ] GC(6)   Evacuate Collection Set: 3.1ms
[2022-08-08T14:31:43.538+0530][gc,phases     ] GC(6)   Post Evacuate Collection Set: 0.3ms
[2022-08-08T14:31:43.538+0530][gc,phases     ] GC(6)   Other: 0.1ms
[2022-08-08T14:31:43.538+0530][gc,heap       ] GC(6) Eden regions: 47->0(45)
[2022-08-08T14:31:43.538+0530][gc,heap       ] GC(6) Survivor regions: 4->6(7)
[2022-08-08T14:31:43.538+0530][gc,heap       ] GC(6) Old regions: 10->10
[2022-08-08T14:31:43.538+0530][gc,heap       ] GC(6) Humongous regions: 146->146
[2022-08-08T14:31:43.538+0530][gc,metaspace  ] GC(6) Metaspace: 37998K->37998K(1083392K)
[2022-08-08T14:31:43.538+0530][gc            ] GC(6) Pause Young (Normal) (G1 Evacuation Pause) 205M->159M(1024M) 3.618ms
[2022-08-08T14:31:43.538+0530][gc,cpu        ] GC(6) User=0.02s Sys=0.00s Real=0.01s
[2022-08-08T14:31:43.932+0530][gc,start      ] GC(7) Pause Young (Normal) (G1 Evacuation Pause)
[2022-08-08T14:31:43.932+0530][gc,task       ] GC(7) Using 8 workers of 8 for evacuation
[2022-08-08T14:31:43.936+0530][gc,phases     ] GC(7)   Pre Evacuate Collection Set: 0.0ms
[2022-08-08T14:31:43.936+0530][gc,phases     ] GC(7)   Evacuate Collection Set: 3.2ms
[2022-08-08T14:31:43.936+0530][gc,phases     ] GC(7)   Post Evacuate Collection Set: 0.3ms
[2022-08-08T14:31:43.936+0530][gc,phases     ] GC(7)   Other: 0.1ms
[2022-08-08T14:31:43.936+0530][gc,heap       ] GC(7) Eden regions: 45->0(47)
[2022-08-08T14:31:43.936+0530][gc,heap       ] GC(7) Survivor regions: 6->4(7)
[2022-08-08T14:31:43.936+0530][gc,heap       ] GC(7) Old regions: 10->13
[2022-08-08T14:31:43.936+0530][gc,heap       ] GC(7) Humongous regions: 146->146
[2022-08-08T14:31:43.936+0530][gc,metaspace  ] GC(7) Metaspace: 40178K->40178K(1085440K)
[2022-08-08T14:31:43.936+0530][gc            ] GC(7) Pause Young (Normal) (G1 Evacuation Pause) 204M->160M(1024M) 3.740ms
[2022-08-08T14:31:43.936+0530][gc,cpu        ] GC(7) User=0.02s Sys=0.00s Real=0.01s
[2022-08-08T14:55:31.645+0530][gc,start      ] GC(8) Pause Young (Normal) (G1 Evacuation Pause)
[2022-08-08T14:55:31.645+0530][gc,task       ] GC(8) Using 8 workers of 8 for evacuation
[2022-08-08T14:55:31.652+0530][gc,phases     ] GC(8)   Pre Evacuate Collection Set: 0.0ms
[2022-08-08T14:55:31.652+0530][gc,phases     ] GC(8)   Evacuate Collection Set: 7.0ms
[2022-08-08T14:55:31.652+0530][gc,phases     ] GC(8)   Post Evacuate Collection Set: 0.4ms
[2022-08-08T14:55:31.652+0530][gc,phases     ] GC(8)   Other: 0.1ms
[2022-08-08T14:55:31.652+0530][gc,heap       ] GC(8) Eden regions: 47->0(46)
[2022-08-08T14:55:31.652+0530][gc,heap       ] GC(8) Survivor regions: 4->5(7)
[2022-08-08T14:55:31.652+0530][gc,heap       ] GC(8) Old regions: 13->13
[2022-08-08T14:55:31.652+0530][gc,heap       ] GC(8) Humongous regions: 146->146
[2022-08-08T14:55:31.652+0530][gc,metaspace  ] GC(8) Metaspace: 45992K->45992K(1091584K)
[2022-08-08T14:55:31.652+0530][gc            ] GC(8) Pause Young (Normal) (G1 Evacuation Pause) 207M->162M(1024M) 7.624ms
[2022-08-08T14:55:31.652+0530][gc,cpu        ] GC(8) User=0.02s Sys=0.00s Real=0.00s
[2022-08-08T15:43:26.805+0530][gc,start      ] GC(9) Pause Young (Normal) (G1 Evacuation Pause)
[2022-08-08T15:43:26.806+0530][gc,task       ] GC(9) Using 8 workers of 8 for evacuation
[2022-08-08T15:43:26.813+0530][gc,phases     ] GC(9)   Pre Evacuate Collection Set: 0.0ms
[2022-08-08T15:43:26.813+0530][gc,phases     ] GC(9)   Evacuate Collection Set: 6.6ms
[2022-08-08T15:43:26.813+0530][gc,phases     ] GC(9)   Post Evacuate Collection Set: 1.1ms
[2022-08-08T15:43:26.813+0530][gc,phases     ] GC(9)   Other: 0.3ms
[2022-08-08T15:43:26.813+0530][gc,heap       ] GC(9) Eden regions: 46->0(48)
[2022-08-08T15:43:26.814+0530][gc,heap       ] GC(9) Survivor regions: 5->4(7)
[2022-08-08T15:43:26.814+0530][gc,heap       ] GC(9) Old regions: 13->15
[2022-08-08T15:43:26.814+0530][gc,heap       ] GC(9) Humongous regions: 146->146
[2022-08-08T15:43:26.814+0530][gc,metaspace  ] GC(9) Metaspace: 48552K->48552K(1093632K)
[2022-08-08T15:43:26.814+0530][gc            ] GC(9) Pause Young (Normal) (G1 Evacuation Pause) 208M->162M(1024M) 8.078ms
[2022-08-08T15:43:26.814+0530][gc,cpu        ] GC(9) User=0.05s Sys=0.00s Real=0.00s
[2022-08-08T16:46:31.805+0530][gc,start      ] GC(10) Pause Young (Normal) (G1 Evacuation Pause)
[2022-08-08T16:46:31.806+0530][gc,task       ] GC(10) Using 8 workers of 8 for evacuation
[2022-08-08T16:46:31.815+0530][gc,phases     ] GC(10)   Pre Evacuate Collection Set: 0.0ms
[2022-08-08T16:46:31.815+0530][gc,phases     ] GC(10)   Evacuate Collection Set: 8.1ms
[2022-08-08T16:46:31.815+0530][gc,phases     ] GC(10)   Post Evacuate Collection Set: 1.2ms
[2022-08-08T16:46:31.815+0530][gc,phases     ] GC(10)   Other: 0.4ms
[2022-08-08T16:46:31.815+0530][gc,heap       ] GC(10) Eden regions: 48->0(51)
[2022-08-08T16:46:31.815+0530][gc,heap       ] GC(10) Survivor regions: 4->3(7)
[2022-08-08T16:46:31.815+0530][gc,heap       ] GC(10) Old regions: 15->15
[2022-08-08T16:46:31.815+0530][gc,heap       ] GC(10) Humongous regions: 146->146
[2022-08-08T16:46:31.815+0530][gc,metaspace  ] GC(10) Metaspace: 48659K->48659K(1093632K)
[2022-08-08T16:46:31.815+0530][gc            ] GC(10) Pause Young (Normal) (G1 Evacuation Pause) 210M->162M(1024M) 9.987ms
[2022-08-08T16:46:31.816+0530][gc,cpu        ] GC(10) User=0.06s Sys=0.00s Real=0.01s
[2022-08-08T17:53:56.151+0530][gc,start      ] GC(11) Pause Young (Normal) (G1 Evacuation Pause)
[2022-08-08T17:53:56.151+0530][gc,task       ] GC(11) Using 8 workers of 8 for evacuation
[2022-08-08T17:53:56.159+0530][gc,phases     ] GC(11)   Pre Evacuate Collection Set: 0.0ms
[2022-08-08T17:53:56.159+0530][gc,phases     ] GC(11)   Evacuate Collection Set: 6.7ms
[2022-08-08T17:53:56.159+0530][gc,phases     ] GC(11)   Post Evacuate Collection Set: 1.5ms
[2022-08-08T17:53:56.159+0530][gc,phases     ] GC(11)   Other: 0.4ms
[2022-08-08T17:53:56.159+0530][gc,heap       ] GC(11) Eden regions: 51->0(54)
[2022-08-08T17:53:56.159+0530][gc,heap       ] GC(11) Survivor regions: 3->3(7)
[2022-08-08T17:53:56.159+0530][gc,heap       ] GC(11) Old regions: 15->15
[2022-08-08T17:53:56.159+0530][gc,heap       ] GC(11) Humongous regions: 146->146
[2022-08-08T17:53:56.159+0530][gc,metaspace  ] GC(11) Metaspace: 48676K->48676K(1093632K)
[2022-08-08T17:53:56.160+0530][gc            ] GC(11) Pause Young (Normal) (G1 Evacuation Pause) 213M->162M(1024M) 9.023ms
[2022-08-08T17:53:56.160+0530][gc,cpu        ] GC(11) User=0.05s Sys=0.00s Real=0.01s
[2022-08-08T19:05:16.795+0530][gc,start      ] GC(12) Pause Young (Normal) (G1 Evacuation Pause)
[2022-08-08T19:05:16.796+0530][gc,task       ] GC(12) Using 8 workers of 8 for evacuation
[2022-08-08T19:05:16.807+0530][gc,phases     ] GC(12)   Pre Evacuate Collection Set: 0.0ms
[2022-08-08T19:05:16.807+0530][gc,phases     ] GC(12)   Evacuate Collection Set: 7.7ms
[2022-08-08T19:05:16.807+0530][gc,phases     ] GC(12)   Post Evacuate Collection Set: 3.1ms
[2022-08-08T19:05:16.807+0530][gc,phases     ] GC(12)   Other: 0.8ms
[2022-08-08T19:05:16.807+0530][gc,heap       ] GC(12) Eden regions: 54->0(55)
[2022-08-08T19:05:16.807+0530][gc,heap       ] GC(12) Survivor regions: 3->3(8)
[2022-08-08T19:05:16.807+0530][gc,heap       ] GC(12) Old regions: 15->15
[2022-08-08T19:05:16.807+0530][gc,heap       ] GC(12) Humongous regions: 146->146
[2022-08-08T19:05:16.807+0530][gc,metaspace  ] GC(12) Metaspace: 48708K->48708K(1093632K)
[2022-08-08T19:05:16.808+0530][gc            ] GC(12) Pause Young (Normal) (G1 Evacuation Pause) 216M->162M(1024M) 12.185ms
[2022-08-08T19:05:16.808+0530][gc,cpu        ] GC(12) User=0.08s Sys=0.00s Real=0.01s
[2022-08-08T20:18:34.896+0530][gc,start      ] GC(13) Pause Young (Normal) (G1 Evacuation Pause)
[2022-08-08T20:18:34.899+0530][gc,task       ] GC(13) Using 8 workers of 8 for evacuation
[2022-08-08T20:18:34.906+0530][gc,phases     ] GC(13)   Pre Evacuate Collection Set: 0.1ms
[2022-08-08T20:18:34.906+0530][gc,phases     ] GC(13)   Evacuate Collection Set: 5.6ms
[2022-08-08T20:18:34.906+0530][gc,phases     ] GC(13)   Post Evacuate Collection Set: 0.9ms
[2022-08-08T20:18:34.906+0530][gc,phases     ] GC(13)   Other: 3.9ms
[2022-08-08T20:18:34.906+0530][gc,heap       ] GC(13) Eden regions: 55->0(57)
[2022-08-08T20:18:34.906+0530][gc,heap       ] GC(13) Survivor regions: 3->3(8)
[2022-08-08T20:18:34.906+0530][gc,heap       ] GC(13) Old regions: 15->15
[2022-08-08T20:18:34.906+0530][gc,heap       ] GC(13) Humongous regions: 146->146
[2022-08-08T20:18:34.906+0530][gc,metaspace  ] GC(13) Metaspace: 48716K->48716K(1093632K)
[2022-08-08T20:18:34.906+0530][gc            ] GC(13) Pause Young (Normal) (G1 Evacuation Pause) 217M->162M(1024M) 10.438ms
[2022-08-08T20:18:34.906+0530][gc,cpu        ] GC(13) User=0.04s Sys=0.00s Real=0.01s
[2022-08-08T21:34:44.743+0530][gc,start      ] GC(14) Pause Young (Normal) (G1 Evacuation Pause)
[2022-08-08T21:34:44.743+0530][gc,task       ] GC(14) Using 8 workers of 8 for evacuation
[2022-08-08T21:34:44.752+0530][gc,phases     ] GC(14)   Pre Evacuate Collection Set: 0.0ms
[2022-08-08T21:34:44.753+0530][gc,phases     ] GC(14)   Evacuate Collection Set: 7.4ms
[2022-08-08T21:34:44.753+0530][gc,phases     ] GC(14)   Post Evacuate Collection Set: 1.5ms
[2022-08-08T21:34:44.753+0530][gc,phases     ] GC(14)   Other: 0.5ms
[2022-08-08T21:34:44.753+0530][gc,heap       ] GC(14) Eden regions: 57->0(60)
[2022-08-08T21:34:44.753+0530][gc,heap       ] GC(14) Survivor regions: 3->3(8)
[2022-08-08T21:34:44.753+0530][gc,heap       ] GC(14) Old regions: 15->15
[2022-08-08T21:34:44.753+0530][gc,heap       ] GC(14) Humongous regions: 146->146
[2022-08-08T21:34:44.753+0530][gc,metaspace  ] GC(14) Metaspace: 48731K->48731K(1093632K)
[2022-08-08T21:34:44.753+0530][gc            ] GC(14) Pause Young (Normal) (G1 Evacuation Pause) 219M->162M(1024M) 9.932ms
[2022-08-08T21:34:44.753+0530][gc,cpu        ] GC(14) User=0.05s Sys=0.00s Real=0.01s
[2022-08-08T22:28:18.348+0530][gc,start      ] GC(15) Pause Young (Normal) (G1 Evacuation Pause)
[2022-08-08T22:28:18.348+0530][gc,task       ] GC(15) Using 8 workers of 8 for evacuation
[2022-08-08T22:28:18.353+0530][gc,phases     ] GC(15)   Pre Evacuate Collection Set: 0.0ms
[2022-08-08T22:28:18.353+0530][gc,phases     ] GC(15)   Evacuate Collection Set: 3.4ms
[2022-08-08T22:28:18.353+0530][gc,phases     ] GC(15)   Post Evacuate Collection Set: 1.0ms
[2022-08-08T22:28:18.353+0530][gc,phases     ] GC(15)   Other: 0.1ms
[2022-08-08T22:28:18.353+0530][gc,heap       ] GC(15) Eden regions: 60->0(65)
[2022-08-08T22:28:18.353+0530][gc,heap       ] GC(15) Survivor regions: 3->5(8)
[2022-08-08T22:28:18.353+0530][gc,heap       ] GC(15) Old regions: 15->15
[2022-08-08T22:28:18.353+0530][gc,heap       ] GC(15) Humongous regions: 146->146
[2022-08-08T22:28:18.353+0530][gc,metaspace  ] GC(15) Metaspace: 49529K->49529K(1093632K)
[2022-08-08T22:28:18.353+0530][gc            ] GC(15) Pause Young (Normal) (G1 Evacuation Pause) 222M->163M(1024M) 4.544ms
[2022-08-08T22:28:18.353+0530][gc,cpu        ] GC(15) User=0.03s Sys=0.00s Real=0.00s
[2022-08-08T22:28:23.405+0530][gc,heap,exit  ] Heap
[2022-08-08T22:28:23.405+0530][gc,heap,exit  ]  garbage-first heap   total 1048576K, used 207435K [0x00000000c0000000, 0x0000000100000000)
[2022-08-08T22:28:23.405+0530][gc,heap,exit  ]   region size 1024K, 45 young (46080K), 5 survivors (5120K)
[2022-08-08T22:28:23.405+0530][gc,heap,exit  ]  Metaspace       used 51524K, capacity 54071K, committed 54144K, reserved 1095680K
[2022-08-08T22:28:23.405+0530][gc,heap,exit  ]   class space    used 6550K, capacity 7752K, committed 7808K, reserved 1048576K
