[2022-08-08T14:31:34.564+0530][gc,heap] Heap region size: 1M
[2022-08-08T14:31:34.579+0530][gc     ] Using G1
[2022-08-08T14:31:34.579+0530][gc,heap,coops] Heap address: 0x00000000c0000000, size: 1024 MB, Compressed Oops mode: 32-bit
[2022-08-08T14:31:34.580+0530][gc,cds       ] Mark closed archive regions in map: [0x00000000fff00000, 0x00000000fff6aff8]
[2022-08-08T14:31:34.580+0530][gc,cds       ] Mark open archive regions in map: [0x00000000ffe00000, 0x00000000ffe47ff8]
[2022-08-08T14:31:40.304+0530][gc,start     ] GC(0) Pause Young (Normal) (G1 Evacuation Pause)
[2022-08-08T14:31:40.304+0530][gc,task      ] GC(0) Using 8 workers of 8 for evacuation
[2022-08-08T14:31:40.312+0530][gc,phases    ] GC(0)   Pre Evacuate Collection Set: 0.0ms
[2022-08-08T14:31:40.312+0530][gc,phases    ] GC(0)   Evacuate Collection Set: 6.7ms
[2022-08-08T14:31:40.312+0530][gc,phases    ] GC(0)   Post Evacuate Collection Set: 0.3ms
[2022-08-08T14:31:40.312+0530][gc,phases    ] GC(0)   Other: 1.0ms
[2022-08-08T14:31:40.312+0530][gc,heap      ] GC(0) Eden regions: 51->0(44)
[2022-08-08T14:31:40.312+0530][gc,heap      ] GC(0) Survivor regions: 0->7(7)
[2022-08-08T14:31:40.312+0530][gc,heap      ] GC(0) Old regions: 2->2
[2022-08-08T14:31:40.312+0530][gc,heap      ] GC(0) Humongous regions: 0->0
[2022-08-08T14:31:40.312+0530][gc,metaspace ] GC(0) Metaspace: 14824K->14824K(1062912K)
[2022-08-08T14:31:40.312+0530][gc           ] GC(0) Pause Young (Normal) (G1 Evacuation Pause) 51M->7M(1024M) 8.090ms
[2022-08-08T14:31:40.312+0530][gc,cpu       ] GC(0) User=0.05s Sys=0.00s Real=0.00s
[2022-08-08T14:31:40.617+0530][gc,start     ] GC(1) Pause Young (Concurrent Start) (Metadata GC Threshold)
[2022-08-08T14:31:40.617+0530][gc,task      ] GC(1) Using 8 workers of 8 for evacuation
[2022-08-08T14:31:40.624+0530][gc,phases    ] GC(1)   Pre Evacuate Collection Set: 0.0ms
[2022-08-08T14:31:40.624+0530][gc,phases    ] GC(1)   Evacuate Collection Set: 6.2ms
[2022-08-08T14:31:40.624+0530][gc,phases    ] GC(1)   Post Evacuate Collection Set: 0.3ms
[2022-08-08T14:31:40.624+0530][gc,phases    ] GC(1)   Other: 0.2ms
[2022-08-08T14:31:40.624+0530][gc,heap      ] GC(1) Eden regions: 27->0(49)
[2022-08-08T14:31:40.624+0530][gc,heap      ] GC(1) Survivor regions: 7->2(7)
[2022-08-08T14:31:40.624+0530][gc,heap      ] GC(1) Old regions: 2->9
[2022-08-08T14:31:40.624+0530][gc,heap      ] GC(1) Humongous regions: 0->0
[2022-08-08T14:31:40.624+0530][gc,metaspace ] GC(1) Metaspace: 20590K->20590K(1067008K)
[2022-08-08T14:31:40.624+0530][gc           ] GC(1) Pause Young (Concurrent Start) (Metadata GC Threshold) 34M->8M(1024M) 6.817ms
[2022-08-08T14:31:40.624+0530][gc,cpu       ] GC(1) User=0.03s Sys=0.01s Real=0.01s
[2022-08-08T14:31:40.624+0530][gc           ] GC(2) Concurrent Cycle
[2022-08-08T14:31:40.624+0530][gc,marking   ] GC(2) Concurrent Clear Claimed Marks
[2022-08-08T14:31:40.624+0530][gc,marking   ] GC(2) Concurrent Clear Claimed Marks 0.017ms
[2022-08-08T14:31:40.624+0530][gc,marking   ] GC(2) Concurrent Scan Root Regions
[2022-08-08T14:31:40.625+0530][gc,marking   ] GC(2) Concurrent Scan Root Regions 0.816ms
[2022-08-08T14:31:40.625+0530][gc,marking   ] GC(2) Concurrent Mark (6.085s)
[2022-08-08T14:31:40.625+0530][gc,marking   ] GC(2) Concurrent Mark From Roots
[2022-08-08T14:31:40.625+0530][gc,task      ] GC(2) Using 2 workers of 2 for marking
[2022-08-08T14:31:40.630+0530][gc,marking   ] GC(2) Concurrent Mark From Roots 5.298ms
[2022-08-08T14:31:40.630+0530][gc,marking   ] GC(2) Concurrent Preclean
[2022-08-08T14:31:40.630+0530][gc,marking   ] GC(2) Concurrent Preclean 0.122ms
[2022-08-08T14:31:40.630+0530][gc,marking   ] GC(2) Concurrent Mark (6.085s, 6.090s) 5.473ms
[2022-08-08T14:31:40.631+0530][gc,start     ] GC(2) Pause Remark
[2022-08-08T14:31:40.634+0530][gc,stringtable] GC(2) Cleaned string and symbol table, strings: 7500 processed, 0 removed, symbols: 52596 processed, 33 removed
[2022-08-08T14:31:40.634+0530][gc            ] GC(2) Pause Remark 9M->9M(1024M) 3.354ms
[2022-08-08T14:31:40.634+0530][gc,cpu        ] GC(2) User=0.02s Sys=0.00s Real=0.00s
[2022-08-08T14:31:40.634+0530][gc,marking    ] GC(2) Concurrent Rebuild Remembered Sets
[2022-08-08T14:31:40.637+0530][gc,marking    ] GC(2) Concurrent Rebuild Remembered Sets 2.695ms
[2022-08-08T14:31:40.637+0530][gc,start      ] GC(2) Pause Cleanup
[2022-08-08T14:31:40.637+0530][gc            ] GC(2) Pause Cleanup 9M->9M(1024M) 0.211ms
[2022-08-08T14:31:40.637+0530][gc,cpu        ] GC(2) User=0.00s Sys=0.00s Real=0.00s
[2022-08-08T14:31:40.637+0530][gc,marking    ] GC(2) Concurrent Cleanup for Next Mark
[2022-08-08T14:31:40.640+0530][gc,marking    ] GC(2) Concurrent Cleanup for Next Mark 3.392ms
[2022-08-08T14:31:40.641+0530][gc            ] GC(2) Concurrent Cycle 16.522ms
[2022-08-08T14:31:41.300+0530][gc,start      ] GC(3) Pause Young (Normal) (G1 Evacuation Pause)
[2022-08-08T14:31:41.300+0530][gc,task       ] GC(3) Using 8 workers of 8 for evacuation
[2022-08-08T14:31:41.305+0530][gc,phases     ] GC(3)   Pre Evacuate Collection Set: 0.0ms
[2022-08-08T14:31:41.305+0530][gc,phases     ] GC(3)   Evacuate Collection Set: 3.9ms
[2022-08-08T14:31:41.305+0530][gc,phases     ] GC(3)   Post Evacuate Collection Set: 0.9ms
[2022-08-08T14:31:41.305+0530][gc,phases     ] GC(3)   Other: 0.2ms
[2022-08-08T14:31:41.305+0530][gc,heap       ] GC(3) Eden regions: 49->0(46)
[2022-08-08T14:31:41.305+0530][gc,heap       ] GC(3) Survivor regions: 2->5(7)
[2022-08-08T14:31:41.305+0530][gc,heap       ] GC(3) Old regions: 9->9
[2022-08-08T14:31:41.305+0530][gc,heap       ] GC(3) Humongous regions: 146->146
[2022-08-08T14:31:41.305+0530][gc,metaspace  ] GC(3) Metaspace: 33222K->33222K(1079296K)
[2022-08-08T14:31:41.305+0530][gc            ] GC(3) Pause Young (Normal) (G1 Evacuation Pause) 203M->157M(1024M) 5.049ms
[2022-08-08T14:31:41.305+0530][gc,cpu        ] GC(3) User=0.03s Sys=0.00s Real=0.01s
[2022-08-08T14:31:41.369+0530][gc,start      ] GC(4) Pause Young (Concurrent Start) (Metadata GC Threshold)
[2022-08-08T14:31:41.369+0530][gc,task       ] GC(4) Using 8 workers of 8 for evacuation
[2022-08-08T14:31:41.375+0530][gc,phases     ] GC(4)   Pre Evacuate Collection Set: 0.1ms
[2022-08-08T14:31:41.375+0530][gc,phases     ] GC(4)   Evacuate Collection Set: 5.3ms
[2022-08-08T14:31:41.375+0530][gc,phases     ] GC(4)   Post Evacuate Collection Set: 0.4ms
[2022-08-08T14:31:41.375+0530][gc,phases     ] GC(4)   Other: 0.2ms
[2022-08-08T14:31:41.375+0530][gc,heap       ] GC(4) Eden regions: 8->0(48)
[2022-08-08T14:31:41.375+0530][gc,heap       ] GC(4) Survivor regions: 5->3(7)
[2022-08-08T14:31:41.375+0530][gc,heap       ] GC(4) Old regions: 9->10
[2022-08-08T14:31:41.375+0530][gc,heap       ] GC(4) Humongous regions: 146->146
[2022-08-08T14:31:41.375+0530][gc,metaspace  ] GC(4) Metaspace: 34791K->34791K(1081344K)
[2022-08-08T14:31:41.375+0530][gc            ] GC(4) Pause Young (Concurrent Start) (Metadata GC Threshold) 164M->157M(1024M) 5.982ms
[2022-08-08T14:31:41.375+0530][gc,cpu        ] GC(4) User=0.02s Sys=0.00s Real=0.00s
[2022-08-08T14:31:41.375+0530][gc            ] GC(5) Concurrent Cycle
[2022-08-08T14:31:41.375+0530][gc,marking    ] GC(5) Concurrent Clear Claimed Marks
[2022-08-08T14:31:41.375+0530][gc,marking    ] GC(5) Concurrent Clear Claimed Marks 0.031ms
[2022-08-08T14:31:41.375+0530][gc,marking    ] GC(5) Concurrent Scan Root Regions
[2022-08-08T14:31:41.376+0530][gc,marking    ] GC(5) Concurrent Scan Root Regions 1.201ms
[2022-08-08T14:31:41.376+0530][gc,marking    ] GC(5) Concurrent Mark (6.836s)
[2022-08-08T14:31:41.376+0530][gc,marking    ] GC(5) Concurrent Mark From Roots
[2022-08-08T14:31:41.376+0530][gc,task       ] GC(5) Using 2 workers of 2 for marking
[2022-08-08T14:31:41.383+0530][gc,marking    ] GC(5) Concurrent Mark From Roots 7.149ms
[2022-08-08T14:31:41.383+0530][gc,marking    ] GC(5) Concurrent Preclean
[2022-08-08T14:31:41.384+0530][gc,marking    ] GC(5) Concurrent Preclean 0.085ms
[2022-08-08T14:31:41.384+0530][gc,marking    ] GC(5) Concurrent Mark (6.836s, 6.843s) 7.274ms
[2022-08-08T14:31:41.384+0530][gc,start      ] GC(5) Pause Remark
[2022-08-08T14:31:41.387+0530][gc,stringtable] GC(5) Cleaned string and symbol table, strings: 10805 processed, 11 removed, symbols: 84246 processed, 20 removed
[2022-08-08T14:31:41.387+0530][gc            ] GC(5) Pause Remark 158M->158M(1024M) 3.628ms
[2022-08-08T14:31:41.387+0530][gc,cpu        ] GC(5) User=0.01s Sys=0.01s Real=0.00s
[2022-08-08T14:31:41.387+0530][gc,marking    ] GC(5) Concurrent Rebuild Remembered Sets
[2022-08-08T14:31:41.390+0530][gc,marking    ] GC(5) Concurrent Rebuild Remembered Sets 2.830ms
[2022-08-08T14:31:41.390+0530][gc,start      ] GC(5) Pause Cleanup
[2022-08-08T14:31:41.391+0530][gc            ] GC(5) Pause Cleanup 158M->158M(1024M) 0.158ms
[2022-08-08T14:31:41.391+0530][gc,cpu        ] GC(5) User=0.00s Sys=0.00s Real=0.00s
[2022-08-08T14:31:41.391+0530][gc,marking    ] GC(5) Concurrent Cleanup for Next Mark
[2022-08-08T14:31:41.394+0530][gc,marking    ] GC(5) Concurrent Cleanup for Next Mark 3.339ms
[2022-08-08T14:31:41.394+0530][gc            ] GC(5) Concurrent Cycle 18.933ms
[2022-08-08T14:31:41.904+0530][gc,start      ] GC(6) Pause Young (Normal) (G1 Evacuation Pause)
[2022-08-08T14:31:41.904+0530][gc,task       ] GC(6) Using 8 workers of 8 for evacuation
[2022-08-08T14:31:41.907+0530][gc,phases     ] GC(6)   Pre Evacuate Collection Set: 0.0ms
[2022-08-08T14:31:41.907+0530][gc,phases     ] GC(6)   Evacuate Collection Set: 3.0ms
[2022-08-08T14:31:41.907+0530][gc,phases     ] GC(6)   Post Evacuate Collection Set: 0.3ms
[2022-08-08T14:31:41.907+0530][gc,phases     ] GC(6)   Other: 0.1ms
[2022-08-08T14:31:41.907+0530][gc,heap       ] GC(6) Eden regions: 48->0(46)
[2022-08-08T14:31:41.907+0530][gc,heap       ] GC(6) Survivor regions: 3->5(7)
[2022-08-08T14:31:41.907+0530][gc,heap       ] GC(6) Old regions: 10->10
[2022-08-08T14:31:41.907+0530][gc,heap       ] GC(6) Humongous regions: 146->146
[2022-08-08T14:31:41.907+0530][gc,metaspace  ] GC(6) Metaspace: 38051K->38051K(1083392K)
[2022-08-08T14:31:41.907+0530][gc            ] GC(6) Pause Young (Normal) (G1 Evacuation Pause) 205M->159M(1024M) 3.479ms
[2022-08-08T14:31:41.907+0530][gc,cpu        ] GC(6) User=0.02s Sys=0.01s Real=0.00s
[2022-08-08T14:31:42.416+0530][gc,start      ] GC(7) Pause Young (Normal) (G1 Evacuation Pause)
[2022-08-08T14:31:42.416+0530][gc,task       ] GC(7) Using 8 workers of 8 for evacuation
[2022-08-08T14:31:42.421+0530][gc,phases     ] GC(7)   Pre Evacuate Collection Set: 0.0ms
[2022-08-08T14:31:42.421+0530][gc,phases     ] GC(7)   Evacuate Collection Set: 4.5ms
[2022-08-08T14:31:42.421+0530][gc,phases     ] GC(7)   Post Evacuate Collection Set: 0.4ms
[2022-08-08T14:31:42.421+0530][gc,phases     ] GC(7)   Other: 0.2ms
[2022-08-08T14:31:42.421+0530][gc,heap       ] GC(7) Eden regions: 46->0(47)
[2022-08-08T14:31:42.421+0530][gc,heap       ] GC(7) Survivor regions: 5->4(7)
[2022-08-08T14:31:42.421+0530][gc,heap       ] GC(7) Old regions: 10->13
[2022-08-08T14:31:42.421+0530][gc,heap       ] GC(7) Humongous regions: 146->146
[2022-08-08T14:31:42.421+0530][gc,metaspace  ] GC(7) Metaspace: 40781K->40781K(1085440K)
[2022-08-08T14:31:42.421+0530][gc            ] GC(7) Pause Young (Normal) (G1 Evacuation Pause) 205M->160M(1024M) 5.175ms
[2022-08-08T14:31:42.421+0530][gc,cpu        ] GC(7) User=0.02s Sys=0.00s Real=0.00s
[2022-08-08T14:55:31.755+0530][gc,start      ] GC(8) Pause Young (Normal) (G1 Evacuation Pause)
[2022-08-08T14:55:31.755+0530][gc,task       ] GC(8) Using 8 workers of 8 for evacuation
[2022-08-08T14:55:31.764+0530][gc,phases     ] GC(8)   Pre Evacuate Collection Set: 0.1ms
[2022-08-08T14:55:31.764+0530][gc,phases     ] GC(8)   Evacuate Collection Set: 8.6ms
[2022-08-08T14:55:31.764+0530][gc,phases     ] GC(8)   Post Evacuate Collection Set: 0.5ms
[2022-08-08T14:55:31.764+0530][gc,phases     ] GC(8)   Other: 0.2ms
[2022-08-08T14:55:31.764+0530][gc,heap       ] GC(8) Eden regions: 47->0(46)
[2022-08-08T14:55:31.764+0530][gc,heap       ] GC(8) Survivor regions: 4->5(7)
[2022-08-08T14:55:31.764+0530][gc,heap       ] GC(8) Old regions: 13->13
[2022-08-08T14:55:31.764+0530][gc,heap       ] GC(8) Humongous regions: 146->146
[2022-08-08T14:55:31.764+0530][gc,metaspace  ] GC(8) Metaspace: 46707K->46707K(1091584K)
[2022-08-08T14:55:31.764+0530][gc            ] GC(8) Pause Young (Normal) (G1 Evacuation Pause) 207M->162M(1024M) 9.393ms
[2022-08-08T14:55:31.764+0530][gc,cpu        ] GC(8) User=0.04s Sys=0.00s Real=0.02s
[2022-08-08T15:42:26.798+0530][gc,start      ] GC(9) Pause Young (Normal) (G1 Evacuation Pause)
[2022-08-08T15:42:26.798+0530][gc,task       ] GC(9) Using 8 workers of 8 for evacuation
[2022-08-08T15:42:26.806+0530][gc,phases     ] GC(9)   Pre Evacuate Collection Set: 0.0ms
[2022-08-08T15:42:26.806+0530][gc,phases     ] GC(9)   Evacuate Collection Set: 6.6ms
[2022-08-08T15:42:26.806+0530][gc,phases     ] GC(9)   Post Evacuate Collection Set: 1.0ms
[2022-08-08T15:42:26.806+0530][gc,phases     ] GC(9)   Other: 0.3ms
[2022-08-08T15:42:26.806+0530][gc,heap       ] GC(9) Eden regions: 46->0(48)
[2022-08-08T15:42:26.806+0530][gc,heap       ] GC(9) Survivor regions: 5->3(7)
[2022-08-08T15:42:26.806+0530][gc,heap       ] GC(9) Old regions: 13->15
[2022-08-08T15:42:26.806+0530][gc,heap       ] GC(9) Humongous regions: 146->146
[2022-08-08T15:42:26.806+0530][gc,metaspace  ] GC(9) Metaspace: 49109K->49109K(1093632K)
[2022-08-08T15:42:26.806+0530][gc            ] GC(9) Pause Young (Normal) (G1 Evacuation Pause) 208M->162M(1024M) 7.984ms
[2022-08-08T15:42:26.806+0530][gc,cpu        ] GC(9) User=0.05s Sys=0.00s Real=0.01s
[2022-08-08T16:45:21.799+0530][gc,start      ] GC(10) Pause Young (Normal) (G1 Evacuation Pause)
[2022-08-08T16:45:21.799+0530][gc,task       ] GC(10) Using 8 workers of 8 for evacuation
[2022-08-08T16:45:21.806+0530][gc,phases     ] GC(10)   Pre Evacuate Collection Set: 0.2ms
[2022-08-08T16:45:21.806+0530][gc,phases     ] GC(10)   Evacuate Collection Set: 5.2ms
[2022-08-08T16:45:21.806+0530][gc,phases     ] GC(10)   Post Evacuate Collection Set: 0.9ms
[2022-08-08T16:45:21.806+0530][gc,phases     ] GC(10)   Other: 0.4ms
[2022-08-08T16:45:21.806+0530][gc,heap       ] GC(10) Eden regions: 48->0(51)
[2022-08-08T16:45:21.806+0530][gc,heap       ] GC(10) Survivor regions: 3->3(7)
[2022-08-08T16:45:21.806+0530][gc,heap       ] GC(10) Old regions: 15->15
[2022-08-08T16:45:21.806+0530][gc,heap       ] GC(10) Humongous regions: 146->146
[2022-08-08T16:45:21.806+0530][gc,metaspace  ] GC(10) Metaspace: 49225K->49225K(1093632K)
[2022-08-08T16:45:21.806+0530][gc            ] GC(10) Pause Young (Normal) (G1 Evacuation Pause) 210M->162M(1024M) 6.688ms
[2022-08-08T16:45:21.806+0530][gc,cpu        ] GC(10) User=0.04s Sys=0.00s Real=0.01s
[2022-08-08T17:52:46.797+0530][gc,start      ] GC(11) Pause Young (Normal) (G1 Evacuation Pause)
[2022-08-08T17:52:46.797+0530][gc,task       ] GC(11) Using 8 workers of 8 for evacuation
[2022-08-08T17:52:46.804+0530][gc,phases     ] GC(11)   Pre Evacuate Collection Set: 0.0ms
[2022-08-08T17:52:46.804+0530][gc,phases     ] GC(11)   Evacuate Collection Set: 4.7ms
[2022-08-08T17:52:46.804+0530][gc,phases     ] GC(11)   Post Evacuate Collection Set: 1.7ms
[2022-08-08T17:52:46.804+0530][gc,phases     ] GC(11)   Other: 0.2ms
[2022-08-08T17:52:46.804+0530][gc,heap       ] GC(11) Eden regions: 51->0(55)
[2022-08-08T17:52:46.804+0530][gc,heap       ] GC(11) Survivor regions: 3->3(7)
[2022-08-08T17:52:46.804+0530][gc,heap       ] GC(11) Old regions: 15->15
[2022-08-08T17:52:46.804+0530][gc,heap       ] GC(11) Humongous regions: 146->146
[2022-08-08T17:52:46.804+0530][gc,metaspace  ] GC(11) Metaspace: 49240K->49240K(1093632K)
[2022-08-08T17:52:46.804+0530][gc            ] GC(11) Pause Young (Normal) (G1 Evacuation Pause) 213M->162M(1024M) 6.709ms
[2022-08-08T17:52:46.804+0530][gc,cpu        ] GC(11) User=0.04s Sys=0.00s Real=0.01s
[2022-08-08T19:05:26.798+0530][gc,start      ] GC(12) Pause Young (Normal) (G1 Evacuation Pause)
[2022-08-08T19:05:26.798+0530][gc,task       ] GC(12) Using 8 workers of 8 for evacuation
[2022-08-08T19:05:26.812+0530][gc,phases     ] GC(12)   Pre Evacuate Collection Set: 0.1ms
[2022-08-08T19:05:26.812+0530][gc,phases     ] GC(12)   Evacuate Collection Set: 9.0ms
[2022-08-08T19:05:26.812+0530][gc,phases     ] GC(12)   Post Evacuate Collection Set: 4.4ms
[2022-08-08T19:05:26.812+0530][gc,phases     ] GC(12)   Other: 0.9ms
[2022-08-08T19:05:26.812+0530][gc,heap       ] GC(12) Eden regions: 55->0(57)
[2022-08-08T19:05:26.812+0530][gc,heap       ] GC(12) Survivor regions: 3->3(8)
[2022-08-08T19:05:26.812+0530][gc,heap       ] GC(12) Old regions: 15->15
[2022-08-08T19:05:26.812+0530][gc,heap       ] GC(12) Humongous regions: 146->146
[2022-08-08T19:05:26.812+0530][gc,metaspace  ] GC(12) Metaspace: 49272K->49272K(1093632K)
[2022-08-08T19:05:26.813+0530][gc            ] GC(12) Pause Young (Normal) (G1 Evacuation Pause) 217M->162M(1024M) 14.763ms
[2022-08-08T19:05:26.813+0530][gc,cpu        ] GC(12) User=0.08s Sys=0.00s Real=0.01s
[2022-08-08T20:20:48.880+0530][gc,start      ] GC(13) Pause Young (Normal) (G1 Evacuation Pause)
[2022-08-08T20:20:48.882+0530][gc,task       ] GC(13) Using 8 workers of 8 for evacuation
[2022-08-08T20:20:48.891+0530][gc,phases     ] GC(13)   Pre Evacuate Collection Set: 0.0ms
[2022-08-08T20:20:48.891+0530][gc,phases     ] GC(13)   Evacuate Collection Set: 7.2ms
[2022-08-08T20:20:48.891+0530][gc,phases     ] GC(13)   Post Evacuate Collection Set: 2.1ms
[2022-08-08T20:20:48.891+0530][gc,phases     ] GC(13)   Other: 2.0ms
[2022-08-08T20:20:48.891+0530][gc,heap       ] GC(13) Eden regions: 57->0(59)
[2022-08-08T20:20:48.891+0530][gc,heap       ] GC(13) Survivor regions: 3->3(8)
[2022-08-08T20:20:48.891+0530][gc,heap       ] GC(13) Old regions: 15->15
[2022-08-08T20:20:48.891+0530][gc,heap       ] GC(13) Humongous regions: 146->146
[2022-08-08T20:20:48.891+0530][gc,metaspace  ] GC(13) Metaspace: 49282K->49282K(1093632K)
[2022-08-08T20:20:48.891+0530][gc            ] GC(13) Pause Young (Normal) (G1 Evacuation Pause) 219M->162M(1024M) 11.601ms
[2022-08-08T20:20:48.892+0530][gc,cpu        ] GC(13) User=0.07s Sys=0.00s Real=0.01s
[2022-08-08T21:39:26.798+0530][gc,start      ] GC(14) Pause Young (Normal) (G1 Evacuation Pause)
[2022-08-08T21:39:26.798+0530][gc,task       ] GC(14) Using 8 workers of 8 for evacuation
[2022-08-08T21:39:26.805+0530][gc,phases     ] GC(14)   Pre Evacuate Collection Set: 0.1ms
[2022-08-08T21:39:26.805+0530][gc,phases     ] GC(14)   Evacuate Collection Set: 5.9ms
[2022-08-08T21:39:26.805+0530][gc,phases     ] GC(14)   Post Evacuate Collection Set: 1.0ms
[2022-08-08T21:39:26.805+0530][gc,phases     ] GC(14)   Other: 0.6ms
[2022-08-08T21:39:26.805+0530][gc,heap       ] GC(14) Eden regions: 59->0(62)
[2022-08-08T21:39:26.805+0530][gc,heap       ] GC(14) Survivor regions: 3->3(8)
[2022-08-08T21:39:26.805+0530][gc,heap       ] GC(14) Old regions: 15->15
[2022-08-08T21:39:26.805+0530][gc,heap       ] GC(14) Humongous regions: 146->146
[2022-08-08T21:39:26.805+0530][gc,metaspace  ] GC(14) Metaspace: 49296K->49296K(1093632K)
[2022-08-08T21:39:26.805+0530][gc            ] GC(14) Pause Young (Normal) (G1 Evacuation Pause) 221M->162M(1024M) 7.508ms
[2022-08-08T21:39:26.805+0530][gc,cpu        ] GC(14) User=0.05s Sys=0.00s Real=0.01s
[2022-08-08T22:28:23.391+0530][gc,start      ] GC(15) Pause Young (Normal) (G1 Evacuation Pause)
[2022-08-08T22:28:23.392+0530][gc,task       ] GC(15) Using 8 workers of 8 for evacuation
[2022-08-08T22:28:23.397+0530][gc,phases     ] GC(15)   Pre Evacuate Collection Set: 0.1ms
[2022-08-08T22:28:23.397+0530][gc,phases     ] GC(15)   Evacuate Collection Set: 4.2ms
[2022-08-08T22:28:23.397+0530][gc,phases     ] GC(15)   Post Evacuate Collection Set: 1.5ms
[2022-08-08T22:28:23.397+0530][gc,phases     ] GC(15)   Other: 0.2ms
[2022-08-08T22:28:23.397+0530][gc,heap       ] GC(15) Eden regions: 62->0(66)
[2022-08-08T22:28:23.397+0530][gc,heap       ] GC(15) Survivor regions: 3->5(9)
[2022-08-08T22:28:23.397+0530][gc,heap       ] GC(15) Old regions: 15->15
[2022-08-08T22:28:23.398+0530][gc,heap       ] GC(15) Humongous regions: 146->146
[2022-08-08T22:28:23.398+0530][gc,metaspace  ] GC(15) Metaspace: 50603K->50603K(1095680K)
[2022-08-08T22:28:23.398+0530][gc            ] GC(15) Pause Young (Normal) (G1 Evacuation Pause) 224M->163M(1024M) 6.067ms
[2022-08-08T22:28:23.398+0530][gc,cpu        ] GC(15) User=0.02s Sys=0.00s Real=0.01s
[2022-08-08T22:28:23.415+0530][gc,heap,exit  ] Heap
[2022-08-08T22:28:23.415+0530][gc,heap,exit  ]  garbage-first heap   total 1048576K, used 169441K [0x00000000c0000000, 0x0000000100000000)
[2022-08-08T22:28:23.415+0530][gc,heap,exit  ]   region size 1024K, 8 young (8192K), 5 survivors (5120K)
[2022-08-08T22:28:23.415+0530][gc,heap,exit  ]  Metaspace       used 50650K, capacity 52850K, committed 53120K, reserved 1095680K
[2022-08-08T22:28:23.415+0530][gc,heap,exit  ]   class space    used 6166K, capacity 7170K, committed 7296K, reserved 1048576K
