[2022-08-08T13:22:47.923+0530][gc,heap] Heap region size: 1M
[2022-08-08T13:22:47.930+0530][gc     ] Using G1
[2022-08-08T13:22:47.930+0530][gc,heap,coops] Heap address: 0x00000000c0000000, size: 1024 MB, Compressed Oops mode: 32-bit
[2022-08-08T13:22:47.930+0530][gc,cds       ] Mark closed archive regions in map: [0x00000000fff00000, 0x00000000fff6aff8]
[2022-08-08T13:22:47.930+0530][gc,cds       ] Mark open archive regions in map: [0x00000000ffe00000, 0x00000000ffe47ff8]
[2022-08-08T13:22:48.710+0530][gc,start     ] GC(0) Pause Young (Normal) (G1 Evacuation Pause)
[2022-08-08T13:22:48.712+0530][gc,task      ] GC(0) Using 8 workers of 8 for evacuation
[2022-08-08T13:22:48.735+0530][gc,mmu       ] GC(0) MMU target violated: 21.0ms (20.0ms/21.0ms)
[2022-08-08T13:22:48.735+0530][gc,phases    ] GC(0)   Pre Evacuate Collection Set: 0.0ms
[2022-08-08T13:22:48.735+0530][gc,phases    ] GC(0)   Evacuate Collection Set: 22.1ms
[2022-08-08T13:22:48.735+0530][gc,phases    ] GC(0)   Post Evacuate Collection Set: 0.6ms
[2022-08-08T13:22:48.735+0530][gc,phases    ] GC(0)   Other: 2.3ms
[2022-08-08T13:22:48.735+0530][gc,heap      ] GC(0) Eden regions: 51->0(44)
[2022-08-08T13:22:48.735+0530][gc,heap      ] GC(0) Survivor regions: 0->7(7)
[2022-08-08T13:22:48.735+0530][gc,heap      ] GC(0) Old regions: 2->2
[2022-08-08T13:22:48.735+0530][gc,heap      ] GC(0) Humongous regions: 0->0
[2022-08-08T13:22:48.735+0530][gc,metaspace ] GC(0) Metaspace: 14816K->14816K(1062912K)
[2022-08-08T13:22:48.735+0530][gc           ] GC(0) Pause Young (Normal) (G1 Evacuation Pause) 51M->7M(1024M) 25.050ms
[2022-08-08T13:22:48.735+0530][gc,cpu       ] GC(0) User=0.16s Sys=0.00s Real=0.03s
[2022-08-08T13:22:49.065+0530][gc,start     ] GC(1) Pause Young (Concurrent Start) (Metadata GC Threshold)
[2022-08-08T13:22:49.065+0530][gc,task      ] GC(1) Using 8 workers of 8 for evacuation
[2022-08-08T13:22:49.071+0530][gc,phases    ] GC(1)   Pre Evacuate Collection Set: 0.0ms
[2022-08-08T13:22:49.071+0530][gc,phases    ] GC(1)   Evacuate Collection Set: 5.5ms
[2022-08-08T13:22:49.071+0530][gc,phases    ] GC(1)   Post Evacuate Collection Set: 0.4ms
[2022-08-08T13:22:49.071+0530][gc,phases    ] GC(1)   Other: 0.2ms
[2022-08-08T13:22:49.071+0530][gc,heap      ] GC(1) Eden regions: 27->0(49)
[2022-08-08T13:22:49.071+0530][gc,heap      ] GC(1) Survivor regions: 7->2(7)
[2022-08-08T13:22:49.071+0530][gc,heap      ] GC(1) Old regions: 2->9
[2022-08-08T13:22:49.071+0530][gc,heap      ] GC(1) Humongous regions: 0->0
[2022-08-08T13:22:49.071+0530][gc,metaspace ] GC(1) Metaspace: 20595K->20595K(1067008K)
[2022-08-08T13:22:49.071+0530][gc           ] GC(1) Pause Young (Concurrent Start) (Metadata GC Threshold) 34M->9M(1024M) 6.200ms
[2022-08-08T13:22:49.071+0530][gc,cpu       ] GC(1) User=0.03s Sys=0.00s Real=0.00s
[2022-08-08T13:22:49.071+0530][gc           ] GC(2) Concurrent Cycle
[2022-08-08T13:22:49.071+0530][gc,marking   ] GC(2) Concurrent Clear Claimed Marks
[2022-08-08T13:22:49.071+0530][gc,marking   ] GC(2) Concurrent Clear Claimed Marks 0.028ms
[2022-08-08T13:22:49.071+0530][gc,marking   ] GC(2) Concurrent Scan Root Regions
[2022-08-08T13:22:49.072+0530][gc,marking   ] GC(2) Concurrent Scan Root Regions 0.726ms
[2022-08-08T13:22:49.072+0530][gc,marking   ] GC(2) Concurrent Mark (1.152s)
[2022-08-08T13:22:49.072+0530][gc,marking   ] GC(2) Concurrent Mark From Roots
[2022-08-08T13:22:49.072+0530][gc,task      ] GC(2) Using 2 workers of 2 for marking
[2022-08-08T13:22:49.076+0530][gc,marking   ] GC(2) Concurrent Mark From Roots 4.420ms
[2022-08-08T13:22:49.076+0530][gc,marking   ] GC(2) Concurrent Preclean
[2022-08-08T13:22:49.076+0530][gc,marking   ] GC(2) Concurrent Preclean 0.092ms
[2022-08-08T13:22:49.076+0530][gc,marking   ] GC(2) Concurrent Mark (1.152s, 1.157s) 4.547ms
[2022-08-08T13:22:49.076+0530][gc,start     ] GC(2) Pause Remark
[2022-08-08T13:22:49.078+0530][gc,stringtable] GC(2) Cleaned string and symbol table, strings: 7508 processed, 0 removed, symbols: 52614 processed, 33 removed
[2022-08-08T13:22:49.078+0530][gc            ] GC(2) Pause Remark 9M->9M(1024M) 1.978ms
[2022-08-08T13:22:49.078+0530][gc,cpu        ] GC(2) User=0.01s Sys=0.00s Real=0.00s
[2022-08-08T13:22:49.078+0530][gc,marking    ] GC(2) Concurrent Rebuild Remembered Sets
[2022-08-08T13:22:49.081+0530][gc,marking    ] GC(2) Concurrent Rebuild Remembered Sets 2.325ms
[2022-08-08T13:22:49.081+0530][gc,start      ] GC(2) Pause Cleanup
[2022-08-08T13:22:49.081+0530][gc            ] GC(2) Pause Cleanup 10M->10M(1024M) 0.154ms
[2022-08-08T13:22:49.081+0530][gc,cpu        ] GC(2) User=0.00s Sys=0.00s Real=0.00s
[2022-08-08T13:22:49.081+0530][gc,marking    ] GC(2) Concurrent Cleanup for Next Mark
[2022-08-08T13:22:49.084+0530][gc,marking    ] GC(2) Concurrent Cleanup for Next Mark 3.157ms
[2022-08-08T13:22:49.084+0530][gc            ] GC(2) Concurrent Cycle 13.307ms
[2022-08-08T13:22:49.637+0530][gc,start      ] GC(3) Pause Young (Normal) (G1 Evacuation Pause)
[2022-08-08T13:22:49.637+0530][gc,task       ] GC(3) Using 8 workers of 8 for evacuation
[2022-08-08T13:22:49.640+0530][gc,phases     ] GC(3)   Pre Evacuate Collection Set: 0.0ms
[2022-08-08T13:22:49.641+0530][gc,phases     ] GC(3)   Evacuate Collection Set: 2.3ms
[2022-08-08T13:22:49.641+0530][gc,phases     ] GC(3)   Post Evacuate Collection Set: 1.0ms
[2022-08-08T13:22:49.641+0530][gc,phases     ] GC(3)   Other: 0.1ms
[2022-08-08T13:22:49.641+0530][gc,heap       ] GC(3) Eden regions: 49->0(46)
[2022-08-08T13:22:49.641+0530][gc,heap       ] GC(3) Survivor regions: 2->5(7)
[2022-08-08T13:22:49.641+0530][gc,heap       ] GC(3) Old regions: 9->9
[2022-08-08T13:22:49.641+0530][gc,heap       ] GC(3) Humongous regions: 146->146
[2022-08-08T13:22:49.641+0530][gc,metaspace  ] GC(3) Metaspace: 33232K->33232K(1079296K)
[2022-08-08T13:22:49.641+0530][gc            ] GC(3) Pause Young (Normal) (G1 Evacuation Pause) 204M->157M(1024M) 3.467ms
[2022-08-08T13:22:49.641+0530][gc,cpu        ] GC(3) User=0.02s Sys=0.00s Real=0.00s
[2022-08-08T13:22:49.682+0530][gc,start      ] GC(4) Pause Young (Concurrent Start) (Metadata GC Threshold)
[2022-08-08T13:22:49.682+0530][gc,task       ] GC(4) Using 8 workers of 8 for evacuation
[2022-08-08T13:22:49.685+0530][gc,phases     ] GC(4)   Pre Evacuate Collection Set: 0.1ms
[2022-08-08T13:22:49.685+0530][gc,phases     ] GC(4)   Evacuate Collection Set: 2.7ms
[2022-08-08T13:22:49.685+0530][gc,phases     ] GC(4)   Post Evacuate Collection Set: 0.3ms
[2022-08-08T13:22:49.685+0530][gc,phases     ] GC(4)   Other: 0.1ms
[2022-08-08T13:22:49.685+0530][gc,heap       ] GC(4) Eden regions: 8->0(47)
[2022-08-08T13:22:49.685+0530][gc,heap       ] GC(4) Survivor regions: 5->4(7)
[2022-08-08T13:22:49.685+0530][gc,heap       ] GC(4) Old regions: 9->11
[2022-08-08T13:22:49.685+0530][gc,heap       ] GC(4) Humongous regions: 146->146
[2022-08-08T13:22:49.685+0530][gc,metaspace  ] GC(4) Metaspace: 34765K->34765K(1081344K)
[2022-08-08T13:22:49.685+0530][gc            ] GC(4) Pause Young (Concurrent Start) (Metadata GC Threshold) 165M->157M(1024M) 3.231ms
[2022-08-08T13:22:49.685+0530][gc,cpu        ] GC(4) User=0.01s Sys=0.00s Real=0.01s
[2022-08-08T13:22:49.685+0530][gc            ] GC(5) Concurrent Cycle
[2022-08-08T13:22:49.685+0530][gc,marking    ] GC(5) Concurrent Clear Claimed Marks
[2022-08-08T13:22:49.685+0530][gc,marking    ] GC(5) Concurrent Clear Claimed Marks 0.021ms
[2022-08-08T13:22:49.685+0530][gc,marking    ] GC(5) Concurrent Scan Root Regions
[2022-08-08T13:22:49.686+0530][gc,marking    ] GC(5) Concurrent Scan Root Regions 0.785ms
[2022-08-08T13:22:49.686+0530][gc,marking    ] GC(5) Concurrent Mark (1.766s)
[2022-08-08T13:22:49.686+0530][gc,marking    ] GC(5) Concurrent Mark From Roots
[2022-08-08T13:22:49.686+0530][gc,task       ] GC(5) Using 2 workers of 2 for marking
[2022-08-08T13:22:49.691+0530][gc,marking    ] GC(5) Concurrent Mark From Roots 4.863ms
[2022-08-08T13:22:49.691+0530][gc,marking    ] GC(5) Concurrent Preclean
[2022-08-08T13:22:49.691+0530][gc,marking    ] GC(5) Concurrent Preclean 0.083ms
[2022-08-08T13:22:49.691+0530][gc,marking    ] GC(5) Concurrent Mark (1.766s, 1.771s) 4.983ms
[2022-08-08T13:22:49.691+0530][gc,start      ] GC(5) Pause Remark
[2022-08-08T13:22:49.692+0530][gc,stringtable] GC(5) Cleaned string and symbol table, strings: 10800 processed, 11 removed, symbols: 84227 processed, 20 removed
[2022-08-08T13:22:49.693+0530][gc            ] GC(5) Pause Remark 158M->158M(1024M) 1.872ms
[2022-08-08T13:22:49.693+0530][gc,cpu        ] GC(5) User=0.01s Sys=0.00s Real=0.00s
[2022-08-08T13:22:49.693+0530][gc,marking    ] GC(5) Concurrent Rebuild Remembered Sets
[2022-08-08T13:22:49.695+0530][gc,marking    ] GC(5) Concurrent Rebuild Remembered Sets 2.554ms
[2022-08-08T13:22:49.696+0530][gc,start      ] GC(5) Pause Cleanup
[2022-08-08T13:22:49.696+0530][gc            ] GC(5) Pause Cleanup 159M->159M(1024M) 0.141ms
[2022-08-08T13:22:49.696+0530][gc,cpu        ] GC(5) User=0.00s Sys=0.00s Real=0.00s
[2022-08-08T13:22:49.696+0530][gc,marking    ] GC(5) Concurrent Cleanup for Next Mark
[2022-08-08T13:22:49.699+0530][gc,marking    ] GC(5) Concurrent Cleanup for Next Mark 2.729ms
[2022-08-08T13:22:49.699+0530][gc            ] GC(5) Concurrent Cycle 13.649ms
[2022-08-08T13:22:50.134+0530][gc,start      ] GC(6) Pause Young (Normal) (G1 Evacuation Pause)
[2022-08-08T13:22:50.134+0530][gc,task       ] GC(6) Using 8 workers of 8 for evacuation
[2022-08-08T13:22:50.137+0530][gc,phases     ] GC(6)   Pre Evacuate Collection Set: 0.0ms
[2022-08-08T13:22:50.137+0530][gc,phases     ] GC(6)   Evacuate Collection Set: 2.4ms
[2022-08-08T13:22:50.137+0530][gc,phases     ] GC(6)   Post Evacuate Collection Set: 0.3ms
[2022-08-08T13:22:50.137+0530][gc,phases     ] GC(6)   Other: 0.1ms
[2022-08-08T13:22:50.137+0530][gc,heap       ] GC(6) Eden regions: 47->0(45)
[2022-08-08T13:22:50.137+0530][gc,heap       ] GC(6) Survivor regions: 4->6(7)
[2022-08-08T13:22:50.137+0530][gc,heap       ] GC(6) Old regions: 11->11
[2022-08-08T13:22:50.137+0530][gc,heap       ] GC(6) Humongous regions: 146->146
[2022-08-08T13:22:50.137+0530][gc,metaspace  ] GC(6) Metaspace: 38032K->38032K(1083392K)
[2022-08-08T13:22:50.137+0530][gc            ] GC(6) Pause Young (Normal) (G1 Evacuation Pause) 204M->159M(1024M) 2.915ms
[2022-08-08T13:22:50.137+0530][gc,cpu        ] GC(6) User=0.02s Sys=0.00s Real=0.01s
[2022-08-08T13:22:50.524+0530][gc,start      ] GC(7) Pause Young (Normal) (G1 Evacuation Pause)
[2022-08-08T13:22:50.524+0530][gc,task       ] GC(7) Using 8 workers of 8 for evacuation
[2022-08-08T13:22:50.527+0530][gc,phases     ] GC(7)   Pre Evacuate Collection Set: 0.0ms
[2022-08-08T13:22:50.527+0530][gc,phases     ] GC(7)   Evacuate Collection Set: 2.4ms
[2022-08-08T13:22:50.527+0530][gc,phases     ] GC(7)   Post Evacuate Collection Set: 0.3ms
[2022-08-08T13:22:50.527+0530][gc,phases     ] GC(7)   Other: 0.1ms
[2022-08-08T13:22:50.527+0530][gc,heap       ] GC(7) Eden regions: 45->0(47)
[2022-08-08T13:22:50.527+0530][gc,heap       ] GC(7) Survivor regions: 6->4(7)
[2022-08-08T13:22:50.527+0530][gc,heap       ] GC(7) Old regions: 11->13
[2022-08-08T13:22:50.527+0530][gc,heap       ] GC(7) Humongous regions: 146->146
[2022-08-08T13:22:50.527+0530][gc,metaspace  ] GC(7) Metaspace: 40380K->40380K(1085440K)
[2022-08-08T13:22:50.527+0530][gc            ] GC(7) Pause Young (Normal) (G1 Evacuation Pause) 204M->161M(1024M) 2.902ms
[2022-08-08T13:22:50.527+0530][gc,cpu        ] GC(7) User=0.02s Sys=0.00s Real=0.00s
[2022-08-08T13:22:50.790+0530][gc,start      ] GC(8) Pause Young (Normal) (G1 Evacuation Pause)
[2022-08-08T13:22:50.790+0530][gc,task       ] GC(8) Using 8 workers of 8 for evacuation
[2022-08-08T13:22:50.795+0530][gc,phases     ] GC(8)   Pre Evacuate Collection Set: 0.0ms
[2022-08-08T13:22:50.795+0530][gc,phases     ] GC(8)   Evacuate Collection Set: 4.4ms
[2022-08-08T13:22:50.795+0530][gc,phases     ] GC(8)   Post Evacuate Collection Set: 0.4ms
[2022-08-08T13:22:50.795+0530][gc,phases     ] GC(8)   Other: 0.2ms
[2022-08-08T13:22:50.795+0530][gc,heap       ] GC(8) Eden regions: 47->0(45)
[2022-08-08T13:22:50.795+0530][gc,heap       ] GC(8) Survivor regions: 4->6(7)
[2022-08-08T13:22:50.795+0530][gc,heap       ] GC(8) Old regions: 13->13
[2022-08-08T13:22:50.795+0530][gc,heap       ] GC(8) Humongous regions: 146->146
[2022-08-08T13:22:50.795+0530][gc,metaspace  ] GC(8) Metaspace: 44974K->44974K(1089536K)
[2022-08-08T13:22:50.795+0530][gc            ] GC(8) Pause Young (Normal) (G1 Evacuation Pause) 208M->163M(1024M) 5.039ms
[2022-08-08T13:22:50.795+0530][gc,cpu        ] GC(8) User=0.03s Sys=0.00s Real=0.00s
[2022-08-08T14:01:19.516+0530][gc,start      ] GC(9) Pause Young (Normal) (G1 Evacuation Pause)
[2022-08-08T14:01:19.516+0530][gc,task       ] GC(9) Using 8 workers of 8 for evacuation
[2022-08-08T14:01:19.522+0530][gc,phases     ] GC(9)   Pre Evacuate Collection Set: 0.1ms
[2022-08-08T14:01:19.522+0530][gc,phases     ] GC(9)   Evacuate Collection Set: 5.5ms
[2022-08-08T14:01:19.522+0530][gc,phases     ] GC(9)   Post Evacuate Collection Set: 0.7ms
[2022-08-08T14:01:19.522+0530][gc,phases     ] GC(9)   Other: 0.2ms
[2022-08-08T14:01:19.522+0530][gc,heap       ] GC(9) Eden regions: 45->0(46)
[2022-08-08T14:01:19.522+0530][gc,heap       ] GC(9) Survivor regions: 6->5(7)
[2022-08-08T14:01:19.522+0530][gc,heap       ] GC(9) Old regions: 13->15
[2022-08-08T14:01:19.522+0530][gc,heap       ] GC(9) Humongous regions: 146->146
[2022-08-08T14:01:19.522+0530][gc,metaspace  ] GC(9) Metaspace: 47025K->47025K(1091584K)
[2022-08-08T14:01:19.522+0530][gc            ] GC(9) Pause Young (Normal) (G1 Evacuation Pause) 208M->164M(1024M) 6.795ms
[2022-08-08T14:01:19.522+0530][gc,cpu        ] GC(9) User=0.04s Sys=0.01s Real=0.00s
[2022-08-08T14:22:35.022+0530][gc,start      ] GC(10) Pause Young (Normal) (G1 Evacuation Pause)
[2022-08-08T14:22:35.022+0530][gc,task       ] GC(10) Using 8 workers of 8 for evacuation
[2022-08-08T14:22:35.025+0530][gc,phases     ] GC(10)   Pre Evacuate Collection Set: 0.1ms
[2022-08-08T14:22:35.025+0530][gc,phases     ] GC(10)   Evacuate Collection Set: 1.7ms
[2022-08-08T14:22:35.025+0530][gc,phases     ] GC(10)   Post Evacuate Collection Set: 1.0ms
[2022-08-08T14:22:35.025+0530][gc,phases     ] GC(10)   Other: 0.1ms
[2022-08-08T14:22:35.025+0530][gc,heap       ] GC(10) Eden regions: 46->0(59)
[2022-08-08T14:22:35.025+0530][gc,heap       ] GC(10) Survivor regions: 5->3(7)
[2022-08-08T14:22:35.025+0530][gc,heap       ] GC(10) Old regions: 15->17
[2022-08-08T14:22:35.025+0530][gc,heap       ] GC(10) Humongous regions: 146->146
[2022-08-08T14:22:35.025+0530][gc,metaspace  ] GC(10) Metaspace: 47275K->47275K(1091584K)
[2022-08-08T14:22:35.025+0530][gc            ] GC(10) Pause Young (Normal) (G1 Evacuation Pause) 210M->163M(1024M) 2.910ms
[2022-08-08T14:22:35.025+0530][gc,cpu        ] GC(10) User=0.02s Sys=0.00s Real=0.01s
[2022-08-08T14:22:46.585+0530][gc,start      ] GC(11) Pause Young (Normal) (G1 Evacuation Pause)
[2022-08-08T14:22:46.585+0530][gc,task       ] GC(11) Using 8 workers of 8 for evacuation
[2022-08-08T14:22:46.587+0530][gc,phases     ] GC(11)   Pre Evacuate Collection Set: 0.0ms
[2022-08-08T14:22:46.587+0530][gc,phases     ] GC(11)   Evacuate Collection Set: 1.3ms
[2022-08-08T14:22:46.587+0530][gc,phases     ] GC(11)   Post Evacuate Collection Set: 0.5ms
[2022-08-08T14:22:46.587+0530][gc,phases     ] GC(11)   Other: 0.1ms
[2022-08-08T14:22:46.587+0530][gc,heap       ] GC(11) Eden regions: 59->0(78)
[2022-08-08T14:22:46.587+0530][gc,heap       ] GC(11) Survivor regions: 3->2(8)
[2022-08-08T14:22:46.587+0530][gc,heap       ] GC(11) Old regions: 17->17
[2022-08-08T14:22:46.587+0530][gc,heap       ] GC(11) Humongous regions: 146->146
[2022-08-08T14:22:46.587+0530][gc,metaspace  ] GC(11) Metaspace: 47306K->47306K(1091584K)
[2022-08-08T14:22:46.587+0530][gc            ] GC(11) Pause Young (Normal) (G1 Evacuation Pause) 222M->162M(1024M) 2.067ms
[2022-08-08T14:22:46.587+0530][gc,cpu        ] GC(11) User=0.02s Sys=0.00s Real=0.00s
[2022-08-08T14:22:59.119+0530][gc,start      ] GC(12) Pause Young (Normal) (G1 Evacuation Pause)
[2022-08-08T14:22:59.119+0530][gc,task       ] GC(12) Using 8 workers of 8 for evacuation
[2022-08-08T14:22:59.121+0530][gc,phases     ] GC(12)   Pre Evacuate Collection Set: 0.0ms
[2022-08-08T14:22:59.121+0530][gc,phases     ] GC(12)   Evacuate Collection Set: 1.6ms
[2022-08-08T14:22:59.121+0530][gc,phases     ] GC(12)   Post Evacuate Collection Set: 0.5ms
[2022-08-08T14:22:59.121+0530][gc,phases     ] GC(12)   Other: 0.1ms
[2022-08-08T14:22:59.121+0530][gc,heap       ] GC(12) Eden regions: 78->0(88)
[2022-08-08T14:22:59.121+0530][gc,heap       ] GC(12) Survivor regions: 2->2(10)
[2022-08-08T14:22:59.121+0530][gc,heap       ] GC(12) Old regions: 17->17
[2022-08-08T14:22:59.121+0530][gc,heap       ] GC(12) Humongous regions: 146->146
[2022-08-08T14:22:59.121+0530][gc,metaspace  ] GC(12) Metaspace: 47376K->47376K(1091584K)
[2022-08-08T14:22:59.121+0530][gc            ] GC(12) Pause Young (Normal) (G1 Evacuation Pause) 240M->162M(1024M) 2.371ms
[2022-08-08T14:22:59.121+0530][gc,cpu        ] GC(12) User=0.02s Sys=0.00s Real=0.00s
[2022-08-08T14:23:14.770+0530][gc,start      ] GC(13) Pause Young (Normal) (G1 Evacuation Pause)
[2022-08-08T14:23:14.770+0530][gc,task       ] GC(13) Using 8 workers of 8 for evacuation
[2022-08-08T14:23:14.772+0530][gc,phases     ] GC(13)   Pre Evacuate Collection Set: 0.0ms
[2022-08-08T14:23:14.772+0530][gc,phases     ] GC(13)   Evacuate Collection Set: 1.3ms
[2022-08-08T14:23:14.772+0530][gc,phases     ] GC(13)   Post Evacuate Collection Set: 0.5ms
[2022-08-08T14:23:14.772+0530][gc,phases     ] GC(13)   Other: 0.1ms
[2022-08-08T14:23:14.772+0530][gc,heap       ] GC(13) Eden regions: 88->0(102)
[2022-08-08T14:23:14.772+0530][gc,heap       ] GC(13) Survivor regions: 2->2(12)
[2022-08-08T14:23:14.772+0530][gc,heap       ] GC(13) Old regions: 17->17
[2022-08-08T14:23:14.772+0530][gc,heap       ] GC(13) Humongous regions: 146->146
[2022-08-08T14:23:14.772+0530][gc,metaspace  ] GC(13) Metaspace: 47396K->47396K(1091584K)
[2022-08-08T14:23:14.772+0530][gc            ] GC(13) Pause Young (Normal) (G1 Evacuation Pause) 250M->162M(1024M) 2.048ms
[2022-08-08T14:23:14.772+0530][gc,cpu        ] GC(13) User=0.02s Sys=0.00s Real=0.00s
[2022-08-08T14:23:35.192+0530][gc,start      ] GC(14) Pause Young (Normal) (G1 Evacuation Pause)
[2022-08-08T14:23:35.192+0530][gc,task       ] GC(14) Using 8 workers of 8 for evacuation
[2022-08-08T14:23:35.196+0530][gc,phases     ] GC(14)   Pre Evacuate Collection Set: 0.0ms
[2022-08-08T14:23:35.196+0530][gc,phases     ] GC(14)   Evacuate Collection Set: 3.3ms
[2022-08-08T14:23:35.196+0530][gc,phases     ] GC(14)   Post Evacuate Collection Set: 1.3ms
[2022-08-08T14:23:35.196+0530][gc,phases     ] GC(14)   Other: 0.2ms
[2022-08-08T14:23:35.196+0530][gc,heap       ] GC(14) Eden regions: 102->0(119)
[2022-08-08T14:23:35.196+0530][gc,heap       ] GC(14) Survivor regions: 2->2(13)
[2022-08-08T14:23:35.196+0530][gc,heap       ] GC(14) Old regions: 17->17
[2022-08-08T14:23:35.196+0530][gc,heap       ] GC(14) Humongous regions: 146->146
[2022-08-08T14:23:35.196+0530][gc,metaspace  ] GC(14) Metaspace: 47423K->47423K(1091584K)
[2022-08-08T14:23:35.197+0530][gc            ] GC(14) Pause Young (Normal) (G1 Evacuation Pause) 264M->162M(1024M) 4.832ms
[2022-08-08T14:23:35.197+0530][gc,cpu        ] GC(14) User=0.02s Sys=0.00s Real=0.01s
[2022-08-08T14:23:57.408+0530][gc,start      ] GC(15) Pause Young (Normal) (G1 Evacuation Pause)
[2022-08-08T14:23:57.408+0530][gc,task       ] GC(15) Using 8 workers of 8 for evacuation
[2022-08-08T14:23:57.410+0530][gc,phases     ] GC(15)   Pre Evacuate Collection Set: 0.0ms
[2022-08-08T14:23:57.410+0530][gc,phases     ] GC(15)   Evacuate Collection Set: 1.3ms
[2022-08-08T14:23:57.410+0530][gc,phases     ] GC(15)   Post Evacuate Collection Set: 0.5ms
[2022-08-08T14:23:57.410+0530][gc,phases     ] GC(15)   Other: 0.1ms
[2022-08-08T14:23:57.410+0530][gc,heap       ] GC(15) Eden regions: 119->0(139)
[2022-08-08T14:23:57.410+0530][gc,heap       ] GC(15) Survivor regions: 2->2(16)
[2022-08-08T14:23:57.410+0530][gc,heap       ] GC(15) Old regions: 17->17
[2022-08-08T14:23:57.410+0530][gc,heap       ] GC(15) Humongous regions: 146->146
[2022-08-08T14:23:57.410+0530][gc,metaspace  ] GC(15) Metaspace: 47463K->47463K(1091584K)
[2022-08-08T14:23:57.410+0530][gc            ] GC(15) Pause Young (Normal) (G1 Evacuation Pause) 281M->162M(1024M) 1.975ms
[2022-08-08T14:23:57.410+0530][gc,cpu        ] GC(15) User=0.02s Sys=0.00s Real=0.00s
[2022-08-08T14:24:22.367+0530][gc,start      ] GC(16) Pause Young (Normal) (G1 Evacuation Pause)
[2022-08-08T14:24:22.367+0530][gc,task       ] GC(16) Using 8 workers of 8 for evacuation
[2022-08-08T14:24:22.369+0530][gc,phases     ] GC(16)   Pre Evacuate Collection Set: 0.0ms
[2022-08-08T14:24:22.369+0530][gc,phases     ] GC(16)   Evacuate Collection Set: 1.2ms
[2022-08-08T14:24:22.369+0530][gc,phases     ] GC(16)   Post Evacuate Collection Set: 1.0ms
[2022-08-08T14:24:22.369+0530][gc,phases     ] GC(16)   Other: 0.1ms
[2022-08-08T14:24:22.369+0530][gc,heap       ] GC(16) Eden regions: 139->0(163)
[2022-08-08T14:24:22.369+0530][gc,heap       ] GC(16) Survivor regions: 2->2(18)
[2022-08-08T14:24:22.369+0530][gc,heap       ] GC(16) Old regions: 17->17
[2022-08-08T14:24:22.369+0530][gc,heap       ] GC(16) Humongous regions: 146->146
[2022-08-08T14:24:22.369+0530][gc,metaspace  ] GC(16) Metaspace: 47531K->47531K(1091584K)
[2022-08-08T14:24:22.369+0530][gc            ] GC(16) Pause Young (Normal) (G1 Evacuation Pause) 301M->162M(1024M) 2.413ms
[2022-08-08T14:24:22.369+0530][gc,cpu        ] GC(16) User=0.01s Sys=0.00s Real=0.00s
[2022-08-08T14:24:54.383+0530][gc,start      ] GC(17) Pause Young (Normal) (G1 Evacuation Pause)
[2022-08-08T14:24:54.383+0530][gc,task       ] GC(17) Using 8 workers of 8 for evacuation
[2022-08-08T14:24:54.392+0530][gc,phases     ] GC(17)   Pre Evacuate Collection Set: 0.0ms
[2022-08-08T14:24:54.392+0530][gc,phases     ] GC(17)   Evacuate Collection Set: 3.1ms
[2022-08-08T14:24:54.392+0530][gc,phases     ] GC(17)   Post Evacuate Collection Set: 5.6ms
[2022-08-08T14:24:54.392+0530][gc,phases     ] GC(17)   Other: 0.2ms
[2022-08-08T14:24:54.392+0530][gc,heap       ] GC(17) Eden regions: 163->0(186)
[2022-08-08T14:24:54.392+0530][gc,heap       ] GC(17) Survivor regions: 2->2(21)
[2022-08-08T14:24:54.392+0530][gc,heap       ] GC(17) Old regions: 17->17
[2022-08-08T14:24:54.392+0530][gc,heap       ] GC(17) Humongous regions: 146->146
[2022-08-08T14:24:54.392+0530][gc,metaspace  ] GC(17) Metaspace: 47597K->47597K(1091584K)
[2022-08-08T14:24:54.392+0530][gc            ] GC(17) Pause Young (Normal) (G1 Evacuation Pause) 325M->162M(1024M) 8.984ms
[2022-08-08T14:24:54.392+0530][gc,cpu        ] GC(17) User=0.04s Sys=0.00s Real=0.01s
[2022-08-08T14:25:27.529+0530][gc,start      ] GC(18) Pause Young (Normal) (G1 Evacuation Pause)
[2022-08-08T14:25:27.529+0530][gc,task       ] GC(18) Using 8 workers of 8 for evacuation
[2022-08-08T14:25:27.531+0530][gc,phases     ] GC(18)   Pre Evacuate Collection Set: 0.0ms
[2022-08-08T14:25:27.531+0530][gc,phases     ] GC(18)   Evacuate Collection Set: 2.0ms
[2022-08-08T14:25:27.532+0530][gc,phases     ] GC(18)   Post Evacuate Collection Set: 0.6ms
[2022-08-08T14:25:27.532+0530][gc,phases     ] GC(18)   Other: 0.1ms
[2022-08-08T14:25:27.532+0530][gc,heap       ] GC(18) Eden regions: 186->0(214)
[2022-08-08T14:25:27.532+0530][gc,heap       ] GC(18) Survivor regions: 2->2(24)
[2022-08-08T14:25:27.532+0530][gc,heap       ] GC(18) Old regions: 17->17
[2022-08-08T14:25:27.532+0530][gc,heap       ] GC(18) Humongous regions: 146->146
[2022-08-08T14:25:27.532+0530][gc,metaspace  ] GC(18) Metaspace: 47620K->47620K(1091584K)
[2022-08-08T14:25:27.532+0530][gc            ] GC(18) Pause Young (Normal) (G1 Evacuation Pause) 348M->162M(1024M) 2.811ms
[2022-08-08T14:25:27.532+0530][gc,cpu        ] GC(18) User=0.02s Sys=0.00s Real=0.00s
[2022-08-08T14:26:04.590+0530][gc,start      ] GC(19) Pause Young (Normal) (G1 Evacuation Pause)
[2022-08-08T14:26:04.590+0530][gc,task       ] GC(19) Using 8 workers of 8 for evacuation
[2022-08-08T14:26:04.592+0530][gc,phases     ] GC(19)   Pre Evacuate Collection Set: 0.0ms
[2022-08-08T14:26:04.592+0530][gc,phases     ] GC(19)   Evacuate Collection Set: 1.4ms
[2022-08-08T14:26:04.592+0530][gc,phases     ] GC(19)   Post Evacuate Collection Set: 0.5ms
[2022-08-08T14:26:04.592+0530][gc,phases     ] GC(19)   Other: 0.2ms
[2022-08-08T14:26:04.592+0530][gc,heap       ] GC(19) Eden regions: 214->0(246)
[2022-08-08T14:26:04.592+0530][gc,heap       ] GC(19) Survivor regions: 2->2(27)
[2022-08-08T14:26:04.592+0530][gc,heap       ] GC(19) Old regions: 17->17
[2022-08-08T14:26:04.593+0530][gc,heap       ] GC(19) Humongous regions: 146->146
[2022-08-08T14:26:04.593+0530][gc,metaspace  ] GC(19) Metaspace: 47696K->47696K(1091584K)
[2022-08-08T14:26:04.593+0530][gc            ] GC(19) Pause Young (Normal) (G1 Evacuation Pause) 376M->162M(1024M) 2.156ms
[2022-08-08T14:26:04.593+0530][gc,cpu        ] GC(19) User=0.01s Sys=0.00s Real=0.00s
[2022-08-08T14:29:52.047+0530][gc,heap,exit  ] Heap
[2022-08-08T14:29:52.047+0530][gc,heap,exit  ]  garbage-first heap   total 1048576K, used 344022K [0x00000000c0000000, 0x0000000100000000)
[2022-08-08T14:29:52.047+0530][gc,heap,exit  ]   region size 1024K, 176 young (180224K), 2 survivors (2048K)
[2022-08-08T14:29:52.047+0530][gc,heap,exit  ]  Metaspace       used 48618K, capacity 50469K, committed 50816K, reserved 1093632K
[2022-08-08T14:29:52.047+0530][gc,heap,exit  ]   class space    used 5828K, capacity 6694K, committed 6784K, reserved 1048576K
