[2022-08-08T14:26:20.700+0530][gc,heap] Heap region size: 1M
[2022-08-08T14:26:20.704+0530][gc     ] Using G1
[2022-08-08T14:26:20.704+0530][gc,heap,coops] Heap address: 0x00000000e0000000, size: 512 MB, Compressed Oops mode: 32-bit
[2022-08-08T14:26:20.705+0530][gc,cds       ] Mark closed archive regions in map: [0x00000000fff00000, 0x00000000fff6aff8]
[2022-08-08T14:26:20.705+0530][gc,cds       ] Mark open archive regions in map: [0x00000000ffe00000, 0x00000000ffe47ff8]
[2022-08-08T14:26:21.238+0530][gc,start     ] GC(0) Pause Young (Normal) (G1 Evacuation Pause)
[2022-08-08T14:26:21.238+0530][gc,task      ] GC(0) Using 8 workers of 8 for evacuation
[2022-08-08T14:26:21.247+0530][gc,phases    ] GC(0)   Pre Evacuate Collection Set: 0.0ms
[2022-08-08T14:26:21.247+0530][gc,phases    ] GC(0)   Evacuate Collection Set: 8.2ms
[2022-08-08T14:26:21.247+0530][gc,phases    ] GC(0)   Post Evacuate Collection Set: 0.3ms
[2022-08-08T14:26:21.247+0530][gc,phases    ] GC(0)   Other: 0.7ms
[2022-08-08T14:26:21.247+0530][gc,heap      ] GC(0) Eden regions: 25->0(21)
[2022-08-08T14:26:21.247+0530][gc,heap      ] GC(0) Survivor regions: 0->4(4)
[2022-08-08T14:26:21.247+0530][gc,heap      ] GC(0) Old regions: 2->5
[2022-08-08T14:26:21.247+0530][gc,heap      ] GC(0) Humongous regions: 0->0
[2022-08-08T14:26:21.247+0530][gc,metaspace ] GC(0) Metaspace: 7796K->7796K(1056768K)
[2022-08-08T14:26:21.247+0530][gc           ] GC(0) Pause Young (Normal) (G1 Evacuation Pause) 25M->7M(512M) 9.310ms
[2022-08-08T14:26:21.247+0530][gc,cpu       ] GC(0) User=0.05s Sys=0.01s Real=0.01s
[2022-08-08T14:26:21.419+0530][gc,start     ] GC(1) Pause Young (Normal) (G1 Evacuation Pause)
[2022-08-08T14:26:21.419+0530][gc,task      ] GC(1) Using 8 workers of 8 for evacuation
[2022-08-08T14:26:21.425+0530][gc,phases    ] GC(1)   Pre Evacuate Collection Set: 0.0ms
[2022-08-08T14:26:21.425+0530][gc,phases    ] GC(1)   Evacuate Collection Set: 4.5ms
[2022-08-08T14:26:21.425+0530][gc,phases    ] GC(1)   Post Evacuate Collection Set: 0.9ms
[2022-08-08T14:26:21.425+0530][gc,phases    ] GC(1)   Other: 0.1ms
[2022-08-08T14:26:21.425+0530][gc,heap      ] GC(1) Eden regions: 21->0(23)
[2022-08-08T14:26:21.425+0530][gc,heap      ] GC(1) Survivor regions: 4->2(4)
[2022-08-08T14:26:21.425+0530][gc,heap      ] GC(1) Old regions: 5->9
[2022-08-08T14:26:21.425+0530][gc,heap      ] GC(1) Humongous regions: 0->0
[2022-08-08T14:26:21.425+0530][gc,metaspace ] GC(1) Metaspace: 12044K->12044K(1060864K)
[2022-08-08T14:26:21.425+0530][gc           ] GC(1) Pause Young (Normal) (G1 Evacuation Pause) 28M->9M(512M) 5.533ms
[2022-08-08T14:26:21.425+0530][gc,cpu       ] GC(1) User=0.04s Sys=0.00s Real=0.01s
[2022-08-08T14:26:22.452+0530][gc,start     ] GC(2) Pause Young (Normal) (G1 Evacuation Pause)
[2022-08-08T14:26:22.452+0530][gc,task      ] GC(2) Using 8 workers of 8 for evacuation
[2022-08-08T14:26:22.455+0530][gc,phases    ] GC(2)   Pre Evacuate Collection Set: 0.0ms
[2022-08-08T14:26:22.455+0530][gc,phases    ] GC(2)   Evacuate Collection Set: 2.5ms
[2022-08-08T14:26:22.455+0530][gc,phases    ] GC(2)   Post Evacuate Collection Set: 0.2ms
[2022-08-08T14:26:22.455+0530][gc,phases    ] GC(2)   Other: 0.1ms
[2022-08-08T14:26:22.455+0530][gc,heap      ] GC(2) Eden regions: 23->0(22)
[2022-08-08T14:26:22.455+0530][gc,heap      ] GC(2) Survivor regions: 2->3(4)
[2022-08-08T14:26:22.455+0530][gc,heap      ] GC(2) Old regions: 9->9
[2022-08-08T14:26:22.455+0530][gc,heap      ] GC(2) Humongous regions: 0->0
[2022-08-08T14:26:22.455+0530][gc,metaspace ] GC(2) Metaspace: 16651K->16651K(1064960K)
[2022-08-08T14:26:22.455+0530][gc           ] GC(2) Pause Young (Normal) (G1 Evacuation Pause) 32M->10M(512M) 2.905ms
[2022-08-08T14:26:22.455+0530][gc,cpu       ] GC(2) User=0.02s Sys=0.00s Real=0.01s
[2022-08-08T14:26:22.721+0530][gc,start     ] GC(3) Pause Young (Concurrent Start) (Metadata GC Threshold)
[2022-08-08T14:26:22.721+0530][gc,task      ] GC(3) Using 8 workers of 8 for evacuation
[2022-08-08T14:26:22.727+0530][gc,phases    ] GC(3)   Pre Evacuate Collection Set: 0.0ms
[2022-08-08T14:26:22.727+0530][gc,phases    ] GC(3)   Evacuate Collection Set: 4.4ms
[2022-08-08T14:26:22.727+0530][gc,phases    ] GC(3)   Post Evacuate Collection Set: 0.7ms
[2022-08-08T14:26:22.727+0530][gc,phases    ] GC(3)   Other: 0.2ms
[2022-08-08T14:26:22.727+0530][gc,heap      ] GC(3) Eden regions: 16->0(21)
[2022-08-08T14:26:22.727+0530][gc,heap      ] GC(3) Survivor regions: 3->4(4)
[2022-08-08T14:26:22.727+0530][gc,heap      ] GC(3) Old regions: 9->11
[2022-08-08T14:26:22.727+0530][gc,heap      ] GC(3) Humongous regions: 51->51
[2022-08-08T14:26:22.727+0530][gc,metaspace ] GC(3) Metaspace: 20606K->20606K(1069056K)
[2022-08-08T14:26:22.727+0530][gc           ] GC(3) Pause Young (Concurrent Start) (Metadata GC Threshold) 77M->63M(512M) 5.391ms
[2022-08-08T14:26:22.727+0530][gc,cpu       ] GC(3) User=0.04s Sys=0.00s Real=0.01s
[2022-08-08T14:26:22.727+0530][gc           ] GC(4) Concurrent Cycle
[2022-08-08T14:26:22.727+0530][gc,marking   ] GC(4) Concurrent Clear Claimed Marks
[2022-08-08T14:26:22.727+0530][gc,marking   ] GC(4) Concurrent Clear Claimed Marks 0.018ms
[2022-08-08T14:26:22.727+0530][gc,marking   ] GC(4) Concurrent Scan Root Regions
[2022-08-08T14:26:22.728+0530][gc,marking   ] GC(4) Concurrent Scan Root Regions 1.181ms
[2022-08-08T14:26:22.728+0530][gc,marking   ] GC(4) Concurrent Mark (2.048s)
[2022-08-08T14:26:22.728+0530][gc,marking   ] GC(4) Concurrent Mark From Roots
[2022-08-08T14:26:22.728+0530][gc,task      ] GC(4) Using 2 workers of 2 for marking
[2022-08-08T14:26:22.733+0530][gc,marking   ] GC(4) Concurrent Mark From Roots 5.326ms
[2022-08-08T14:26:22.733+0530][gc,marking   ] GC(4) Concurrent Preclean
[2022-08-08T14:26:22.733+0530][gc,marking   ] GC(4) Concurrent Preclean 0.106ms
[2022-08-08T14:26:22.733+0530][gc,marking   ] GC(4) Concurrent Mark (2.048s, 2.054s) 5.504ms
[2022-08-08T14:26:22.734+0530][gc,start     ] GC(4) Pause Remark
[2022-08-08T14:26:22.737+0530][gc,stringtable] GC(4) Cleaned string and symbol table, strings: 8345 processed, 8 removed, symbols: 54766 processed, 35 removed
[2022-08-08T14:26:22.737+0530][gc            ] GC(4) Pause Remark 64M->64M(512M) 3.131ms
[2022-08-08T14:26:22.737+0530][gc,cpu        ] GC(4) User=0.02s Sys=0.00s Real=0.01s
[2022-08-08T14:26:22.737+0530][gc,marking    ] GC(4) Concurrent Rebuild Remembered Sets
[2022-08-08T14:26:22.740+0530][gc,marking    ] GC(4) Concurrent Rebuild Remembered Sets 2.796ms
[2022-08-08T14:26:22.740+0530][gc,start      ] GC(4) Pause Cleanup
[2022-08-08T14:26:22.740+0530][gc            ] GC(4) Pause Cleanup 64M->64M(512M) 0.144ms
[2022-08-08T14:26:22.740+0530][gc,cpu        ] GC(4) User=0.00s Sys=0.00s Real=0.00s
[2022-08-08T14:26:22.740+0530][gc,marking    ] GC(4) Concurrent Cleanup for Next Mark
[2022-08-08T14:26:22.742+0530][gc,marking    ] GC(4) Concurrent Cleanup for Next Mark 1.904ms
[2022-08-08T14:26:22.742+0530][gc            ] GC(4) Concurrent Cycle 15.046ms
[2022-08-08T14:26:22.898+0530][gc,start      ] GC(5) Pause Young (Normal) (G1 Evacuation Pause)
[2022-08-08T14:26:22.898+0530][gc,task       ] GC(5) Using 8 workers of 8 for evacuation
[2022-08-08T14:26:22.901+0530][gc,phases     ] GC(5)   Pre Evacuate Collection Set: 0.0ms
[2022-08-08T14:26:22.901+0530][gc,phases     ] GC(5)   Evacuate Collection Set: 2.2ms
[2022-08-08T14:26:22.901+0530][gc,phases     ] GC(5)   Post Evacuate Collection Set: 0.3ms
[2022-08-08T14:26:22.901+0530][gc,phases     ] GC(5)   Other: 0.1ms
[2022-08-08T14:26:22.901+0530][gc,heap       ] GC(5) Eden regions: 21->0(22)
[2022-08-08T14:26:22.901+0530][gc,heap       ] GC(5) Survivor regions: 4->3(4)
[2022-08-08T14:26:22.901+0530][gc,heap       ] GC(5) Old regions: 11->12
[2022-08-08T14:26:22.901+0530][gc,heap       ] GC(5) Humongous regions: 51->51
[2022-08-08T14:26:22.901+0530][gc,metaspace  ] GC(5) Metaspace: 20787K->20787K(1069056K)
[2022-08-08T14:26:22.901+0530][gc            ] GC(5) Pause Young (Normal) (G1 Evacuation Pause) 84M->63M(512M) 2.599ms
[2022-08-08T14:26:22.901+0530][gc,cpu        ] GC(5) User=0.01s Sys=0.00s Real=0.00s
[2022-08-08T14:26:26.204+0530][gc,heap,exit  ] Heap
[2022-08-08T14:26:26.205+0530][gc,heap,exit  ]  garbage-first heap   total 524288K, used 73514K [0x00000000e0000000, 0x0000000100000000)
[2022-08-08T14:26:26.205+0530][gc,heap,exit  ]   region size 1024K, 12 young (12288K), 3 survivors (3072K)
[2022-08-08T14:26:26.205+0530][gc,heap,exit  ]  Metaspace       used 20809K, capacity 21296K, committed 21552K, reserved 1069056K
[2022-08-08T14:26:26.205+0530][gc,heap,exit  ]   class space    used 2446K, capacity 2655K, committed 2688K, reserved 1048576K
