[2022-08-07T19:13:12.476+0530][gc,heap] Heap region size: 1M
[2022-08-07T19:13:12.487+0530][gc     ] Using G1
[2022-08-07T19:13:12.487+0530][gc,heap,coops] Heap address: 0x00000000e0000000, size: 512 MB, Compressed Oops mode: 32-bit
[2022-08-07T19:13:12.488+0530][gc,cds       ] Mark closed archive regions in map: [0x00000000fff00000, 0x00000000fff6aff8]
[2022-08-07T19:13:12.488+0530][gc,cds       ] Mark open archive regions in map: [0x00000000ffe00000, 0x00000000ffe47ff8]
[2022-08-07T19:13:13.226+0530][gc,start     ] GC(0) Pause Young (Normal) (G1 Evacuation Pause)
[2022-08-07T19:13:13.227+0530][gc,task      ] GC(0) Using 8 workers of 8 for evacuation
[2022-08-07T19:13:13.240+0530][gc,phases    ] GC(0)   Pre Evacuate Collection Set: 0.0ms
[2022-08-07T19:13:13.240+0530][gc,phases    ] GC(0)   Evacuate Collection Set: 12.3ms
[2022-08-07T19:13:13.240+0530][gc,phases    ] GC(0)   Post Evacuate Collection Set: 0.5ms
[2022-08-07T19:13:13.240+0530][gc,phases    ] GC(0)   Other: 1.0ms
[2022-08-07T19:13:13.240+0530][gc,heap      ] GC(0) Eden regions: 25->0(21)
[2022-08-07T19:13:13.240+0530][gc,heap      ] GC(0) Survivor regions: 0->4(4)
[2022-08-07T19:13:13.240+0530][gc,heap      ] GC(0) Old regions: 2->5
[2022-08-07T19:13:13.240+0530][gc,heap      ] GC(0) Humongous regions: 0->0
[2022-08-07T19:13:13.240+0530][gc,metaspace ] GC(0) Metaspace: 7694K->7694K(1056768K)
[2022-08-07T19:13:13.240+0530][gc           ] GC(0) Pause Young (Normal) (G1 Evacuation Pause) 25M->7M(512M) 14.013ms
[2022-08-07T19:13:13.240+0530][gc,cpu       ] GC(0) User=0.07s Sys=0.01s Real=0.01s
[2022-08-07T19:13:13.559+0530][gc,start     ] GC(1) Pause Young (Normal) (G1 Evacuation Pause)
[2022-08-07T19:13:13.560+0530][gc,task      ] GC(1) Using 8 workers of 8 for evacuation
[2022-08-07T19:13:13.576+0530][gc,phases    ] GC(1)   Pre Evacuate Collection Set: 0.0ms
[2022-08-07T19:13:13.576+0530][gc,phases    ] GC(1)   Evacuate Collection Set: 9.6ms
[2022-08-07T19:13:13.576+0530][gc,phases    ] GC(1)   Post Evacuate Collection Set: 6.9ms
[2022-08-07T19:13:13.576+0530][gc,phases    ] GC(1)   Other: 0.2ms
[2022-08-07T19:13:13.576+0530][gc,heap      ] GC(1) Eden regions: 21->0(23)
[2022-08-07T19:13:13.576+0530][gc,heap      ] GC(1) Survivor regions: 4->2(4)
[2022-08-07T19:13:13.576+0530][gc,heap      ] GC(1) Old regions: 5->9
[2022-08-07T19:13:13.576+0530][gc,heap      ] GC(1) Humongous regions: 0->0
[2022-08-07T19:13:13.576+0530][gc,metaspace ] GC(1) Metaspace: 11965K->11965K(1060864K)
[2022-08-07T19:13:13.576+0530][gc           ] GC(1) Pause Young (Normal) (G1 Evacuation Pause) 28M->8M(512M) 16.871ms
[2022-08-07T19:13:13.576+0530][gc,cpu       ] GC(1) User=0.11s Sys=0.01s Real=0.02s
[2022-08-07T20:29:59.498+0530][gc,start     ] GC(2) Pause Young (Normal) (G1 Evacuation Pause)
[2022-08-07T20:29:59.498+0530][gc,task      ] GC(2) Using 8 workers of 8 for evacuation
[2022-08-07T20:29:59.501+0530][gc,phases    ] GC(2)   Pre Evacuate Collection Set: 0.0ms
[2022-08-07T20:29:59.501+0530][gc,phases    ] GC(2)   Evacuate Collection Set: 2.8ms
[2022-08-07T20:29:59.501+0530][gc,phases    ] GC(2)   Post Evacuate Collection Set: 0.4ms
[2022-08-07T20:29:59.501+0530][gc,phases    ] GC(2)   Other: 0.1ms
[2022-08-07T20:29:59.501+0530][gc,heap      ] GC(2) Eden regions: 23->0(21)
[2022-08-07T20:29:59.501+0530][gc,heap      ] GC(2) Survivor regions: 2->4(4)
[2022-08-07T20:29:59.501+0530][gc,heap      ] GC(2) Old regions: 9->9
[2022-08-07T20:29:59.501+0530][gc,heap      ] GC(2) Humongous regions: 0->0
[2022-08-07T20:29:59.501+0530][gc,metaspace ] GC(2) Metaspace: 17086K->17086K(1064960K)
[2022-08-07T20:29:59.501+0530][gc           ] GC(2) Pause Young (Normal) (G1 Evacuation Pause) 31M->10M(512M) 3.418ms
[2022-08-07T20:29:59.501+0530][gc,cpu       ] GC(2) User=0.02s Sys=0.00s Real=0.00s
[2022-08-07T20:31:20.364+0530][gc,start     ] GC(3) Pause Young (Concurrent Start) (Metadata GC Threshold)
[2022-08-07T20:31:20.364+0530][gc,task      ] GC(3) Using 8 workers of 8 for evacuation
[2022-08-07T20:31:20.369+0530][gc,phases    ] GC(3)   Pre Evacuate Collection Set: 0.0ms
[2022-08-07T20:31:20.369+0530][gc,phases    ] GC(3)   Evacuate Collection Set: 3.4ms
[2022-08-07T20:31:20.369+0530][gc,phases    ] GC(3)   Post Evacuate Collection Set: 1.4ms
[2022-08-07T20:31:20.369+0530][gc,phases    ] GC(3)   Other: 0.1ms
[2022-08-07T20:31:20.369+0530][gc,heap      ] GC(3) Eden regions: 19->0(21)
[2022-08-07T20:31:20.369+0530][gc,heap      ] GC(3) Survivor regions: 4->4(4)
[2022-08-07T20:31:20.369+0530][gc,heap      ] GC(3) Old regions: 9->11
[2022-08-07T20:31:20.369+0530][gc,heap      ] GC(3) Humongous regions: 85->85
[2022-08-07T20:31:20.369+0530][gc,metaspace ] GC(3) Metaspace: 20462K->20462K(1069056K)
[2022-08-07T20:31:20.369+0530][gc           ] GC(3) Pause Young (Concurrent Start) (Metadata GC Threshold) 114M->98M(512M) 5.021ms
[2022-08-07T20:31:20.369+0530][gc,cpu       ] GC(3) User=0.02s Sys=0.00s Real=0.00s
[2022-08-07T20:31:20.369+0530][gc           ] GC(4) Concurrent Cycle
[2022-08-07T20:31:20.369+0530][gc,marking   ] GC(4) Concurrent Clear Claimed Marks
[2022-08-07T20:31:20.369+0530][gc,marking   ] GC(4) Concurrent Clear Claimed Marks 0.020ms
[2022-08-07T20:31:20.369+0530][gc,marking   ] GC(4) Concurrent Scan Root Regions
[2022-08-07T20:31:20.371+0530][gc,marking   ] GC(4) Concurrent Scan Root Regions 1.077ms
[2022-08-07T20:31:20.371+0530][gc,marking   ] GC(4) Concurrent Mark (4687.920s)
[2022-08-07T20:31:20.371+0530][gc,marking   ] GC(4) Concurrent Mark From Roots
[2022-08-07T20:31:20.371+0530][gc,task      ] GC(4) Using 2 workers of 2 for marking
[2022-08-07T20:31:20.376+0530][gc,marking   ] GC(4) Concurrent Mark From Roots 5.587ms
[2022-08-07T20:31:20.376+0530][gc,marking   ] GC(4) Concurrent Preclean
[2022-08-07T20:31:20.376+0530][gc,marking   ] GC(4) Concurrent Preclean 0.217ms
[2022-08-07T20:31:20.376+0530][gc,marking   ] GC(4) Concurrent Mark (4687.920s, 4687.926s) 5.859ms
[2022-08-07T20:31:20.377+0530][gc,start     ] GC(4) Pause Remark
[2022-08-07T20:31:20.379+0530][gc,stringtable] GC(4) Cleaned string and symbol table, strings: 8582 processed, 217 removed, symbols: 53569 processed, 37 removed
[2022-08-07T20:31:20.379+0530][gc            ] GC(4) Pause Remark 98M->98M(512M) 2.652ms
[2022-08-07T20:31:20.379+0530][gc,cpu        ] GC(4) User=0.01s Sys=0.00s Real=0.00s
[2022-08-07T20:31:20.379+0530][gc,marking    ] GC(4) Concurrent Rebuild Remembered Sets
[2022-08-07T20:31:20.382+0530][gc,marking    ] GC(4) Concurrent Rebuild Remembered Sets 2.817ms
[2022-08-07T20:31:20.382+0530][gc,start      ] GC(4) Pause Cleanup
[2022-08-07T20:31:20.382+0530][gc            ] GC(4) Pause Cleanup 98M->98M(512M) 0.115ms
[2022-08-07T20:31:20.382+0530][gc,cpu        ] GC(4) User=0.01s Sys=0.00s Real=0.00s
[2022-08-07T20:31:20.382+0530][gc,marking    ] GC(4) Concurrent Cleanup for Next Mark
[2022-08-07T20:31:20.384+0530][gc,marking    ] GC(4) Concurrent Cleanup for Next Mark 1.632ms
[2022-08-07T20:31:20.384+0530][gc            ] GC(4) Concurrent Cycle 14.603ms
[2022-08-07T22:24:45.724+0530][gc,start      ] GC(5) Pause Young (Normal) (G1 Evacuation Pause)
[2022-08-07T22:24:45.724+0530][gc,task       ] GC(5) Using 8 workers of 8 for evacuation
[2022-08-07T22:24:45.735+0530][gc,phases     ] GC(5)   Pre Evacuate Collection Set: 0.0ms
[2022-08-07T22:24:45.735+0530][gc,phases     ] GC(5)   Evacuate Collection Set: 10.3ms
[2022-08-07T22:24:45.735+0530][gc,phases     ] GC(5)   Post Evacuate Collection Set: 0.3ms
[2022-08-07T22:24:45.735+0530][gc,phases     ] GC(5)   Other: 0.1ms
[2022-08-07T22:24:45.735+0530][gc,heap       ] GC(5) Eden regions: 21->0(24)
[2022-08-07T22:24:45.735+0530][gc,heap       ] GC(5) Survivor regions: 4->1(4)
[2022-08-07T22:24:45.735+0530][gc,heap       ] GC(5) Old regions: 11->15
[2022-08-07T22:24:45.735+0530][gc,heap       ] GC(5) Humongous regions: 85->85
[2022-08-07T22:24:45.735+0530][gc,metaspace  ] GC(5) Metaspace: 21741K->21741K(1069056K)
[2022-08-07T22:24:45.735+0530][gc            ] GC(5) Pause Young (Normal) (G1 Evacuation Pause) 119M->99M(512M) 10.873ms
[2022-08-07T22:24:45.735+0530][gc,cpu        ] GC(5) User=0.03s Sys=0.00s Real=0.00s
[2022-08-08T07:04:09.234+0530][gc,start      ] GC(6) Pause Young (Normal) (G1 Evacuation Pause)
[2022-08-08T07:04:09.234+0530][gc,task       ] GC(6) Using 8 workers of 8 for evacuation
[2022-08-08T07:04:09.238+0530][gc,phases     ] GC(6)   Pre Evacuate Collection Set: 0.0ms
[2022-08-08T07:04:09.238+0530][gc,phases     ] GC(6)   Evacuate Collection Set: 3.0ms
[2022-08-08T07:04:09.238+0530][gc,phases     ] GC(6)   Post Evacuate Collection Set: 0.9ms
[2022-08-08T07:04:09.238+0530][gc,phases     ] GC(6)   Other: 0.3ms
[2022-08-08T07:04:09.238+0530][gc,heap       ] GC(6) Eden regions: 24->0(23)
[2022-08-08T07:04:09.238+0530][gc,heap       ] GC(6) Survivor regions: 1->2(4)
[2022-08-08T07:04:09.238+0530][gc,heap       ] GC(6) Old regions: 15->15
[2022-08-08T07:04:09.238+0530][gc,heap       ] GC(6) Humongous regions: 85->85
[2022-08-08T07:04:09.238+0530][gc,metaspace  ] GC(6) Metaspace: 22105K->22105K(1069056K)
[2022-08-08T07:04:09.238+0530][gc            ] GC(6) Pause Young (Normal) (G1 Evacuation Pause) 123M->100M(512M) 4.196ms
[2022-08-08T07:04:09.238+0530][gc,cpu        ] GC(6) User=0.03s Sys=0.00s Real=0.01s
[2022-08-08T08:31:34.661+0530][gc,start      ] GC(7) Pause Young (Normal) (G1 Evacuation Pause)
[2022-08-08T08:31:34.661+0530][gc,task       ] GC(7) Using 8 workers of 8 for evacuation
[2022-08-08T08:31:34.666+0530][gc,phases     ] GC(7)   Pre Evacuate Collection Set: 0.0ms
[2022-08-08T08:31:34.666+0530][gc,phases     ] GC(7)   Evacuate Collection Set: 3.6ms
[2022-08-08T08:31:34.666+0530][gc,phases     ] GC(7)   Post Evacuate Collection Set: 0.9ms
[2022-08-08T08:31:34.666+0530][gc,phases     ] GC(7)   Other: 0.4ms
[2022-08-08T08:31:34.666+0530][gc,heap       ] GC(7) Eden regions: 23->0(24)
[2022-08-08T08:31:34.666+0530][gc,heap       ] GC(7) Survivor regions: 2->2(4)
[2022-08-08T08:31:34.666+0530][gc,heap       ] GC(7) Old regions: 15->15
[2022-08-08T08:31:34.666+0530][gc,heap       ] GC(7) Humongous regions: 85->85
[2022-08-08T08:31:34.666+0530][gc,metaspace  ] GC(7) Metaspace: 22109K->22109K(1069056K)
[2022-08-08T08:31:34.666+0530][gc            ] GC(7) Pause Young (Normal) (G1 Evacuation Pause) 123M->100M(512M) 5.124ms
[2022-08-08T08:31:34.666+0530][gc,cpu        ] GC(7) User=0.03s Sys=0.00s Real=0.01s
[2022-08-08T13:20:00.435+0530][gc,start      ] GC(8) Pause Young (Normal) (G1 Evacuation Pause)
[2022-08-08T13:20:00.435+0530][gc,task       ] GC(8) Using 8 workers of 8 for evacuation
[2022-08-08T13:20:00.437+0530][gc,phases     ] GC(8)   Pre Evacuate Collection Set: 0.0ms
[2022-08-08T13:20:00.437+0530][gc,phases     ] GC(8)   Evacuate Collection Set: 1.2ms
[2022-08-08T13:20:00.437+0530][gc,phases     ] GC(8)   Post Evacuate Collection Set: 1.0ms
[2022-08-08T13:20:00.437+0530][gc,phases     ] GC(8)   Other: 0.1ms
[2022-08-08T13:20:00.437+0530][gc,heap       ] GC(8) Eden regions: 24->0(28)
[2022-08-08T13:20:00.437+0530][gc,heap       ] GC(8) Survivor regions: 2->2(4)
[2022-08-08T13:20:00.437+0530][gc,heap       ] GC(8) Old regions: 15->15
[2022-08-08T13:20:00.437+0530][gc,heap       ] GC(8) Humongous regions: 85->85
[2022-08-08T13:20:00.437+0530][gc,metaspace  ] GC(8) Metaspace: 22149K->22149K(1069056K)
[2022-08-08T13:20:00.437+0530][gc            ] GC(8) Pause Young (Normal) (G1 Evacuation Pause) 124M->100M(512M) 2.454ms
[2022-08-08T13:20:00.437+0530][gc,cpu        ] GC(8) User=0.02s Sys=0.00s Real=0.01s
[2022-08-08T14:04:53.822+0530][gc,start      ] GC(9) Pause Young (Normal) (G1 Evacuation Pause)
[2022-08-08T14:04:53.822+0530][gc,task       ] GC(9) Using 8 workers of 8 for evacuation
[2022-08-08T14:04:53.830+0530][gc,phases     ] GC(9)   Pre Evacuate Collection Set: 0.0ms
[2022-08-08T14:04:53.830+0530][gc,phases     ] GC(9)   Evacuate Collection Set: 5.8ms
[2022-08-08T14:04:53.831+0530][gc,phases     ] GC(9)   Post Evacuate Collection Set: 2.7ms
[2022-08-08T14:04:53.831+0530][gc,phases     ] GC(9)   Other: 0.4ms
[2022-08-08T14:04:53.831+0530][gc,heap       ] GC(9) Eden regions: 28->0(30)
[2022-08-08T14:04:53.831+0530][gc,heap       ] GC(9) Survivor regions: 2->4(4)
[2022-08-08T14:04:53.831+0530][gc,heap       ] GC(9) Old regions: 15->15
[2022-08-08T14:04:53.831+0530][gc,heap       ] GC(9) Humongous regions: 85->85
[2022-08-08T14:04:53.831+0530][gc,metaspace  ] GC(9) Metaspace: 22280K->22280K(1069056K)
[2022-08-08T14:04:53.831+0530][gc            ] GC(9) Pause Young (Normal) (G1 Evacuation Pause) 128M->102M(512M) 9.031ms
[2022-08-08T14:04:53.831+0530][gc,cpu        ] GC(9) User=0.04s Sys=0.01s Real=0.01s
[2022-08-08T14:08:10.364+0530][gc,start      ] GC(10) Pause Young (Normal) (G1 Evacuation Pause)
[2022-08-08T14:08:10.364+0530][gc,task       ] GC(10) Using 8 workers of 8 for evacuation
[2022-08-08T14:08:10.371+0530][gc,phases     ] GC(10)   Pre Evacuate Collection Set: 0.0ms
[2022-08-08T14:08:10.371+0530][gc,phases     ] GC(10)   Evacuate Collection Set: 5.6ms
[2022-08-08T14:08:10.371+0530][gc,phases     ] GC(10)   Post Evacuate Collection Set: 0.9ms
[2022-08-08T14:08:10.371+0530][gc,phases     ] GC(10)   Other: 0.4ms
[2022-08-08T14:08:10.371+0530][gc,heap       ] GC(10) Eden regions: 30->0(34)
[2022-08-08T14:08:10.371+0530][gc,heap       ] GC(10) Survivor regions: 4->3(5)
[2022-08-08T14:08:10.371+0530][gc,heap       ] GC(10) Old regions: 15->17
[2022-08-08T14:08:10.372+0530][gc,heap       ] GC(10) Humongous regions: 85->85
[2022-08-08T14:08:10.372+0530][gc,metaspace  ] GC(10) Metaspace: 22513K->22513K(1071104K)
[2022-08-08T14:08:10.372+0530][gc            ] GC(10) Pause Young (Normal) (G1 Evacuation Pause) 132M->102M(512M) 7.199ms
[2022-08-08T14:08:10.372+0530][gc,cpu        ] GC(10) User=0.04s Sys=0.00s Real=0.00s
[2022-08-08T14:11:35.948+0530][gc,start      ] GC(11) Pause Young (Normal) (G1 Evacuation Pause)
[2022-08-08T14:11:35.948+0530][gc,task       ] GC(11) Using 8 workers of 8 for evacuation
[2022-08-08T14:11:35.955+0530][gc,phases     ] GC(11)   Pre Evacuate Collection Set: 0.0ms
[2022-08-08T14:11:35.955+0530][gc,phases     ] GC(11)   Evacuate Collection Set: 2.9ms
[2022-08-08T14:11:35.955+0530][gc,phases     ] GC(11)   Post Evacuate Collection Set: 3.4ms
[2022-08-08T14:11:35.955+0530][gc,phases     ] GC(11)   Other: 0.4ms
[2022-08-08T14:11:35.955+0530][gc,heap       ] GC(11) Eden regions: 34->0(39)
[2022-08-08T14:11:35.955+0530][gc,heap       ] GC(11) Survivor regions: 3->3(5)
[2022-08-08T14:11:35.955+0530][gc,heap       ] GC(11) Old regions: 17->17
[2022-08-08T14:11:35.955+0530][gc,heap       ] GC(11) Humongous regions: 85->85
[2022-08-08T14:11:35.955+0530][gc,metaspace  ] GC(11) Metaspace: 22650K->22650K(1071104K)
[2022-08-08T14:11:35.955+0530][gc            ] GC(11) Pause Young (Normal) (G1 Evacuation Pause) 136M->102M(512M) 7.029ms
[2022-08-08T14:11:35.955+0530][gc,cpu        ] GC(11) User=0.03s Sys=0.01s Real=0.01s
[2022-08-08T14:20:47.643+0530][gc,start      ] GC(12) Pause Young (Normal) (G1 Evacuation Pause)
[2022-08-08T14:20:47.643+0530][gc,task       ] GC(12) Using 8 workers of 8 for evacuation
[2022-08-08T14:20:47.647+0530][gc,phases     ] GC(12)   Pre Evacuate Collection Set: 0.0ms
[2022-08-08T14:20:47.647+0530][gc,phases     ] GC(12)   Evacuate Collection Set: 3.0ms
[2022-08-08T14:20:47.647+0530][gc,phases     ] GC(12)   Post Evacuate Collection Set: 0.8ms
[2022-08-08T14:20:47.647+0530][gc,phases     ] GC(12)   Other: 0.4ms
[2022-08-08T14:20:47.647+0530][gc,heap       ] GC(12) Eden regions: 39->0(53)
[2022-08-08T14:20:47.647+0530][gc,heap       ] GC(12) Survivor regions: 3->3(6)
[2022-08-08T14:20:47.647+0530][gc,heap       ] GC(12) Old regions: 17->17
[2022-08-08T14:20:47.647+0530][gc,heap       ] GC(12) Humongous regions: 85->85
[2022-08-08T14:20:47.647+0530][gc,metaspace  ] GC(12) Metaspace: 22650K->22650K(1071104K)
[2022-08-08T14:20:47.647+0530][gc            ] GC(12) Pause Young (Normal) (G1 Evacuation Pause) 141M->102M(512M) 4.471ms
[2022-08-08T14:20:47.647+0530][gc,cpu        ] GC(12) User=0.02s Sys=0.01s Real=0.01s
[2022-08-08T14:22:28.626+0530][gc,heap,exit  ] Heap
[2022-08-08T14:22:28.627+0530][gc,heap,exit  ]  garbage-first heap   total 524288K, used 136865K [0x00000000e0000000, 0x0000000100000000)
[2022-08-08T14:22:28.627+0530][gc,heap,exit  ]   region size 1024K, 35 young (35840K), 3 survivors (3072K)
[2022-08-08T14:22:28.627+0530][gc,heap,exit  ]  Metaspace       used 22655K, capacity 23143K, committed 23424K, reserved 1071104K
[2022-08-08T14:22:28.627+0530][gc,heap,exit  ]   class space    used 2473K, capacity 2635K, committed 2688K, reserved 1048576K
