[2022-08-06T21:24:26.596+0530][gc,heap] Heap region size: 1M
[2022-08-06T21:24:26.602+0530][gc     ] Using G1
[2022-08-06T21:24:26.602+0530][gc,heap,coops] Heap address: 0x00000000e0000000, size: 512 MB, Compressed Oops mode: 32-bit
[2022-08-06T21:24:26.602+0530][gc,cds       ] Mark closed archive regions in map: [0x00000000fff00000, 0x00000000fff6aff8]
[2022-08-06T21:24:26.602+0530][gc,cds       ] Mark open archive regions in map: [0x00000000ffe00000, 0x00000000ffe47ff8]
[2022-08-06T21:24:26.876+0530][gc,heap,exit ] Heap
[2022-08-06T21:24:26.876+0530][gc,heap,exit ]  garbage-first heap   total 524288K, used 17100K [0x00000000e0000000, 0x0000000100000000)
[2022-08-06T21:24:26.876+0530][gc,heap,exit ]   region size 1024K, 17 young (17408K), 0 survivors (0K)
[2022-08-06T21:24:26.876+0530][gc,heap,exit ]  Metaspace       used 6219K, capacity 6505K, committed 6784K, reserved 1056768K
[2022-08-06T21:24:26.876+0530][gc,heap,exit ]   class space    used 711K, capacity 817K, committed 896K, reserved 1048576K
