[2022-08-06T22:34:28.088+0530][gc,heap] Heap region size: 1M
[2022-08-06T22:34:28.093+0530][gc     ] Using G1
[2022-08-06T22:34:28.093+0530][gc,heap,coops] Heap address: 0x00000000e0000000, size: 512 MB, Compressed Oops mode: 32-bit
[2022-08-06T22:34:28.094+0530][gc,cds       ] Mark closed archive regions in map: [0x00000000fff00000, 0x00000000fff6aff8]
[2022-08-06T22:34:28.094+0530][gc,cds       ] Mark open archive regions in map: [0x00000000ffe00000, 0x00000000ffe47ff8]
[2022-08-06T22:34:28.799+0530][gc,start     ] GC(0) Pause Young (Normal) (G1 Evacuation Pause)
[2022-08-06T22:34:28.800+0530][gc,task      ] GC(0) Using 8 workers of 8 for evacuation
[2022-08-06T22:34:28.807+0530][gc,phases    ] GC(0)   Pre Evacuate Collection Set: 0.0ms
[2022-08-06T22:34:28.807+0530][gc,phases    ] GC(0)   Evacuate Collection Set: 7.0ms
[2022-08-06T22:34:28.807+0530][gc,phases    ] GC(0)   Post Evacuate Collection Set: 0.3ms
[2022-08-06T22:34:28.807+0530][gc,phases    ] GC(0)   Other: 0.7ms
[2022-08-06T22:34:28.807+0530][gc,heap      ] GC(0) Eden regions: 25->0(21)
[2022-08-06T22:34:28.807+0530][gc,heap      ] GC(0) Survivor regions: 0->4(4)
[2022-08-06T22:34:28.807+0530][gc,heap      ] GC(0) Old regions: 2->5
[2022-08-06T22:34:28.807+0530][gc,heap      ] GC(0) Humongous regions: 0->0
[2022-08-06T22:34:28.807+0530][gc,metaspace ] GC(0) Metaspace: 7737K->7737K(1056768K)
[2022-08-06T22:34:28.807+0530][gc           ] GC(0) Pause Young (Normal) (G1 Evacuation Pause) 25M->7M(512M) 8.056ms
[2022-08-06T22:34:28.807+0530][gc,cpu       ] GC(0) User=0.06s Sys=0.00s Real=0.01s
[2022-08-06T22:49:10.924+0530][gc,start     ] GC(1) Pause Young (Normal) (G1 Evacuation Pause)
[2022-08-06T22:49:10.924+0530][gc,task      ] GC(1) Using 8 workers of 8 for evacuation
[2022-08-06T22:49:10.929+0530][gc,phases    ] GC(1)   Pre Evacuate Collection Set: 0.0ms
[2022-08-06T22:49:10.929+0530][gc,phases    ] GC(1)   Evacuate Collection Set: 4.7ms
[2022-08-06T22:49:10.929+0530][gc,phases    ] GC(1)   Post Evacuate Collection Set: 0.5ms
[2022-08-06T22:49:10.930+0530][gc,phases    ] GC(1)   Other: 0.1ms
[2022-08-06T22:49:10.930+0530][gc,heap      ] GC(1) Eden regions: 21->0(23)
[2022-08-06T22:49:10.930+0530][gc,heap      ] GC(1) Survivor regions: 4->2(4)
[2022-08-06T22:49:10.930+0530][gc,heap      ] GC(1) Old regions: 5->9
[2022-08-06T22:49:10.930+0530][gc,heap      ] GC(1) Humongous regions: 0->0
[2022-08-06T22:49:10.930+0530][gc,metaspace ] GC(1) Metaspace: 11491K->11491K(1060864K)
[2022-08-06T22:49:10.930+0530][gc           ] GC(1) Pause Young (Normal) (G1 Evacuation Pause) 28M->8M(512M) 5.401ms
[2022-08-06T22:49:10.930+0530][gc,cpu       ] GC(1) User=0.03s Sys=0.00s Real=0.00s
[2022-08-06T23:07:16.278+0530][gc,start     ] GC(2) Pause Young (Normal) (G1 Evacuation Pause)
[2022-08-06T23:07:16.278+0530][gc,task      ] GC(2) Using 8 workers of 8 for evacuation
[2022-08-06T23:07:16.280+0530][gc,phases    ] GC(2)   Pre Evacuate Collection Set: 0.0ms
[2022-08-06T23:07:16.280+0530][gc,phases    ] GC(2)   Evacuate Collection Set: 1.0ms
[2022-08-06T23:07:16.280+0530][gc,phases    ] GC(2)   Post Evacuate Collection Set: 0.8ms
[2022-08-06T23:07:16.280+0530][gc,phases    ] GC(2)   Other: 0.1ms
[2022-08-06T23:07:16.280+0530][gc,heap      ] GC(2) Eden regions: 23->0(23)
[2022-08-06T23:07:16.280+0530][gc,heap      ] GC(2) Survivor regions: 2->2(4)
[2022-08-06T23:07:16.280+0530][gc,heap      ] GC(2) Old regions: 9->9
[2022-08-06T23:07:16.280+0530][gc,heap      ] GC(2) Humongous regions: 0->0
[2022-08-06T23:07:16.280+0530][gc,metaspace ] GC(2) Metaspace: 15717K->15717K(1064960K)
[2022-08-06T23:07:16.280+0530][gc           ] GC(2) Pause Young (Normal) (G1 Evacuation Pause) 31M->9M(512M) 1.996ms
[2022-08-06T23:07:16.280+0530][gc,cpu       ] GC(2) User=0.01s Sys=0.00s Real=0.00s
[2022-08-07T13:24:15.928+0530][gc,start     ] GC(3) Pause Young (Normal) (G1 Evacuation Pause)
[2022-08-07T13:24:15.928+0530][gc,task      ] GC(3) Using 8 workers of 8 for evacuation
[2022-08-07T13:24:15.973+0530][gc,mmu       ] GC(3) MMU target violated: 21.0ms (20.0ms/21.0ms)
[2022-08-07T13:24:15.973+0530][gc,phases    ] GC(3)   Pre Evacuate Collection Set: 0.0ms
[2022-08-07T13:24:15.973+0530][gc,phases    ] GC(3)   Evacuate Collection Set: 41.6ms
[2022-08-07T13:24:15.973+0530][gc,phases    ] GC(3)   Post Evacuate Collection Set: 2.7ms
[2022-08-07T13:24:15.973+0530][gc,phases    ] GC(3)   Other: 0.4ms
[2022-08-07T13:24:15.973+0530][gc,heap      ] GC(3) Eden regions: 23->0(22)
[2022-08-07T13:24:15.973+0530][gc,heap      ] GC(3) Survivor regions: 2->3(4)
[2022-08-07T13:24:15.973+0530][gc,heap      ] GC(3) Old regions: 9->9
[2022-08-07T13:24:15.973+0530][gc,heap      ] GC(3) Humongous regions: 0->0
[2022-08-07T13:24:15.973+0530][gc,metaspace ] GC(3) Metaspace: 16657K->16657K(1064960K)
[2022-08-07T13:24:15.973+0530][gc           ] GC(3) Pause Young (Normal) (G1 Evacuation Pause) 32M->9M(512M) 44.802ms
[2022-08-07T13:24:15.973+0530][gc,cpu       ] GC(3) User=0.11s Sys=0.00s Real=0.04s
[2022-08-07T16:11:59.940+0530][gc,heap,exit ] Heap
[2022-08-07T16:11:59.940+0530][gc,heap,exit ]  garbage-first heap   total 524288K, used 25308K [0x00000000e0000000, 0x0000000100000000)
[2022-08-07T16:11:59.940+0530][gc,heap,exit ]   region size 1024K, 19 young (19456K), 3 survivors (3072K)
[2022-08-07T16:11:59.940+0530][gc,heap,exit ]  Metaspace       used 16675K, capacity 17154K, committed 17408K, reserved 1064960K
[2022-08-07T16:11:59.940+0530][gc,heap,exit ]   class space    used 1845K, capacity 2027K, committed 2048K, reserved 1048576K
