[2022-08-06T21:23:17.864+0530][gc,heap] Heap region size: 1M
[2022-08-06T21:23:17.869+0530][gc     ] Using G1
[2022-08-06T21:23:17.869+0530][gc,heap,coops] Heap address: 0x00000000e0000000, size: 512 MB, Compressed Oops mode: 32-bit
[2022-08-06T21:23:17.869+0530][gc,cds       ] Mark closed archive regions in map: [0x00000000fff00000, 0x00000000fff6aff8]
[2022-08-06T21:23:17.869+0530][gc,cds       ] Mark open archive regions in map: [0x00000000ffe00000, 0x00000000ffe47ff8]
[2022-08-06T21:23:18.410+0530][gc,start     ] GC(0) Pause Young (Normal) (G1 Evacuation Pause)
[2022-08-06T21:23:18.411+0530][gc,task      ] GC(0) Using 8 workers of 8 for evacuation
[2022-08-06T21:23:18.417+0530][gc,phases    ] GC(0)   Pre Evacuate Collection Set: 0.0ms
[2022-08-06T21:23:18.417+0530][gc,phases    ] GC(0)   Evacuate Collection Set: 6.4ms
[2022-08-06T21:23:18.417+0530][gc,phases    ] GC(0)   Post Evacuate Collection Set: 0.3ms
[2022-08-06T21:23:18.417+0530][gc,phases    ] GC(0)   Other: 0.7ms
[2022-08-06T21:23:18.417+0530][gc,heap      ] GC(0) Eden regions: 25->0(21)
[2022-08-06T21:23:18.417+0530][gc,heap      ] GC(0) Survivor regions: 0->4(4)
[2022-08-06T21:23:18.417+0530][gc,heap      ] GC(0) Old regions: 2->6
[2022-08-06T21:23:18.417+0530][gc,heap      ] GC(0) Humongous regions: 0->0
[2022-08-06T21:23:18.417+0530][gc,metaspace ] GC(0) Metaspace: 7758K->7758K(1056768K)
[2022-08-06T21:23:18.417+0530][gc           ] GC(0) Pause Young (Normal) (G1 Evacuation Pause) 25M->7M(512M) 7.357ms
[2022-08-06T21:23:18.417+0530][gc,cpu       ] GC(0) User=0.04s Sys=0.01s Real=0.01s
[2022-08-06T21:24:22.205+0530][gc,heap,exit ] Heap
[2022-08-06T21:24:22.205+0530][gc,heap,exit ]  garbage-first heap   total 524288K, used 22295K [0x00000000e0000000, 0x0000000100000000)
[2022-08-06T21:24:22.205+0530][gc,heap,exit ]   region size 1024K, 20 young (20480K), 4 survivors (4096K)
[2022-08-06T21:24:22.205+0530][gc,heap,exit ]  Metaspace       used 10682K, capacity 11086K, committed 11136K, reserved 1058816K
[2022-08-06T21:24:22.205+0530][gc,heap,exit ]   class space    used 1223K, capacity 1387K, committed 1408K, reserved 1048576K
